Archive member included to satisfy reference by file (symbol)

C:/Users/danni/.pico-sdk/toolchain/14_2_Rel1/bin/../lib/gcc/arm-none-eabi/14.2.1/thumb/v6-m/nofp\libgcc.a(_dvmd_tls.o)
                              CMakeFiles/LibraryAccessControl.dir/C_/Users/danni/.pico-sdk/sdk/2.1.1/src/rp2_common/pico_divider/divider_hardware.S.obj (__aeabi_idiv0)
C:/Users/danni/.pico-sdk/toolchain/14_2_Rel1/bin/../lib/gcc/arm-none-eabi/14.2.1/thumb/v6-m/nofp\libg.a(libc_a-calloc.o)
                              CMakeFiles/LibraryAccessControl.dir/C_/Users/danni/.pico-sdk/sdk/2.1.1/src/rp2_common/pico_malloc/malloc.c.obj (calloc)
C:/Users/danni/.pico-sdk/toolchain/14_2_Rel1/bin/../lib/gcc/arm-none-eabi/14.2.1/thumb/v6-m/nofp\libg.a(libc_a-callocr.o)
                              C:/Users/danni/.pico-sdk/toolchain/14_2_Rel1/bin/../lib/gcc/arm-none-eabi/14.2.1/thumb/v6-m/nofp\libg.a(libc_a-calloc.o) (_calloc_r)
C:/Users/danni/.pico-sdk/toolchain/14_2_Rel1/bin/../lib/gcc/arm-none-eabi/14.2.1/thumb/v6-m/nofp\libg.a(libc_a-malloc.o)
                              CMakeFiles/LibraryAccessControl.dir/C_/Users/danni/.pico-sdk/sdk/2.1.1/src/rp2_common/pico_malloc/malloc.c.obj (malloc)
C:/Users/danni/.pico-sdk/toolchain/14_2_Rel1/bin/../lib/gcc/arm-none-eabi/14.2.1/thumb/v6-m/nofp\libg.a(libc_a-mallocr.o)
                              C:/Users/danni/.pico-sdk/toolchain/14_2_Rel1/bin/../lib/gcc/arm-none-eabi/14.2.1/thumb/v6-m/nofp\libg.a(libc_a-callocr.o) (_malloc_r)
C:/Users/danni/.pico-sdk/toolchain/14_2_Rel1/bin/../lib/gcc/arm-none-eabi/14.2.1/thumb/v6-m/nofp\libg.a(libc_a-mlock.o)
                              C:/Users/danni/.pico-sdk/toolchain/14_2_Rel1/bin/../lib/gcc/arm-none-eabi/14.2.1/thumb/v6-m/nofp\libg.a(libc_a-mallocr.o) (__malloc_lock)
C:/Users/danni/.pico-sdk/toolchain/14_2_Rel1/bin/../lib/gcc/arm-none-eabi/14.2.1/thumb/v6-m/nofp\libg.a(libc_a-realloc.o)
                              CMakeFiles/LibraryAccessControl.dir/C_/Users/danni/.pico-sdk/sdk/2.1.1/src/rp2_common/pico_malloc/malloc.c.obj (realloc)
C:/Users/danni/.pico-sdk/toolchain/14_2_Rel1/bin/../lib/gcc/arm-none-eabi/14.2.1/thumb/v6-m/nofp\libg.a(libc_a-reallocr.o)
                              C:/Users/danni/.pico-sdk/toolchain/14_2_Rel1/bin/../lib/gcc/arm-none-eabi/14.2.1/thumb/v6-m/nofp\libg.a(libc_a-realloc.o) (_realloc_r)
C:/Users/danni/.pico-sdk/toolchain/14_2_Rel1/bin/../lib/gcc/arm-none-eabi/14.2.1/thumb/v6-m/nofp\libg.a(libc_a-memcmp.o)
                              CMakeFiles/LibraryAccessControl.dir/C_/Users/danni/.pico-sdk/sdk/2.1.1/src/rp2_common/pico_atomic/atomic.c.obj (memcmp)
C:/Users/danni/.pico-sdk/toolchain/14_2_Rel1/bin/../lib/gcc/arm-none-eabi/14.2.1/thumb/v6-m/nofp\libg.a(libc_a-memmove.o)
                              C:/Users/danni/.pico-sdk/toolchain/14_2_Rel1/bin/../lib/gcc/arm-none-eabi/14.2.1/thumb/v6-m/nofp\libg.a(libc_a-reallocr.o) (memmove)
C:/Users/danni/.pico-sdk/toolchain/14_2_Rel1/bin/../lib/gcc/arm-none-eabi/14.2.1/thumb/v6-m/nofp\libg.a(libc_a-lcltime_r.o)
                              CMakeFiles/LibraryAccessControl.dir/C_/Users/danni/.pico-sdk/sdk/2.1.1/src/common/pico_util/datetime.c.obj (localtime_r)
C:/Users/danni/.pico-sdk/toolchain/14_2_Rel1/bin/../lib/gcc/arm-none-eabi/14.2.1/thumb/v6-m/nofp\libg.a(libc_a-mktime.o)
                              CMakeFiles/LibraryAccessControl.dir/C_/Users/danni/.pico-sdk/sdk/2.1.1/src/common/pico_util/datetime.c.obj (mktime)
C:/Users/danni/.pico-sdk/toolchain/14_2_Rel1/bin/../lib/gcc/arm-none-eabi/14.2.1/thumb/v6-m/nofp\libg.a(libc_a-month_lengths.o)
                              C:/Users/danni/.pico-sdk/toolchain/14_2_Rel1/bin/../lib/gcc/arm-none-eabi/14.2.1/thumb/v6-m/nofp\libg.a(libc_a-lcltime_r.o) (__month_lengths)
C:/Users/danni/.pico-sdk/toolchain/14_2_Rel1/bin/../lib/gcc/arm-none-eabi/14.2.1/thumb/v6-m/nofp\libg.a(libc_a-tzcalc_limits.o)
                              C:/Users/danni/.pico-sdk/toolchain/14_2_Rel1/bin/../lib/gcc/arm-none-eabi/14.2.1/thumb/v6-m/nofp\libg.a(libc_a-lcltime_r.o) (__tzcalc_limits)
C:/Users/danni/.pico-sdk/toolchain/14_2_Rel1/bin/../lib/gcc/arm-none-eabi/14.2.1/thumb/v6-m/nofp\libg.a(libc_a-tzlock.o)
                              C:/Users/danni/.pico-sdk/toolchain/14_2_Rel1/bin/../lib/gcc/arm-none-eabi/14.2.1/thumb/v6-m/nofp\libg.a(libc_a-lcltime_r.o) (__tz_lock)
C:/Users/danni/.pico-sdk/toolchain/14_2_Rel1/bin/../lib/gcc/arm-none-eabi/14.2.1/thumb/v6-m/nofp\libg.a(libc_a-tzset.o)
                              C:/Users/danni/.pico-sdk/toolchain/14_2_Rel1/bin/../lib/gcc/arm-none-eabi/14.2.1/thumb/v6-m/nofp\libg.a(libc_a-lcltime_r.o) (_tzset_unlocked)
C:/Users/danni/.pico-sdk/toolchain/14_2_Rel1/bin/../lib/gcc/arm-none-eabi/14.2.1/thumb/v6-m/nofp\libg.a(libc_a-tzset_r.o)
                              C:/Users/danni/.pico-sdk/toolchain/14_2_Rel1/bin/../lib/gcc/arm-none-eabi/14.2.1/thumb/v6-m/nofp\libg.a(libc_a-tzset.o) (_tzset_unlocked_r)
[...]
Memory Configuration

Name             Origin             Length             Attributes
FLASH            0x10000000         0x00200000         xr
RAM              0x20000000         0x00040000         xrw
SCRATCH_X        0x20040000         0x00001000         xrw
SCRATCH_Y        0x20041000         0x00001000         xrw
*default*        0x00000000         0xffffffff

Linker script and memory map

LOAD C:/Users/danni/.pico-sdk/toolchain/14_2_Rel1/bin/../lib/gcc/arm-none-eabi/14.2.1/thumb/v6-m/nofp/crti.o
LOAD C:/Users/danni/.pico-sdk/toolchain/14_2_Rel1/bin/../lib/gcc/arm-none-eabi/14.2.1/thumb/v6-m/nofp/crtbegin.o
LOAD C:/Users/danni/.pico-sdk/toolchain/14_2_Rel1/bin/../lib/gcc/arm-none-eabi/14.2.1/thumb/v6-m/nofp/crt0.o

.flash_begin    0x10000000        0x0
                0x10000000                        __flash_binary_start = .

.boot2          0x10000000      0x100
                0x10000000                        __boot2_start__ = .
 *(.boot2)
 .boot2         0x10000000      0x100 pico-sdk/src/rp2040/boot_stage2/CMakeFiles/bs2_default_library.dir/./bs2_default_padded_checksummed.S.obj
                0x10000100                        __boot2_end__ = .
                0x00000001                        ASSERT (((__boot2_end__ - __boot2_start__) == 0x100), ERROR: Pico second stage bootloader must be 256 bytes in size)

.text           0x10000100     0xa324
                0x10000100                        __logical_binary_start = .
 *(.vectors)
 .vectors       0x10000100       0xd4 CMakeFiles/LibraryAccessControl.dir/C_/Users/danni/.pico-sdk/sdk/2.1.1/src/rp2_common/pico_crt0/crt0.S.obj
                0x10000100                __VECTOR_TABLE
                0x10000100                __vectors
                0x100001c0                isr_invalid
                0x100001c0                __default_isrs_start
                0x100001c2                isr_nmi
                0x100001c4                isr_hardfault
                0x100001c6                isr_svcall
                0x100001c8                isr_pendsv
                0x100001ca                isr_systick
                0x100001cc                isr_irq23
                0x100001cc                isr_irq18
                0x100001cc                isr_irq11
                0x100001cc                isr_irq28
                0x100001cc                isr_irq19
                0x100001cc                isr_irq0
                0x100001cc                isr_irq6
                0x100001cc                isr_irq5
                0x100001cc                isr_irq12
                0x100001cc                isr_irq22
                0x100001cc                isr_irq31
                0x100001cc                isr_irq17
                0x100001cc                isr_irq27
                0x100001cc                isr_irq30
                0x100001cc                isr_irq2
                0x100001cc                isr_irq10
                0x100001cc                isr_irq8
                0x100001cc                isr_irq24
                0x100001cc                isr_irq1
                0x100001cc                isr_irq7
                0x100001cc                isr_irq21
                0x100001cc                isr_irq20
                0x100001cc                isr_irq15
                0x100001cc                isr_irq25
                0x100001cc                isr_irq13
                0x100001cc                __unhandled_user_irq
                0x100001cc                isr_irq4
                0x100001cc                isr_irq16
                0x100001cc                isr_irq29
                0x100001cc                isr_irq26
                0x100001cc                __default_isrs_end
                0x100001cc                isr_irq3
                0x100001cc                isr_irq14
                0x100001cc                isr_irq9
                0x100001d2                unhandled_user_irq_num_in_r0
 *(.binary_info_header)
 .binary_info_header
                0x100001d4       0x14 CMakeFiles/LibraryAccessControl.dir/C_/Users/danni/.pico-sdk/sdk/2.1.1/src/rp2_common/pico_crt0/crt0.S.obj
                0x100001e8                        __binary_info_header_end = .
 *(.embedded_block)
                0x100001e8                        __embedded_block_end = .
 *(.reset)
 .reset         0x100001e8       0x9c CMakeFiles/LibraryAccessControl.dir/C_/Users/danni/.pico-sdk/sdk/2.1.1/src/rp2_common/pico_crt0/crt0.S.obj
                0x100001e8                _entry_point
 *(.init)
 .init          0x10000284        0x4 C:/Users/danni/.pico-sdk/toolchain/14_2_Rel1/bin/../lib/gcc/arm-none-eabi/14.2.1/thumb/v6-m/nofp/crti.o
                0x10000284                _init
 *(EXCLUDE_FILE(*libm.a: *libc.a:*lib_a-mem*.o *libgcc.a:) .text*)
 .text.register_tm_clones
                0x10000288       0x28 C:/Users/danni/.pico-sdk/toolchain/14_2_Rel1/bin/../lib/gcc/arm-none-eabi/14.2.1/thumb/v6-m/nofp/crtbegin.o
 .text.frame_dummy
                0x100002b0       0x24 C:/Users/danni/.pico-sdk/toolchain/14_2_Rel1/bin/../lib/gcc/arm-none-eabi/14.2.1/thumb/v6-m/nofp/crtbegin.o
 .text.gpio_irq_handler
                0x100002d4       0x38 CMakeFiles/LibraryAccessControl.dir/LibraryAccessControl.c.obj
                0x100002d4                gpio_irq_handler
 .text.vDisplayTask
                0x1000030c       0x88 CMakeFiles/LibraryAccessControl.dir/LibraryAccessControl.c.obj
                0x1000030c                vDisplayTask
 .text.vTaskEntrada
                0x10000394       0xd0 CMakeFiles/LibraryAccessControl.dir/LibraryAccessControl.c.obj
                0x10000394                vTaskEntrada
 .text.startup.main
                0x10000464       0xe8 CMakeFiles/LibraryAccessControl.dir/LibraryAccessControl.c.obj
                0x10000464                main
 .text.ssd1306_init
                0x1000054c       0x34 CMakeFiles/LibraryAccessControl.dir/lib/ssd1306.c.obj
                0x1000054c                ssd1306_init
 .text.ssd1306_config
                0x10000580      0x1d0 CMakeFiles/LibraryAccessControl.dir/lib/ssd1306.c.obj
                0x10000580                ssd1306_config
 .text.ssd1306_send_data
                0x10000750       0x8c CMakeFiles/LibraryAccessControl.dir/lib/ssd1306.c.obj
                0x10000750                ssd1306_send_data
 .text.ssd1306_fill
                0x100007dc       0x7c CMakeFiles/LibraryAccessControl.dir/lib/ssd1306.c.obj
                0x100007dc                ssd1306_fill
 .text.ssd1306_draw_char
                0x10000858      0x20c CMakeFiles/LibraryAccessControl.dir/lib/ssd1306.c.obj
                0x10000858                ssd1306_draw_char
 .text.ssd1306_draw_string
                0x10000a64       0x40 CMakeFiles/LibraryAccessControl.dir/lib/ssd1306.c.obj
                0x10000a64                ssd1306_draw_string
 .text.gpio_default_irq_handler
                0x10000aa4      0x2c8 CMakeFiles/LibraryAccessControl.dir/C_/Users/danni/.pico-sdk/sdk/2.1.1/src/rp2_common/hardware_gpio/gpio.c.obj
 .text.gpio_set_function
                0x10000d6c       0x34 CMakeFiles/LibraryAccessControl.dir/C_/Users/danni/.pico-sdk/sdk/2.1.1/src/rp2_common/hardware_gpio/gpio.c.obj
                0x10000d6c                gpio_set_function
 .text.gpio_set_pulls
                0x10000da0       0x28 CMakeFiles/LibraryAccessControl.dir/C_/Users/danni/.pico-sdk/sdk/2.1.1/src/rp2_common/hardware_gpio/gpio.c.obj
                0x10000da0                gpio_set_pulls
 .text.gpio_set_irq_enabled_with_callback
                0x10000dc8       0xd0 CMakeFiles/LibraryAccessControl.dir/C_/Users/danni/.pico-sdk/sdk/2.1.1/src/rp2_common/hardware_gpio/gpio.c.obj
                0x10000dc8                gpio_set_irq_enabled_with_callback
 .text.gpio_init
                0x10000e98       0x40 CMakeFiles/LibraryAccessControl.dir/C_/Users/danni/.pico-sdk/sdk/2.1.1/src/rp2_common/hardware_gpio/gpio.c.obj
                0x10000e98                gpio_init
 .text.rp2040_chip_version
                0x10000ed8        0xc CMakeFiles/LibraryAccessControl.dir/C_/Users/danni/.pico-sdk/sdk/2.1.1/src/rp2040/pico_platform/platform.c.obj
                0x10000ed8                rp2040_chip_version
 .text.panic    0x10000ee4       0x30 CMakeFiles/LibraryAccessControl.dir/C_/Users/danni/.pico-sdk/sdk/2.1.1/src/rp2_common/pico_platform_panic/panic.c.obj
                0x10000ee4                panic
 .text.panic_unsupported
                0x10000f14        0xc CMakeFiles/LibraryAccessControl.dir/C_/Users/danni/.pico-sdk/sdk/2.1.1/src/rp2_common/pico_platform_panic/panic.c.obj
                0x10000f14                panic_unsupported
 .text.hw_claim_or_assert
                0x10000f20       0x44 CMakeFiles/LibraryAccessControl.dir/C_/Users/danni/.pico-sdk/sdk/2.1.1/src/common/hardware_claim/claim.c.obj
                0x10000f20                hw_claim_or_assert
 .text.hw_claim_unused_from_range
                0x10000f64       0x88 CMakeFiles/LibraryAccessControl.dir/C_/Users/danni/.pico-sdk/sdk/2.1.1/src/common/hardware_claim/claim.c.obj
                0x10000f64                hw_claim_unused_from_range
 .text.next_striped_spin_lock_num
                0x10000fec       0x18 CMakeFiles/LibraryAccessControl.dir/C_/Users/danni/.pico-sdk/sdk/2.1.1/src/rp2_common/hardware_sync/sync.c.obj
                0x10000fec                next_striped_spin_lock_num
 .text.spin_lock_claim_unused
                0x10001004       0x24 CMakeFiles/LibraryAccessControl.dir/C_/Users/danni/.pico-sdk/sdk/2.1.1/src/rp2_common/hardware_sync/sync.c.obj
                0x10001004                spin_lock_claim_unused
 .text.spin_locks_reset
                0x10001028       0x1c CMakeFiles/LibraryAccessControl.dir/C_/Users/danni/.pico-sdk/sdk/2.1.1/src/rp2_common/hardware_sync_spin_lock/sync_spin_lock.c.obj
                0x10001028                spin_locks_reset
 .text.runtime_init_per_core_irq_priorities
                0x10001044       0x24 CMakeFiles/LibraryAccessControl.dir/C_/Users/danni/.pico-sdk/sdk/2.1.1/src/rp2_common/hardware_irq/irq.c.obj
                0x10001044                runtime_init_per_core_irq_priorities
 .text.irq_set_enabled
                0x10001068       0x24 CMakeFiles/LibraryAccessControl.dir/C_/Users/danni/.pico-sdk/sdk/2.1.1/src/rp2_common/hardware_irq/irq.c.obj
                0x10001068                irq_set_enabled
 .text.irq_is_enabled
                0x1000108c       0x18 CMakeFiles/LibraryAccessControl.dir/C_/Users/danni/.pico-sdk/sdk/2.1.1/src/rp2_common/hardware_irq/irq.c.obj
                0x1000108c                irq_is_enabled
 .text.irq_set_pending
                0x100010a4       0x10 CMakeFiles/LibraryAccessControl.dir/C_/Users/danni/.pico-sdk/sdk/2.1.1/src/rp2_common/hardware_irq/irq.c.obj
                0x100010a4                irq_set_pending
 .text.irq_has_shared_handler
                0x100010b4       0x24 CMakeFiles/LibraryAccessControl.dir/C_/Users/danni/.pico-sdk/sdk/2.1.1/src/rp2_common/hardware_irq/irq.c.obj
                0x100010b4                irq_has_shared_handler
 .text.irq_set_exclusive_handler
                0x100010d8       0x54 CMakeFiles/LibraryAccessControl.dir/C_/Users/danni/.pico-sdk/sdk/2.1.1/src/rp2_common/hardware_irq/irq.c.obj
                0x100010d8                irq_set_exclusive_handler
 .text.irq_add_shared_handler
                0x1000112c      0x1f4 CMakeFiles/LibraryAccessControl.dir/C_/Users/danni/.pico-sdk/sdk/2.1.1/src/rp2_common/hardware_irq/irq.c.obj
                0x1000112c                irq_add_shared_handler
 .text.irq_remove_handler
                0x10001320      0x1d4 CMakeFiles/LibraryAccessControl.dir/C_/Users/danni/.pico-sdk/sdk/2.1.1/src/rp2_common/hardware_irq/irq.c.obj
                0x10001320                irq_remove_handler
 .text.irq_set_priority
                0x100014f4       0x28 CMakeFiles/LibraryAccessControl.dir/C_/Users/danni/.pico-sdk/sdk/2.1.1/src/rp2_common/hardware_irq/irq.c.obj
                0x100014f4                irq_set_priority
 .text.irq_add_tail_to_free_list
                0x1000151c       0xb4 CMakeFiles/LibraryAccessControl.dir/C_/Users/danni/.pico-sdk/sdk/2.1.1/src/rp2_common/hardware_irq/irq.c.obj
                0x1000151c                irq_add_tail_to_free_list
 .text.user_irq_claim_unused
                0x100015d0       0x2c CMakeFiles/LibraryAccessControl.dir/C_/Users/danni/.pico-sdk/sdk/2.1.1/src/rp2_common/hardware_irq/irq.c.obj
                0x100015d0                user_irq_claim_unused
 .text.lock_init
                0x100015fc       0x10 CMakeFiles/LibraryAccessControl.dir/C_/Users/danni/.pico-sdk/sdk/2.1.1/src/common/pico_sync/lock_core.c.obj
                0x100015fc                lock_init
 .text.runtime_init_mutex
                0x1000160c       0x54 CMakeFiles/LibraryAccessControl.dir/C_/Users/danni/.pico-sdk/sdk/2.1.1/src/common/pico_sync/mutex.c.obj
                0x1000160c                runtime_init_mutex
 .text.mutex_init
                0x10001660       0x1c CMakeFiles/LibraryAccessControl.dir/C_/Users/danni/.pico-sdk/sdk/2.1.1/src/common/pico_sync/mutex.c.obj
                0x10001660                mutex_init
 .text.critical_section_init
                0x1000167c       0x1c CMakeFiles/LibraryAccessControl.dir/C_/Users/danni/.pico-sdk/sdk/2.1.1/src/common/pico_sync/critical_section.c.obj
                0x1000167c                critical_section_init
 .text.critical_section_init_with_lock_num
                0x10001698       0x14 CMakeFiles/LibraryAccessControl.dir/C_/Users/danni/.pico-sdk/sdk/2.1.1/src/common/pico_sync/critical_section.c.obj
                0x10001698                critical_section_init_with_lock_num
 .text.alarm_pool_irq_handler
                0x100016ac      0x300 CMakeFiles/LibraryAccessControl.dir/C_/Users/danni/.pico-sdk/sdk/2.1.1/src/common/pico_time/time.c.obj
 .text.sleep_until_callback
                0x100019ac       0x24 CMakeFiles/LibraryAccessControl.dir/C_/Users/danni/.pico-sdk/sdk/2.1.1/src/common/pico_time/time.c.obj
 .text.runtime_init_default_alarm_pool
                0x100019d0       0xdc CMakeFiles/LibraryAccessControl.dir/C_/Users/danni/.pico-sdk/sdk/2.1.1/src/common/pico_time/time.c.obj
                0x100019d0                runtime_init_default_alarm_pool
 .text.alarm_pool_get_default
                0x10001aac        0x8 CMakeFiles/LibraryAccessControl.dir/C_/Users/danni/.pico-sdk/sdk/2.1.1/src/common/pico_time/time.c.obj
                0x10001aac                alarm_pool_get_default
 .text.alarm_pool_add_alarm_at
                0x10001ab4       0xd0 CMakeFiles/LibraryAccessControl.dir/C_/Users/danni/.pico-sdk/sdk/2.1.1/src/common/pico_time/time.c.obj
                0x10001ab4                alarm_pool_add_alarm_at
 .text.alarm_pool_add_alarm_at_force_in_context
                0x10001b84       0xb0 CMakeFiles/LibraryAccessControl.dir/C_/Users/danni/.pico-sdk/sdk/2.1.1/src/common/pico_time/time.c.obj
                0x10001b84                alarm_pool_add_alarm_at_force_in_context
 .text.alarm_pool_cancel_alarm
                0x10001c34       0x74 CMakeFiles/LibraryAccessControl.dir/C_/Users/danni/.pico-sdk/sdk/2.1.1/src/common/pico_time/time.c.obj
                0x10001c34                alarm_pool_cancel_alarm
 .text.alarm_pool_core_num
                0x10001ca8        0x4 CMakeFiles/LibraryAccessControl.dir/C_/Users/danni/.pico-sdk/sdk/2.1.1/src/common/pico_time/time.c.obj
                0x10001ca8                alarm_pool_core_num
 .text.best_effort_wfe_or_timeout
                0x10001cac      0x10c CMakeFiles/LibraryAccessControl.dir/C_/Users/danni/.pico-sdk/sdk/2.1.1/src/common/pico_time/time.c.obj
                0x10001cac                best_effort_wfe_or_timeout
 .text.timer_hardware_alarm_claim
                0x10001db8       0x14 CMakeFiles/LibraryAccessControl.dir/C_/Users/danni/.pico-sdk/sdk/2.1.1/src/rp2_common/hardware_timer/timer.c.obj
                0x10001db8                timer_hardware_alarm_claim
 .text.timer_time_us_64
                0x10001dcc       0x10 CMakeFiles/LibraryAccessControl.dir/C_/Users/danni/.pico-sdk/sdk/2.1.1/src/rp2_common/hardware_timer/timer.c.obj
                0x10001dcc                timer_time_us_64
 .text.time_us_64
                0x10001ddc       0x14 CMakeFiles/LibraryAccessControl.dir/C_/Users/danni/.pico-sdk/sdk/2.1.1/src/rp2_common/hardware_timer/timer.c.obj
                0x10001ddc                time_us_64
 .text.busy_wait_us
                0x10001df0       0x68 CMakeFiles/LibraryAccessControl.dir/C_/Users/danni/.pico-sdk/sdk/2.1.1/src/rp2_common/hardware_timer/timer.c.obj
                0x10001df0                busy_wait_us
 .text.clock_configure_int_divider
                0x10001e58       0xf4 CMakeFiles/LibraryAccessControl.dir/C_/Users/danni/.pico-sdk/sdk/2.1.1/src/rp2_common/hardware_clocks/clocks.c.obj
                0x10001e58                clock_configure_int_divider
 .text.clock_configure_undivided
                0x10001f4c       0xe8 CMakeFiles/LibraryAccessControl.dir/C_/Users/danni/.pico-sdk/sdk/2.1.1/src/rp2_common/hardware_clocks/clocks.c.obj
                0x10001f4c                clock_configure_undivided
 .text.clock_get_hz
                0x10002034        0xc CMakeFiles/LibraryAccessControl.dir/C_/Users/danni/.pico-sdk/sdk/2.1.1/src/rp2_common/hardware_clocks/clocks.c.obj
                0x10002034                clock_get_hz
 .text.pll_init
                0x10002040       0xa4 CMakeFiles/LibraryAccessControl.dir/C_/Users/danni/.pico-sdk/sdk/2.1.1/src/rp2_common/hardware_pll/pll.c.obj
                0x10002040                pll_init
 .text.watchdog_reboot
                0x100020e4       0x9c CMakeFiles/LibraryAccessControl.dir/C_/Users/danni/.pico-sdk/sdk/2.1.1/src/rp2_common/hardware_watchdog/watchdog.c.obj
                0x100020e4                watchdog_reboot
 .text.tick_start
                0x10002180       0x10 CMakeFiles/LibraryAccessControl.dir/C_/Users/danni/.pico-sdk/sdk/2.1.1/src/rp2_common/hardware_ticks/ticks.c.obj
                0x10002180                tick_start
 .text.rom_func_lookup
                0x10002190       0x10 CMakeFiles/LibraryAccessControl.dir/C_/Users/danni/.pico-sdk/sdk/2.1.1/src/rp2_common/pico_bootrom/bootrom.c.obj
                0x10002190                rom_func_lookup
 .text.rom_data_lookup
                0x100021a0       0x10 CMakeFiles/LibraryAccessControl.dir/C_/Users/danni/.pico-sdk/sdk/2.1.1/src/rp2_common/pico_bootrom/bootrom.c.obj
                0x100021a0                rom_data_lookup
 .text.rom_funcs_lookup
                0x100021b0       0x44 CMakeFiles/LibraryAccessControl.dir/C_/Users/danni/.pico-sdk/sdk/2.1.1/src/rp2_common/pico_bootrom/bootrom.c.obj
                0x100021b0                rom_funcs_lookup
 .text.rom_reset_usb_boot_extra
                0x100021f4       0x24 CMakeFiles/LibraryAccessControl.dir/C_/Users/danni/.pico-sdk/sdk/2.1.1/src/rp2_common/pico_bootrom/bootrom.c.obj
                0x100021f4                rom_reset_usb_boot_extra
 .text.xosc_init
                0x10002218       0x28 CMakeFiles/LibraryAccessControl.dir/C_/Users/danni/.pico-sdk/sdk/2.1.1/src/rp2_common/hardware_xosc/xosc.c.obj
                0x10002218                xosc_init
 .text.first_per_core_initializer
                0x10002240        0x4 CMakeFiles/LibraryAccessControl.dir/C_/Users/danni/.pico-sdk/sdk/2.1.1/src/rp2_common/pico_runtime/runtime.c.obj
 .text.hard_assertion_failure
                0x10002244        0xc CMakeFiles/LibraryAccessControl.dir/C_/Users/danni/.pico-sdk/sdk/2.1.1/src/rp2_common/pico_runtime/runtime.c.obj
                0x10002244                hard_assertion_failure
 .text.runtime_run_initializers
                0x10002250       0x28 CMakeFiles/LibraryAccessControl.dir/C_/Users/danni/.pico-sdk/sdk/2.1.1/src/rp2_common/pico_runtime/runtime.c.obj
                0x10002250                runtime_run_initializers
 .text.runtime_init_early_resets
                0x10002278       0x2c CMakeFiles/LibraryAccessControl.dir/C_/Users/danni/.pico-sdk/sdk/2.1.1/src/rp2_common/pico_runtime_init/runtime_init.c.obj
                0x10002278                runtime_init_early_resets
 .text.runtime_init_usb_power_down
                0x100022a4       0x1c CMakeFiles/LibraryAccessControl.dir/C_/Users/danni/.pico-sdk/sdk/2.1.1/src/rp2_common/pico_runtime_init/runtime_init.c.obj
                0x100022a4                runtime_init_usb_power_down
 .text.runtime_init_post_clock_resets
                0x100022c0       0x20 CMakeFiles/LibraryAccessControl.dir/C_/Users/danni/.pico-sdk/sdk/2.1.1/src/rp2_common/pico_runtime_init/runtime_init.c.obj
                0x100022c0                runtime_init_post_clock_resets
 .text.runtime_init_rp2040_gpio_ie_disable
                0x100022e0       0x14 CMakeFiles/LibraryAccessControl.dir/C_/Users/danni/.pico-sdk/sdk/2.1.1/src/rp2_common/pico_runtime_init/runtime_init.c.obj
                0x100022e0                runtime_init_rp2040_gpio_ie_disable
 .text.runtime_init_spin_locks_reset
                0x100022f4        0x8 CMakeFiles/LibraryAccessControl.dir/C_/Users/danni/.pico-sdk/sdk/2.1.1/src/rp2_common/pico_runtime_init/runtime_init.c.obj
                0x100022f4                runtime_init_spin_locks_reset
 .text.runtime_init_install_ram_vector_table
                0x100022fc       0x1c CMakeFiles/LibraryAccessControl.dir/C_/Users/danni/.pico-sdk/sdk/2.1.1/src/rp2_common/pico_runtime_init/runtime_init.c.obj
                0x100022fc                runtime_init_install_ram_vector_table
 .text.runtime_init_clocks
                0x10002318       0xd8 CMakeFiles/LibraryAccessControl.dir/C_/Users/danni/.pico-sdk/sdk/2.1.1/src/rp2_common/pico_runtime_init/runtime_init_clocks.c.obj
                0x10002318                runtime_init_clocks
 .text          0x100023f0       0x10 CMakeFiles/LibraryAccessControl.dir/C_/Users/danni/.pico-sdk/sdk/2.1.1/src/rp2_common/pico_bit_ops/bit_ops_aeabi.S.obj
 .text.__wrap___aeabi_idiv
                0x10002400       0x50 CMakeFiles/LibraryAccessControl.dir/C_/Users/danni/.pico-sdk/sdk/2.1.1/src/rp2_common/pico_divider/divider_hardware.S.obj
                0x10002400                __wrap___aeabi_idivmod
                0x10002400                divmod_s32s32
                0x10002400                div_s32s32
                0x10002400                __wrap___aeabi_idiv
                0x10002408                divmod_s32s32_unsafe
                0x10002434                divmod_s32s32_savestate
 .text.__wrap___aeabi_uidiv
                0x10002450       0x4c CMakeFiles/LibraryAccessControl.dir/C_/Users/danni/.pico-sdk/sdk/2.1.1/src/rp2_common/pico_divider/divider_hardware.S.obj
                0x10002450                __wrap___aeabi_uidiv
                0x10002450                __wrap___aeabi_uidivmod
                0x10002450                div_u32u32
                0x10002450                divmod_u32u32
                0x10002458                divmod_u32u32_unsafe
                0x10002480                divmod_u32u32_savestate
 .text.__wrap___aeabi_ldiv
                0x1000249c      0x424 CMakeFiles/LibraryAccessControl.dir/C_/Users/danni/.pico-sdk/sdk/2.1.1/src/rp2_common/pico_divider/divider_hardware.S.obj
                0x1000249c                div_s64s64
                0x1000249c                divmod_s64s64
                0x1000249c                __wrap___aeabi_ldivmod
                0x100024cc                divmod_u64u64
                0x100024cc                div_u64u64
                0x100024cc                __wrap___aeabi_uldivmod
                0x100024dc                divmod_u64u64_savestate
                0x100024fc                divmod_s64s64_unsafe
                0x10002584                divmod_u64u64_unsafe
 .text.__wrap___aeabi_darithmetic
                0x100028c0       0x60 CMakeFiles/LibraryAccessControl.dir/C_/Users/danni/.pico-sdk/sdk/2.1.1/src/rp2_common/pico_double/double_aeabi_rp2040.S.obj
                0x100028c0                __wrap___aeabi_drsub
                0x100028c6                __wrap___aeabi_dsub
                0x100028d0                __wrap___aeabi_dadd
                0x100028da                __wrap___aeabi_ddiv
                0x1000290e                __wrap___aeabi_dmul
 .text.__wrap___aeabi_cdcmple
                0x10002920       0x6c CMakeFiles/LibraryAccessControl.dir/C_/Users/danni/.pico-sdk/sdk/2.1.1/src/rp2_common/pico_double/double_aeabi_rp2040.S.obj
                0x10002920                __wrap___aeabi_cdrcmple
                0x10002930                __wrap___aeabi_cdcmpeq
                0x10002930                __wrap___aeabi_cdcmple
 .text.__wrap___aeabi_dcmplt
                0x1000298c        0xc CMakeFiles/LibraryAccessControl.dir/C_/Users/danni/.pico-sdk/sdk/2.1.1/src/rp2_common/pico_double/double_aeabi_rp2040.S.obj
                0x1000298c                __wrap___aeabi_dcmplt
 .text.__wrap___aeabi_dcmple
                0x10002998       0x10 CMakeFiles/LibraryAccessControl.dir/C_/Users/danni/.pico-sdk/sdk/2.1.1/src/rp2_common/pico_double/double_aeabi_rp2040.S.obj
                0x10002998                __wrap___aeabi_dcmple
 .text.__wrap___aeabi_dcmpge
                0x100029a8       0x10 CMakeFiles/LibraryAccessControl.dir/C_/Users/danni/.pico-sdk/sdk/2.1.1/src/rp2_common/pico_double/double_aeabi_rp2040.S.obj
                0x100029a8                __wrap___aeabi_dcmpge
 .text.__wrap___aeabi_dcmpgt
                0x100029b8        0xa CMakeFiles/LibraryAccessControl.dir/C_/Users/danni/.pico-sdk/sdk/2.1.1/src/rp2_common/pico_double/double_aeabi_rp2040.S.obj
                0x100029b8                __wrap___aeabi_dcmpgt
 .text.__wrap___aeabi_dcmpun
                0x100029c2       0x18 CMakeFiles/LibraryAccessControl.dir/C_/Users/danni/.pico-sdk/sdk/2.1.1/src/rp2_common/pico_double/double_aeabi_rp2040.S.obj
                0x100029c2                __wrap___aeabi_dcmpun
 *fill*         0x100029da        0x2 
 .text.__wrap___aeabi_i2d
                0x100029dc       0x38 CMakeFiles/LibraryAccessControl.dir/C_/Users/danni/.pico-sdk/sdk/2.1.1/src/rp2_common/pico_double/double_aeabi_rp2040.S.obj
                0x100029dc                uint2double
                0x100029dc                __wrap___aeabi_ui2d
                0x100029e4                int2double
                0x100029e4                __wrap___aeabi_i2d
 .text.__wrap___aeabi_d2iz
                0x10002a14       0x48 CMakeFiles/LibraryAccessControl.dir/C_/Users/danni/.pico-sdk/sdk/2.1.1/src/rp2_common/pico_double/double_aeabi_rp2040.S.obj
                0x10002a14                double2int_z
                0x10002a14                __wrap___aeabi_d2iz
 .text.__wrap___aeabi_d2uiz
                0x10002a5c       0x10 CMakeFiles/LibraryAccessControl.dir/C_/Users/danni/.pico-sdk/sdk/2.1.1/src/rp2_common/pico_double/double_aeabi_rp2040.S.obj
                0x10002a5c                double2uint
                0x10002a5c                __wrap___aeabi_d2uiz
                0x10002a5c                double2uint_z
 .text.missing_double_func_shim
                0x10002a6c        0xc CMakeFiles/LibraryAccessControl.dir/C_/Users/danni/.pico-sdk/sdk/2.1.1/src/rp2_common/pico_double/double_init_rom_rp2040.c.obj
 .text.__aeabi_double_init
                0x10002a78       0xa0 CMakeFiles/LibraryAccessControl.dir/C_/Users/danni/.pico-sdk/sdk/2.1.1/src/rp2_common/pico_double/double_init_rom_rp2040.c.obj
                0x10002a78                __aeabi_double_init
 .text.double_table_shim_on_use_helper
                0x10002b18       0x2c CMakeFiles/LibraryAccessControl.dir/C_/Users/danni/.pico-sdk/sdk/2.1.1/src/rp2_common/pico_double/double_v1_rom_shim_rp2040.S.obj
                0x10002b18                double_table_shim_on_use_helper
 .text.__aeabi_lmul
                0x10002b44       0x32 CMakeFiles/LibraryAccessControl.dir/C_/Users/danni/.pico-sdk/sdk/2.1.1/src/rp2_common/pico_int64_ops/pico_int64_ops_aeabi.S.obj
                0x10002b44                __wrap___aeabi_lmul
 *fill*         0x10002b76        0x2 
 .text.missing_float_func_shim
                0x10002b78        0xc CMakeFiles/LibraryAccessControl.dir/C_/Users/danni/.pico-sdk/sdk/2.1.1/src/rp2_common/pico_float/float_init_rom_rp2040.c.obj
 .text.__aeabi_float_init
                0x10002b84       0x5c CMakeFiles/LibraryAccessControl.dir/C_/Users/danni/.pico-sdk/sdk/2.1.1/src/rp2_common/pico_float/float_init_rom_rp2040.c.obj
                0x10002b84                __aeabi_float_init
 .text.__wrap_calloc
                0x10002be0       0x44 CMakeFiles/LibraryAccessControl.dir/C_/Users/danni/.pico-sdk/sdk/2.1.1/src/rp2_common/pico_malloc/malloc.c.obj
                0x10002be0                __wrap_calloc
 .text          0x10002c24       0x10 CMakeFiles/LibraryAccessControl.dir/C_/Users/danni/.pico-sdk/sdk/2.1.1/src/rp2_common/pico_mem_ops/mem_ops_aeabi.S.obj
                0x10002c24                __aeabi_mem_init
 .text.memset   0x10002c34        0xc CMakeFiles/LibraryAccessControl.dir/C_/Users/danni/.pico-sdk/sdk/2.1.1/src/rp2_common/pico_mem_ops/mem_ops_aeabi.S.obj
                0x10002c34                __wrap_memset
 .text.memcpy   0x10002c40        0xc CMakeFiles/LibraryAccessControl.dir/C_/Users/danni/.pico-sdk/sdk/2.1.1/src/rp2_common/pico_mem_ops/mem_ops_aeabi.S.obj
                0x10002c40                __wrap_memcpy
                0x10002c40                __wrap___aeabi_memcpy
 .text._out_buffer
                0x10002c4c        0x8 CMakeFiles/LibraryAccessControl.dir/C_/Users/danni/.pico-sdk/sdk/2.1.1/src/rp2_common/pico_printf/printf.c.obj
 .text._out_null
                0x10002c54        0x4 CMakeFiles/LibraryAccessControl.dir/C_/Users/danni/.pico-sdk/sdk/2.1.1/src/rp2_common/pico_printf/printf.c.obj
 .text._out_rev
                0x10002c58       0xac CMakeFiles/LibraryAccessControl.dir/C_/Users/danni/.pico-sdk/sdk/2.1.1/src/rp2_common/pico_printf/printf.c.obj
 .text._ntoa_format
                0x10002d04      0x1cc CMakeFiles/LibraryAccessControl.dir/C_/Users/danni/.pico-sdk/sdk/2.1.1/src/rp2_common/pico_printf/printf.c.obj
 .text._out_char
                0x10002ed0       0x10 CMakeFiles/LibraryAccessControl.dir/C_/Users/danni/.pico-sdk/sdk/2.1.1/src/rp2_common/pico_printf/printf.c.obj
 .text._ftoa    0x10002ee0      0x4a8 CMakeFiles/LibraryAccessControl.dir/C_/Users/danni/.pico-sdk/sdk/2.1.1/src/rp2_common/pico_printf/printf.c.obj
 .text._etoa    0x10003388      0x57c CMakeFiles/LibraryAccessControl.dir/C_/Users/danni/.pico-sdk/sdk/2.1.1/src/rp2_common/pico_printf/printf.c.obj
 .text._vsnprintf
                0x10003904      0xbe0 CMakeFiles/LibraryAccessControl.dir/C_/Users/danni/.pico-sdk/sdk/2.1.1/src/rp2_common/pico_printf/printf.c.obj
 .text.__wrap_snprintf
                0x100044e4       0x28 CMakeFiles/LibraryAccessControl.dir/C_/Users/danni/.pico-sdk/sdk/2.1.1/src/rp2_common/pico_printf/printf.c.obj
                0x100044e4                __wrap_snprintf
 .text.weak_raw_vprintf
                0x1000450c       0x30 CMakeFiles/LibraryAccessControl.dir/C_/Users/danni/.pico-sdk/sdk/2.1.1/src/rp2_common/pico_printf/printf.c.obj
                0x1000450c                weak_raw_vprintf
 .text._exit    0x1000453c        0x4 CMakeFiles/LibraryAccessControl.dir/C_/Users/danni/.pico-sdk/sdk/2.1.1/src/rp2_common/pico_clib_interface/newlib_interface.c.obj
                0x1000453c                _exit
 .text._sbrk    0x10004540       0x34 CMakeFiles/LibraryAccessControl.dir/C_/Users/danni/.pico-sdk/sdk/2.1.1/src/rp2_common/pico_clib_interface/newlib_interface.c.obj
                0x10004540                _sbrk
 .text.exit     0x10004574        0x8 CMakeFiles/LibraryAccessControl.dir/C_/Users/danni/.pico-sdk/sdk/2.1.1/src/rp2_common/pico_clib_interface/newlib_interface.c.obj
                0x10004574                exit
 .text.runtime_init
                0x1000457c       0x2c CMakeFiles/LibraryAccessControl.dir/C_/Users/danni/.pico-sdk/sdk/2.1.1/src/rp2_common/pico_clib_interface/newlib_interface.c.obj
                0x1000457c                runtime_init
 .text.stdio_out_chars_no_crlf
                0x100045a8       0x10 CMakeFiles/LibraryAccessControl.dir/C_/Users/danni/.pico-sdk/sdk/2.1.1/src/rp2_common/pico_stdio/stdio.c.obj
 .text.stdio_out_chars_crlf
                0x100045b8       0xb0 CMakeFiles/LibraryAccessControl.dir/C_/Users/danni/.pico-sdk/sdk/2.1.1/src/rp2_common/pico_stdio/stdio.c.obj
 .text.stdio_put_string
                0x10004668       0xfc CMakeFiles/LibraryAccessControl.dir/C_/Users/danni/.pico-sdk/sdk/2.1.1/src/rp2_common/pico_stdio/stdio.c.obj
                0x10004668                stdio_put_string
 .text.stdio_set_driver_enabled
                0x10004764       0x30 CMakeFiles/LibraryAccessControl.dir/C_/Users/danni/.pico-sdk/sdk/2.1.1/src/rp2_common/pico_stdio/stdio.c.obj
                0x10004764                stdio_set_driver_enabled
 .text.stdio_init_all
                0x10004794        0x8 CMakeFiles/LibraryAccessControl.dir/C_/Users/danni/.pico-sdk/sdk/2.1.1/src/rp2_common/pico_stdio/stdio.c.obj
                0x10004794                stdio_init_all
 .text.__wrap_putchar
                0x1000479c       0x94 CMakeFiles/LibraryAccessControl.dir/C_/Users/danni/.pico-sdk/sdk/2.1.1/src/rp2_common/pico_stdio/stdio.c.obj
                0x1000479c                __wrap_putchar
                0x1000479c                stdio_putchar
 .text.__wrap_puts
                0x10004830       0x3c CMakeFiles/LibraryAccessControl.dir/C_/Users/danni/.pico-sdk/sdk/2.1.1/src/rp2_common/pico_stdio/stdio.c.obj
                0x10004830                stdio_puts
                0x10004830                __wrap_puts
 .text.resetd_init
                0x1000486c        0x4 CMakeFiles/LibraryAccessControl.dir/C_/Users/danni/.pico-sdk/sdk/2.1.1/src/rp2_common/pico_stdio_usb/reset_interface.c.obj
 .text.resetd_reset
                0x10004870        0xc CMakeFiles/LibraryAccessControl.dir/C_/Users/danni/.pico-sdk/sdk/2.1.1/src/rp2_common/pico_stdio_usb/reset_interface.c.obj
 .text.resetd_open
                0x1000487c       0x28 CMakeFiles/LibraryAccessControl.dir/C_/Users/danni/.pico-sdk/sdk/2.1.1/src/rp2_common/pico_stdio_usb/reset_interface.c.obj
 .text.resetd_xfer_cb
                0x100048a4        0x4 CMakeFiles/LibraryAccessControl.dir/C_/Users/danni/.pico-sdk/sdk/2.1.1/src/rp2_common/pico_stdio_usb/reset_interface.c.obj
 .text.resetd_control_xfer_cb
                0x100048a8       0x54 CMakeFiles/LibraryAccessControl.dir/C_/Users/danni/.pico-sdk/sdk/2.1.1/src/rp2_common/pico_stdio_usb/reset_interface.c.obj
 .text.tud_descriptor_bos_cb
                0x100048fc        0x8 CMakeFiles/LibraryAccessControl.dir/C_/Users/danni/.pico-sdk/sdk/2.1.1/src/rp2_common/pico_stdio_usb/reset_interface.c.obj
                0x100048fc                tud_descriptor_bos_cb
 .text.tud_vendor_control_xfer_cb
                0x10004904       0x34 CMakeFiles/LibraryAccessControl.dir/C_/Users/danni/.pico-sdk/sdk/2.1.1/src/rp2_common/pico_stdio_usb/reset_interface.c.obj
                0x10004904                tud_vendor_control_xfer_cb
 .text.usbd_app_driver_get_cb
                0x10004938        0xc CMakeFiles/LibraryAccessControl.dir/C_/Users/danni/.pico-sdk/sdk/2.1.1/src/rp2_common/pico_stdio_usb/reset_interface.c.obj
                0x10004938                usbd_app_driver_get_cb
 .text.tud_cdc_line_coding_cb
                0x10004944       0x2c CMakeFiles/LibraryAccessControl.dir/C_/Users/danni/.pico-sdk/sdk/2.1.1/src/rp2_common/pico_stdio_usb/reset_interface.c.obj
                0x10004944                tud_cdc_line_coding_cb
 .text.stdio_usb_set_chars_available_callback
                0x10004970       0x14 CMakeFiles/LibraryAccessControl.dir/C_/Users/danni/.pico-sdk/sdk/2.1.1/src/rp2_common/pico_stdio_usb/stdio_usb.c.obj
                0x10004970                stdio_usb_set_chars_available_callback
 .text.usb_irq  0x10004984       0x10 CMakeFiles/LibraryAccessControl.dir/C_/Users/danni/.pico-sdk/sdk/2.1.1/src/rp2_common/pico_stdio_usb/stdio_usb.c.obj
 .text.timer_task
                0x10004994       0x64 CMakeFiles/LibraryAccessControl.dir/C_/Users/danni/.pico-sdk/sdk/2.1.1/src/rp2_common/pico_stdio_usb/stdio_usb.c.obj
 .text.stdio_usb_in_chars
                0x100049f8       0x8c CMakeFiles/LibraryAccessControl.dir/C_/Users/danni/.pico-sdk/sdk/2.1.1/src/rp2_common/pico_stdio_usb/stdio_usb.c.obj
                0x100049f8                stdio_usb_in_chars
 .text.stdio_usb_out_flush
                0x10004a84       0x4c CMakeFiles/LibraryAccessControl.dir/C_/Users/danni/.pico-sdk/sdk/2.1.1/src/rp2_common/pico_stdio_usb/stdio_usb.c.obj
 .text.stdio_usb_out_chars
                0x10004ad0      0x100 CMakeFiles/LibraryAccessControl.dir/C_/Users/danni/.pico-sdk/sdk/2.1.1/src/rp2_common/pico_stdio_usb/stdio_usb.c.obj
 .text.low_priority_worker_irq
                0x10004bd0       0xc8 CMakeFiles/LibraryAccessControl.dir/C_/Users/danni/.pico-sdk/sdk/2.1.1/src/rp2_common/pico_stdio_usb/stdio_usb.c.obj
 .text.stdio_usb_init
                0x10004c98       0xe8 CMakeFiles/LibraryAccessControl.dir/C_/Users/danni/.pico-sdk/sdk/2.1.1/src/rp2_common/pico_stdio_usb/stdio_usb.c.obj
                0x10004c98                stdio_usb_init
 .text.tud_descriptor_device_cb
                0x10004d80        0x8 CMakeFiles/LibraryAccessControl.dir/C_/Users/danni/.pico-sdk/sdk/2.1.1/src/rp2_common/pico_stdio_usb/stdio_usb_descriptors.c.obj
                0x10004d80                tud_descriptor_device_cb
 .text.tud_descriptor_configuration_cb
                0x10004d88        0x8 CMakeFiles/LibraryAccessControl.dir/C_/Users/danni/.pico-sdk/sdk/2.1.1/src/rp2_common/pico_stdio_usb/stdio_usb_descriptors.c.obj
                0x10004d88                tud_descriptor_configuration_cb
 .text.tud_descriptor_string_cb
                0x10004d90       0x78 CMakeFiles/LibraryAccessControl.dir/C_/Users/danni/.pico-sdk/sdk/2.1.1/src/rp2_common/pico_stdio_usb/stdio_usb_descriptors.c.obj
                0x10004d90                tud_descriptor_string_cb
 .text.startup._retrieve_unique_id_on_boot
                0x10004e08       0x10 CMakeFiles/LibraryAccessControl.dir/C_/Users/danni/.pico-sdk/sdk/2.1.1/src/rp2_common/pico_unique_id/unique_id.c.obj
 .text.pico_get_unique_board_id_string
                0x10004e18      0x1a8 CMakeFiles/LibraryAccessControl.dir/C_/Users/danni/.pico-sdk/sdk/2.1.1/src/rp2_common/pico_unique_id/unique_id.c.obj
                0x10004e18                pico_get_unique_board_id_string
 .text.flash_get_unique_id
                0x10004fc0       0x3c CMakeFiles/LibraryAccessControl.dir/C_/Users/danni/.pico-sdk/sdk/2.1.1/src/rp2_common/hardware_flash/flash.c.obj
                0x10004fc0                flash_get_unique_id
 .text.dcd_init
                0x10004ffc       0x90 CMakeFiles/LibraryAccessControl.dir/C_/Users/danni/.pico-sdk/sdk/2.1.1/lib/tinyusb/src/portable/raspberrypi/rp2040/dcd_rp2040.c.obj
                0x10004ffc                dcd_init
 .text.dcd_int_enable
                0x1000508c        0xc CMakeFiles/LibraryAccessControl.dir/C_/Users/danni/.pico-sdk/sdk/2.1.1/lib/tinyusb/src/portable/raspberrypi/rp2040/dcd_rp2040.c.obj
                0x1000508c                dcd_int_enable
 .text.dcd_set_address
                0x10005098       0x14 CMakeFiles/LibraryAccessControl.dir/C_/Users/danni/.pico-sdk/sdk/2.1.1/lib/tinyusb/src/portable/raspberrypi/rp2040/dcd_rp2040.c.obj
                0x10005098                dcd_set_address
 .text.dcd_sof_enable
                0x100050ac       0x1c CMakeFiles/LibraryAccessControl.dir/C_/Users/danni/.pico-sdk/sdk/2.1.1/lib/tinyusb/src/portable/raspberrypi/rp2040/dcd_rp2040.c.obj
                0x100050ac                dcd_sof_enable
 .text.dcd_edpt0_status_complete
                0x100050c8       0x1c CMakeFiles/LibraryAccessControl.dir/C_/Users/danni/.pico-sdk/sdk/2.1.1/lib/tinyusb/src/portable/raspberrypi/rp2040/dcd_rp2040.c.obj
                0x100050c8                dcd_edpt0_status_complete
 .text.dcd_edpt_open
                0x100050e4      0x114 CMakeFiles/LibraryAccessControl.dir/C_/Users/danni/.pico-sdk/sdk/2.1.1/lib/tinyusb/src/portable/raspberrypi/rp2040/dcd_rp2040.c.obj
                0x100050e4                dcd_edpt_open
 .text.dcd_edpt_close_all
                0x100051f8        0x8 CMakeFiles/LibraryAccessControl.dir/C_/Users/danni/.pico-sdk/sdk/2.1.1/lib/tinyusb/src/portable/raspberrypi/rp2040/dcd_rp2040.c.obj
                0x100051f8                dcd_edpt_close_all
 .text.dcd_edpt_xfer
                0x10005200       0x24 CMakeFiles/LibraryAccessControl.dir/C_/Users/danni/.pico-sdk/sdk/2.1.1/lib/tinyusb/src/portable/raspberrypi/rp2040/dcd_rp2040.c.obj
                0x10005200                dcd_edpt_xfer
 .text.dcd_edpt_stall
                0x10005224       0x3c CMakeFiles/LibraryAccessControl.dir/C_/Users/danni/.pico-sdk/sdk/2.1.1/lib/tinyusb/src/portable/raspberrypi/rp2040/dcd_rp2040.c.obj
                0x10005224                dcd_edpt_stall
 .text.dcd_edpt_clear_stall
                0x10005260       0x30 CMakeFiles/LibraryAccessControl.dir/C_/Users/danni/.pico-sdk/sdk/2.1.1/lib/tinyusb/src/portable/raspberrypi/rp2040/dcd_rp2040.c.obj
                0x10005260                dcd_edpt_clear_stall
 .text.rp2040_usb_init
                0x10005290       0x40 CMakeFiles/LibraryAccessControl.dir/C_/Users/danni/.pico-sdk/sdk/2.1.1/lib/tinyusb/src/portable/raspberrypi/rp2040/rp2040_usb.c.obj
                0x10005290                rp2040_usb_init
 .text.hw_endpoint_xfer_start
                0x100052d0       0x40 CMakeFiles/LibraryAccessControl.dir/C_/Users/danni/.pico-sdk/sdk/2.1.1/lib/tinyusb/src/portable/raspberrypi/rp2040/rp2040_usb.c.obj
                0x100052d0                hw_endpoint_xfer_start
 .text.tud_event_hook_cb
                0x10005310        0x4 CMakeFiles/LibraryAccessControl.dir/C_/Users/danni/.pico-sdk/sdk/2.1.1/lib/tinyusb/src/device/usbd.c.obj
                0x10005310                tud_event_hook_cb
 .text.tud_sof_cb
                0x10005314        0x4 CMakeFiles/LibraryAccessControl.dir/C_/Users/danni/.pico-sdk/sdk/2.1.1/lib/tinyusb/src/device/usbd.c.obj
                0x10005314                tud_sof_cb
 .text.tud_descriptor_device_qualifier_cb
                0x10005318        0x4 CMakeFiles/LibraryAccessControl.dir/C_/Users/danni/.pico-sdk/sdk/2.1.1/lib/tinyusb/src/device/usbd.c.obj
                0x10005318                tud_descriptor_device_qualifier_cb
 .text.tud_descriptor_other_speed_configuration_cb
                0x1000531c        0x4 CMakeFiles/LibraryAccessControl.dir/C_/Users/danni/.pico-sdk/sdk/2.1.1/lib/tinyusb/src/device/usbd.c.obj
                0x1000531c                tud_descriptor_other_speed_configuration_cb
 .text.tud_mount_cb
                0x10005320        0x4 CMakeFiles/LibraryAccessControl.dir/C_/Users/danni/.pico-sdk/sdk/2.1.1/lib/tinyusb/src/device/usbd.c.obj
                0x10005320                tud_mount_cb
 .text.tud_umount_cb
                0x10005324        0x4 CMakeFiles/LibraryAccessControl.dir/C_/Users/danni/.pico-sdk/sdk/2.1.1/lib/tinyusb/src/device/usbd.c.obj
                0x10005324                tud_umount_cb
 .text.tud_suspend_cb
                0x10005328        0x4 CMakeFiles/LibraryAccessControl.dir/C_/Users/danni/.pico-sdk/sdk/2.1.1/lib/tinyusb/src/device/usbd.c.obj
                0x10005328                tud_suspend_cb
 .text.tud_resume_cb
                0x1000532c        0x4 CMakeFiles/LibraryAccessControl.dir/C_/Users/danni/.pico-sdk/sdk/2.1.1/lib/tinyusb/src/device/usbd.c.obj
                0x1000532c                tud_resume_cb
 .text.tud_mounted
                0x10005330       0x10 CMakeFiles/LibraryAccessControl.dir/C_/Users/danni/.pico-sdk/sdk/2.1.1/lib/tinyusb/src/device/usbd.c.obj
                0x10005330                tud_mounted
 .text.tud_suspended
                0x10005340       0x10 CMakeFiles/LibraryAccessControl.dir/C_/Users/danni/.pico-sdk/sdk/2.1.1/lib/tinyusb/src/device/usbd.c.obj
                0x10005340                tud_suspended
 .text.tud_rhport_init
                0x10005350       0xf4 CMakeFiles/LibraryAccessControl.dir/C_/Users/danni/.pico-sdk/sdk/2.1.1/lib/tinyusb/src/device/usbd.c.obj
                0x10005350                tud_rhport_init
 .text.tud_task_ext
                0x10005444      0x800 CMakeFiles/LibraryAccessControl.dir/C_/Users/danni/.pico-sdk/sdk/2.1.1/lib/tinyusb/src/device/usbd.c.obj
                0x10005444                tud_task_ext
 .text.usbd_open_edpt_pair
                0x10005c44       0x9c CMakeFiles/LibraryAccessControl.dir/C_/Users/danni/.pico-sdk/sdk/2.1.1/lib/tinyusb/src/device/usbd.c.obj
                0x10005c44                usbd_open_edpt_pair
 .text.usbd_edpt_open
                0x10005ce0       0x34 CMakeFiles/LibraryAccessControl.dir/C_/Users/danni/.pico-sdk/sdk/2.1.1/lib/tinyusb/src/device/usbd.c.obj
                0x10005ce0                usbd_edpt_open
 .text.usbd_edpt_claim
                0x10005d14       0x28 CMakeFiles/LibraryAccessControl.dir/C_/Users/danni/.pico-sdk/sdk/2.1.1/lib/tinyusb/src/device/usbd.c.obj
                0x10005d14                usbd_edpt_claim
 .text.usbd_edpt_release
                0x10005d3c       0x28 CMakeFiles/LibraryAccessControl.dir/C_/Users/danni/.pico-sdk/sdk/2.1.1/lib/tinyusb/src/device/usbd.c.obj
                0x10005d3c                usbd_edpt_release
 .text.usbd_edpt_xfer
                0x10005d64       0x4c CMakeFiles/LibraryAccessControl.dir/C_/Users/danni/.pico-sdk/sdk/2.1.1/lib/tinyusb/src/device/usbd.c.obj
                0x10005d64                usbd_edpt_xfer
 .text.tud_control_status
                0x10005db0       0x2c CMakeFiles/LibraryAccessControl.dir/C_/Users/danni/.pico-sdk/sdk/2.1.1/lib/tinyusb/src/device/usbd_control.c.obj
                0x10005db0                tud_control_status
 .text.tud_control_xfer
                0x10005ddc       0xa8 CMakeFiles/LibraryAccessControl.dir/C_/Users/danni/.pico-sdk/sdk/2.1.1/lib/tinyusb/src/device/usbd_control.c.obj
                0x10005ddc                tud_control_xfer
 .text.usbd_control_reset
                0x10005e84       0x14 CMakeFiles/LibraryAccessControl.dir/C_/Users/danni/.pico-sdk/sdk/2.1.1/lib/tinyusb/src/device/usbd_control.c.obj
                0x10005e84                usbd_control_reset
 .text.usbd_control_set_complete_callback
                0x10005e98        0xc CMakeFiles/LibraryAccessControl.dir/C_/Users/danni/.pico-sdk/sdk/2.1.1/lib/tinyusb/src/device/usbd_control.c.obj
                0x10005e98                usbd_control_set_complete_callback
 .text.usbd_control_set_request
                0x10005ea4       0x1c CMakeFiles/LibraryAccessControl.dir/C_/Users/danni/.pico-sdk/sdk/2.1.1/lib/tinyusb/src/device/usbd_control.c.obj
                0x10005ea4                usbd_control_set_request
 .text.usbd_control_xfer_cb
                0x10005ec0       0xec CMakeFiles/LibraryAccessControl.dir/C_/Users/danni/.pico-sdk/sdk/2.1.1/lib/tinyusb/src/device/usbd_control.c.obj
                0x10005ec0                usbd_control_xfer_cb
 .text._prep_out_transaction.isra.0
                0x10005fac       0x6c CMakeFiles/LibraryAccessControl.dir/C_/Users/danni/.pico-sdk/sdk/2.1.1/lib/tinyusb/src/class/cdc/cdc_device.c.obj
 .text.tud_cdc_n_connected
                0x10006018       0x2c CMakeFiles/LibraryAccessControl.dir/C_/Users/danni/.pico-sdk/sdk/2.1.1/lib/tinyusb/src/class/cdc/cdc_device.c.obj
                0x10006018                tud_cdc_n_connected
 .text.tud_cdc_n_available
                0x10006044       0x14 CMakeFiles/LibraryAccessControl.dir/C_/Users/danni/.pico-sdk/sdk/2.1.1/lib/tinyusb/src/class/cdc/cdc_device.c.obj
                0x10006044                tud_cdc_n_available
 .text.tud_cdc_n_read
                0x10006058       0x88 CMakeFiles/LibraryAccessControl.dir/C_/Users/danni/.pico-sdk/sdk/2.1.1/lib/tinyusb/src/class/cdc/cdc_device.c.obj
                0x10006058                tud_cdc_n_read
 .text.tud_cdc_n_write_flush
                0x100060e0       0x74 CMakeFiles/LibraryAccessControl.dir/C_/Users/danni/.pico-sdk/sdk/2.1.1/lib/tinyusb/src/class/cdc/cdc_device.c.obj
                0x100060e0                tud_cdc_n_write_flush
 .text.tud_cdc_n_write
                0x10006154       0x40 CMakeFiles/LibraryAccessControl.dir/C_/Users/danni/.pico-sdk/sdk/2.1.1/lib/tinyusb/src/class/cdc/cdc_device.c.obj
                0x10006154                tud_cdc_n_write
 .text.tud_cdc_n_write_available
                0x10006194       0x14 CMakeFiles/LibraryAccessControl.dir/C_/Users/danni/.pico-sdk/sdk/2.1.1/lib/tinyusb/src/class/cdc/cdc_device.c.obj
                0x10006194                tud_cdc_n_write_available
 .text.cdcd_init
                0x100061a8       0x70 CMakeFiles/LibraryAccessControl.dir/C_/Users/danni/.pico-sdk/sdk/2.1.1/lib/tinyusb/src/class/cdc/cdc_device.c.obj
                0x100061a8                cdcd_init
 .text.cdcd_deinit
                0x10006218       0x30 CMakeFiles/LibraryAccessControl.dir/C_/Users/danni/.pico-sdk/sdk/2.1.1/lib/tinyusb/src/class/cdc/cdc_device.c.obj
                0x10006218                cdcd_deinit
 .text.cdcd_reset
                0x10006248       0x4c CMakeFiles/LibraryAccessControl.dir/C_/Users/danni/.pico-sdk/sdk/2.1.1/lib/tinyusb/src/class/cdc/cdc_device.c.obj
                0x10006248                cdcd_reset
 .text.cdcd_open
                0x10006294       0xa4 CMakeFiles/LibraryAccessControl.dir/C_/Users/danni/.pico-sdk/sdk/2.1.1/lib/tinyusb/src/class/cdc/cdc_device.c.obj
                0x10006294                cdcd_open
 .text.cdcd_control_xfer_cb
                0x10006338       0xe8 CMakeFiles/LibraryAccessControl.dir/C_/Users/danni/.pico-sdk/sdk/2.1.1/lib/tinyusb/src/class/cdc/cdc_device.c.obj
                0x10006338                cdcd_control_xfer_cb
 .text.cdcd_xfer_cb
                0x10006420      0x100 CMakeFiles/LibraryAccessControl.dir/C_/Users/danni/.pico-sdk/sdk/2.1.1/lib/tinyusb/src/class/cdc/cdc_device.c.obj
                0x10006420                cdcd_xfer_cb
 .text.vendord_init
                0x10006520       0x5c CMakeFiles/LibraryAccessControl.dir/C_/Users/danni/.pico-sdk/sdk/2.1.1/lib/tinyusb/src/class/vendor/vendor_device.c.obj
                0x10006520                vendord_init
 .text.vendord_deinit
                0x1000657c       0x1c CMakeFiles/LibraryAccessControl.dir/C_/Users/danni/.pico-sdk/sdk/2.1.1/lib/tinyusb/src/class/vendor/vendor_device.c.obj
                0x1000657c                vendord_deinit
 .text.vendord_reset
                0x10006598       0x28 CMakeFiles/LibraryAccessControl.dir/C_/Users/danni/.pico-sdk/sdk/2.1.1/lib/tinyusb/src/class/vendor/vendor_device.c.obj
                0x10006598                vendord_reset
 .text.vendord_open
                0x100065c0      0x120 CMakeFiles/LibraryAccessControl.dir/C_/Users/danni/.pico-sdk/sdk/2.1.1/lib/tinyusb/src/class/vendor/vendor_device.c.obj
                0x100065c0                vendord_open
 .text.vendord_xfer_cb
                0x100066e0       0x9c CMakeFiles/LibraryAccessControl.dir/C_/Users/danni/.pico-sdk/sdk/2.1.1/lib/tinyusb/src/class/vendor/vendor_device.c.obj
                0x100066e0                vendord_xfer_cb
 .text.tusb_rhport_init
                0x1000677c       0x4c CMakeFiles/LibraryAccessControl.dir/C_/Users/danni/.pico-sdk/sdk/2.1.1/lib/tinyusb/src/tusb.c.obj
                0x1000677c                tusb_rhport_init
 .text.tu_edpt_claim
                0x100067c8       0x50 CMakeFiles/LibraryAccessControl.dir/C_/Users/danni/.pico-sdk/sdk/2.1.1/lib/tinyusb/src/tusb.c.obj
                0x100067c8                tu_edpt_claim
 .text.tu_edpt_release
                0x10006818       0x38 CMakeFiles/LibraryAccessControl.dir/C_/Users/danni/.pico-sdk/sdk/2.1.1/lib/tinyusb/src/tusb.c.obj
                0x10006818                tu_edpt_release
 .text.tu_edpt_validate
                0x10006850       0x7c CMakeFiles/LibraryAccessControl.dir/C_/Users/danni/.pico-sdk/sdk/2.1.1/lib/tinyusb/src/tusb.c.obj
                0x10006850                tu_edpt_validate
 .text.tu_edpt_bind_driver
                0x100068cc       0x34 CMakeFiles/LibraryAccessControl.dir/C_/Users/danni/.pico-sdk/sdk/2.1.1/lib/tinyusb/src/tusb.c.obj
                0x100068cc                tu_edpt_bind_driver
 .text.tu_edpt_stream_init
                0x10006900       0x6c CMakeFiles/LibraryAccessControl.dir/C_/Users/danni/.pico-sdk/sdk/2.1.1/lib/tinyusb/src/tusb.c.obj
                0x10006900                tu_edpt_stream_init
 .text.tu_edpt_stream_deinit
                0x1000696c        0x4 CMakeFiles/LibraryAccessControl.dir/C_/Users/danni/.pico-sdk/sdk/2.1.1/lib/tinyusb/src/tusb.c.obj
                0x1000696c                tu_edpt_stream_deinit
 .text.tu_edpt_stream_write_zlp_if_needed
                0x10006970       0x68 CMakeFiles/LibraryAccessControl.dir/C_/Users/danni/.pico-sdk/sdk/2.1.1/lib/tinyusb/src/tusb.c.obj
                0x10006970                tu_edpt_stream_write_zlp_if_needed
 .text.tu_edpt_stream_write_xfer
                0x100069d8       0x68 CMakeFiles/LibraryAccessControl.dir/C_/Users/danni/.pico-sdk/sdk/2.1.1/lib/tinyusb/src/tusb.c.obj
                0x100069d8                tu_edpt_stream_write_xfer
 .text.tu_edpt_stream_read_xfer
                0x10006a40       0xd8 CMakeFiles/LibraryAccessControl.dir/C_/Users/danni/.pico-sdk/sdk/2.1.1/lib/tinyusb/src/tusb.c.obj
                0x10006a40                tu_edpt_stream_read_xfer
 .text.tu_fifo_config
                0x10006b18       0x6c CMakeFiles/LibraryAccessControl.dir/C_/Users/danni/.pico-sdk/sdk/2.1.1/lib/tinyusb/src/common/tusb_fifo.c.obj
                0x10006b18                tu_fifo_config
 .text.tu_fifo_count
                0x10006b84       0x2c CMakeFiles/LibraryAccessControl.dir/C_/Users/danni/.pico-sdk/sdk/2.1.1/lib/tinyusb/src/common/tusb_fifo.c.obj
                0x10006b84                tu_fifo_count
 .text.tu_fifo_empty
                0x10006bb0       0x10 CMakeFiles/LibraryAccessControl.dir/C_/Users/danni/.pico-sdk/sdk/2.1.1/lib/tinyusb/src/common/tusb_fifo.c.obj
                0x10006bb0                tu_fifo_empty
 .text.tu_fifo_remaining
                0x10006bc0       0x2c CMakeFiles/LibraryAccessControl.dir/C_/Users/danni/.pico-sdk/sdk/2.1.1/lib/tinyusb/src/common/tusb_fifo.c.obj
                0x10006bc0                tu_fifo_remaining
 .text.tu_fifo_read
                0x10006bec       0x9c CMakeFiles/LibraryAccessControl.dir/C_/Users/danni/.pico-sdk/sdk/2.1.1/lib/tinyusb/src/common/tusb_fifo.c.obj
                0x10006bec                tu_fifo_read
 .text.tu_fifo_read_n
                0x10006c88       0xe8 CMakeFiles/LibraryAccessControl.dir/C_/Users/danni/.pico-sdk/sdk/2.1.1/lib/tinyusb/src/common/tusb_fifo.c.obj
                0x10006c88                tu_fifo_read_n
 .text.tu_fifo_write
                0x10006d70       0xa4 CMakeFiles/LibraryAccessControl.dir/C_/Users/danni/.pico-sdk/sdk/2.1.1/lib/tinyusb/src/common/tusb_fifo.c.obj
                0x10006d70                tu_fifo_write
 .text.tu_fifo_write_n
                0x10006e14      0x178 CMakeFiles/LibraryAccessControl.dir/C_/Users/danni/.pico-sdk/sdk/2.1.1/lib/tinyusb/src/common/tusb_fifo.c.obj
                0x10006e14                tu_fifo_write_n
 .text.tu_fifo_clear
                0x10006f8c       0x40 CMakeFiles/LibraryAccessControl.dir/C_/Users/danni/.pico-sdk/sdk/2.1.1/lib/tinyusb/src/common/tusb_fifo.c.obj
                0x10006f8c                tu_fifo_clear
 .text.tu_fifo_set_overwritable
                0x10006fcc       0x48 CMakeFiles/LibraryAccessControl.dir/C_/Users/danni/.pico-sdk/sdk/2.1.1/lib/tinyusb/src/common/tusb_fifo.c.obj
                0x10006fcc                tu_fifo_set_overwritable
 .text.i2c_write_blocking_internal.constprop.0
                0x10007014       0xf8 CMakeFiles/LibraryAccessControl.dir/C_/Users/danni/.pico-sdk/sdk/2.1.1/src/rp2_common/hardware_i2c/i2c.c.obj
 .text.i2c_set_baudrate
                0x1000710c       0xc0 CMakeFiles/LibraryAccessControl.dir/C_/Users/danni/.pico-sdk/sdk/2.1.1/src/rp2_common/hardware_i2c/i2c.c.obj
                0x1000710c                i2c_set_baudrate
 .text.i2c_init
                0x100071cc       0x50 CMakeFiles/LibraryAccessControl.dir/C_/Users/danni/.pico-sdk/sdk/2.1.1/src/rp2_common/hardware_i2c/i2c.c.obj
                0x100071cc                i2c_init
 .text.i2c_write_blocking
                0x1000721c       0x14 CMakeFiles/LibraryAccessControl.dir/C_/Users/danni/.pico-sdk/sdk/2.1.1/src/rp2_common/hardware_i2c/i2c.c.obj
                0x1000721c                i2c_write_blocking
 .text.vPortStartFirstTask
                0x10007230       0x34 CMakeFiles/LibraryAccessControl.dir/C_/FreeRTOS-Kernel/portable/ThirdParty/GCC/RP2040/port.c.obj
 *fill*         0x10007264        0xc 
 .text.xPortPendSVHandler
                0x10007270       0x64 CMakeFiles/LibraryAccessControl.dir/C_/FreeRTOS-Kernel/portable/ThirdParty/GCC/RP2040/port.c.obj
                0x10007270                xPortPendSVHandler
 .text.prvTaskExitError
                0x100072d4        0x8 CMakeFiles/LibraryAccessControl.dir/C_/FreeRTOS-Kernel/portable/ThirdParty/GCC/RP2040/port.c.obj
 .text.prvFIFOInterruptHandler
                0x100072dc       0x78 CMakeFiles/LibraryAccessControl.dir/C_/FreeRTOS-Kernel/portable/ThirdParty/GCC/RP2040/port.c.obj
 .text.vPortSVCHandler
                0x10007354        0x4 CMakeFiles/LibraryAccessControl.dir/C_/FreeRTOS-Kernel/portable/ThirdParty/GCC/RP2040/port.c.obj
                0x10007354                vPortSVCHandler
 .text.pxPortInitialiseStack
                0x10007358       0x20 CMakeFiles/LibraryAccessControl.dir/C_/FreeRTOS-Kernel/portable/ThirdParty/GCC/RP2040/port.c.obj
                0x10007358                pxPortInitialiseStack
 .text.vPortYield
                0x10007378       0x18 CMakeFiles/LibraryAccessControl.dir/C_/FreeRTOS-Kernel/portable/ThirdParty/GCC/RP2040/port.c.obj
                0x10007378                vPortYield
 .text.vPortEnterCritical
                0x10007390       0x18 CMakeFiles/LibraryAccessControl.dir/C_/FreeRTOS-Kernel/portable/ThirdParty/GCC/RP2040/port.c.obj
                0x10007390                vPortEnterCritical
 .text.vPortExitCritical
                0x100073a8       0x14 CMakeFiles/LibraryAccessControl.dir/C_/FreeRTOS-Kernel/portable/ThirdParty/GCC/RP2040/port.c.obj
                0x100073a8                vPortExitCritical
 .text.ulSetInterruptMaskFromISR
                0x100073bc        0x8 CMakeFiles/LibraryAccessControl.dir/C_/FreeRTOS-Kernel/portable/ThirdParty/GCC/RP2040/port.c.obj
                0x100073bc                ulSetInterruptMaskFromISR
 .text.vClearInterruptMaskFromISR
                0x100073c4        0x8 CMakeFiles/LibraryAccessControl.dir/C_/FreeRTOS-Kernel/portable/ThirdParty/GCC/RP2040/port.c.obj
                0x100073c4                vClearInterruptMaskFromISR
 .text.xPortSysTickHandler
                0x100073cc       0x24 CMakeFiles/LibraryAccessControl.dir/C_/FreeRTOS-Kernel/portable/ThirdParty/GCC/RP2040/port.c.obj
                0x100073cc                xPortSysTickHandler
 .text.vPortSetupTimerInterrupt
                0x100073f0       0x34 CMakeFiles/LibraryAccessControl.dir/C_/FreeRTOS-Kernel/portable/ThirdParty/GCC/RP2040/port.c.obj
                0x100073f0                vPortSetupTimerInterrupt
 .text.xPortStartScheduler
                0x10007424       0x9c CMakeFiles/LibraryAccessControl.dir/C_/FreeRTOS-Kernel/portable/ThirdParty/GCC/RP2040/port.c.obj
                0x10007424                xPortStartScheduler
 .text.ulPortLockGetCurrentOwnerId
                0x100074c0       0x2c CMakeFiles/LibraryAccessControl.dir/C_/FreeRTOS-Kernel/portable/ThirdParty/GCC/RP2040/port.c.obj
                0x100074c0                ulPortLockGetCurrentOwnerId
 .text.vPortLockInternalSpinUnlockWithWait
                0x100074ec       0x68 CMakeFiles/LibraryAccessControl.dir/C_/FreeRTOS-Kernel/portable/ThirdParty/GCC/RP2040/port.c.obj
                0x100074ec                vPortLockInternalSpinUnlockWithWait
 .text.vPortLockInternalSpinUnlockWithNotify
                0x10007554       0xc8 CMakeFiles/LibraryAccessControl.dir/C_/FreeRTOS-Kernel/portable/ThirdParty/GCC/RP2040/port.c.obj
                0x10007554                vPortLockInternalSpinUnlockWithNotify
 .text.xPortLockInternalSpinUnlockWithBestEffortWaitOrTimeout
                0x1000761c       0xf4 CMakeFiles/LibraryAccessControl.dir/C_/FreeRTOS-Kernel/portable/ThirdParty/GCC/RP2040/port.c.obj
                0x1000761c                xPortLockInternalSpinUnlockWithBestEffortWaitOrTimeout
 .text.startup.prvRuntimeInitializer
                0x10007710       0x28 CMakeFiles/LibraryAccessControl.dir/C_/FreeRTOS-Kernel/portable/ThirdParty/GCC/RP2040/port.c.obj
 .text.vEventGroupSetBitsCallback
                0x10007738       0x90 CMakeFiles/LibraryAccessControl.dir/C_/FreeRTOS-Kernel/event_groups.c.obj
                0x10007738                vEventGroupSetBitsCallback
 .text.xEventGroupCreate
                0x100077c8       0x18 CMakeFiles/LibraryAccessControl.dir/C_/FreeRTOS-Kernel/event_groups.c.obj
                0x100077c8                xEventGroupCreate
 .text.xEventGroupWaitBits
                0x100077e0       0xb8 CMakeFiles/LibraryAccessControl.dir/C_/FreeRTOS-Kernel/event_groups.c.obj
                0x100077e0                xEventGroupWaitBits
 .text.xEventGroupSetBits
                0x10007898       0x9c CMakeFiles/LibraryAccessControl.dir/C_/FreeRTOS-Kernel/event_groups.c.obj
                0x10007898                xEventGroupSetBits
 .text.xEventGroupSetBitsFromISR
                0x10007934       0x18 CMakeFiles/LibraryAccessControl.dir/C_/FreeRTOS-Kernel/event_groups.c.obj
                0x10007934                xEventGroupSetBitsFromISR
 .text.vListInitialise
                0x1000794c       0x18 CMakeFiles/LibraryAccessControl.dir/C_/FreeRTOS-Kernel/list.c.obj
                0x1000794c                vListInitialise
 .text.vListInitialiseItem
                0x10007964        0x8 CMakeFiles/LibraryAccessControl.dir/C_/FreeRTOS-Kernel/list.c.obj
                0x10007964                vListInitialiseItem
 .text.vListInsert
                0x1000796c       0x30 CMakeFiles/LibraryAccessControl.dir/C_/FreeRTOS-Kernel/list.c.obj
                0x1000796c                vListInsert
 .text.uxListRemove
                0x1000799c       0x20 CMakeFiles/LibraryAccessControl.dir/C_/FreeRTOS-Kernel/list.c.obj
                0x1000799c                uxListRemove
 .text.prvUnlockQueue
                0x100079bc      0x17c CMakeFiles/LibraryAccessControl.dir/C_/FreeRTOS-Kernel/queue.c.obj
 .text.prvNotifyQueueSetContainer
                0x10007b38       0x90 CMakeFiles/LibraryAccessControl.dir/C_/FreeRTOS-Kernel/queue.c.obj
 .text.xQueueGenericCreate
                0x10007bc8       0xa4 CMakeFiles/LibraryAccessControl.dir/C_/FreeRTOS-Kernel/queue.c.obj
                0x10007bc8                xQueueGenericCreate
 .text.xQueueCreateCountingSemaphore
                0x10007c6c       0x68 CMakeFiles/LibraryAccessControl.dir/C_/FreeRTOS-Kernel/queue.c.obj
                0x10007c6c                xQueueCreateCountingSemaphore
 .text.xQueueGenericSend
                0x10007cd4      0x1d4 CMakeFiles/LibraryAccessControl.dir/C_/FreeRTOS-Kernel/queue.c.obj
                0x10007cd4                xQueueGenericSend
 .text.xQueueCreateMutex
                0x10007ea8       0x6c CMakeFiles/LibraryAccessControl.dir/C_/FreeRTOS-Kernel/queue.c.obj
                0x10007ea8                xQueueCreateMutex
 .text.xQueueGenericSendFromISR
                0x10007f14      0x150 CMakeFiles/LibraryAccessControl.dir/C_/FreeRTOS-Kernel/queue.c.obj
                0x10007f14                xQueueGenericSendFromISR
 .text.xQueueGiveFromISR
                0x10008064       0x7c CMakeFiles/LibraryAccessControl.dir/C_/FreeRTOS-Kernel/queue.c.obj
                0x10008064                xQueueGiveFromISR
 .text.xQueueReceive
                0x100080e0      0x11c CMakeFiles/LibraryAccessControl.dir/C_/FreeRTOS-Kernel/queue.c.obj
                0x100080e0                xQueueReceive
 .text.xQueueSemaphoreTake
                0x100081fc      0x144 CMakeFiles/LibraryAccessControl.dir/C_/FreeRTOS-Kernel/queue.c.obj
                0x100081fc                xQueueSemaphoreTake
 .text.vQueueAddToRegistry
                0x10008340      0x118 CMakeFiles/LibraryAccessControl.dir/C_/FreeRTOS-Kernel/queue.c.obj
                0x10008340                vQueueAddToRegistry
 .text.vQueueWaitForMessageRestricted
                0x10008458       0x48 CMakeFiles/LibraryAccessControl.dir/C_/FreeRTOS-Kernel/queue.c.obj
                0x10008458                vQueueWaitForMessageRestricted
 .text.prvAddNewTaskToReadyList
                0x100084a0      0x124 CMakeFiles/LibraryAccessControl.dir/C_/FreeRTOS-Kernel/tasks.c.obj
 .text.prvCreateTask
                0x100085c4      0x130 CMakeFiles/LibraryAccessControl.dir/C_/FreeRTOS-Kernel/tasks.c.obj
 .text.prvIdleTask
                0x100086f4       0x60 CMakeFiles/LibraryAccessControl.dir/C_/FreeRTOS-Kernel/tasks.c.obj
 .text.xTaskIncrementTick.part.0
                0x10008754      0x194 CMakeFiles/LibraryAccessControl.dir/C_/FreeRTOS-Kernel/tasks.c.obj
 .text.xTaskCreate
                0x100088e8       0x24 CMakeFiles/LibraryAccessControl.dir/C_/FreeRTOS-Kernel/tasks.c.obj
                0x100088e8                xTaskCreate
 .text.vTaskStartScheduler
                0x1000890c       0x74 CMakeFiles/LibraryAccessControl.dir/C_/FreeRTOS-Kernel/tasks.c.obj
                0x1000890c                vTaskStartScheduler
 .text.vTaskSuspendAll
                0x10008980       0x10 CMakeFiles/LibraryAccessControl.dir/C_/FreeRTOS-Kernel/tasks.c.obj
                0x10008980                vTaskSuspendAll
 .text.xTaskResumeAll
                0x10008990      0x188 CMakeFiles/LibraryAccessControl.dir/C_/FreeRTOS-Kernel/tasks.c.obj
                0x10008990                xTaskResumeAll
 .text.vTaskDelay
                0x10008b18       0x84 CMakeFiles/LibraryAccessControl.dir/C_/FreeRTOS-Kernel/tasks.c.obj
                0x10008b18                vTaskDelay
 .text.xTaskGetTickCount
                0x10008b9c        0xc CMakeFiles/LibraryAccessControl.dir/C_/FreeRTOS-Kernel/tasks.c.obj
                0x10008b9c                xTaskGetTickCount
 .text.uxTaskGetNumberOfTasks
                0x10008ba8        0xc CMakeFiles/LibraryAccessControl.dir/C_/FreeRTOS-Kernel/tasks.c.obj
                0x10008ba8                uxTaskGetNumberOfTasks
 .text.xTaskIncrementTick
                0x10008bb4       0x24 CMakeFiles/LibraryAccessControl.dir/C_/FreeRTOS-Kernel/tasks.c.obj
                0x10008bb4                xTaskIncrementTick
 .text.vTaskSwitchContext
                0x10008bd8       0x7c CMakeFiles/LibraryAccessControl.dir/C_/FreeRTOS-Kernel/tasks.c.obj
                0x10008bd8                vTaskSwitchContext
 .text.vTaskPlaceOnEventList
                0x10008c54       0xa0 CMakeFiles/LibraryAccessControl.dir/C_/FreeRTOS-Kernel/tasks.c.obj
                0x10008c54                vTaskPlaceOnEventList
 .text.vTaskPlaceOnUnorderedEventList
                0x10008cf4       0xc4 CMakeFiles/LibraryAccessControl.dir/C_/FreeRTOS-Kernel/tasks.c.obj
                0x10008cf4                vTaskPlaceOnUnorderedEventList
 .text.vTaskPlaceOnEventListRestricted
                0x10008db8       0xf4 CMakeFiles/LibraryAccessControl.dir/C_/FreeRTOS-Kernel/tasks.c.obj
                0x10008db8                vTaskPlaceOnEventListRestricted
 .text.xTaskRemoveFromEventList
                0x10008eac       0xcc CMakeFiles/LibraryAccessControl.dir/C_/FreeRTOS-Kernel/tasks.c.obj
                0x10008eac                xTaskRemoveFromEventList
 .text.vTaskRemoveFromUnorderedEventList
                0x10008f78       0x94 CMakeFiles/LibraryAccessControl.dir/C_/FreeRTOS-Kernel/tasks.c.obj
                0x10008f78                vTaskRemoveFromUnorderedEventList
 .text.vTaskInternalSetTimeOutState
                0x1000900c       0x18 CMakeFiles/LibraryAccessControl.dir/C_/FreeRTOS-Kernel/tasks.c.obj
                0x1000900c                vTaskInternalSetTimeOutState
 .text.xTaskCheckForTimeOut
                0x10009024       0x74 CMakeFiles/LibraryAccessControl.dir/C_/FreeRTOS-Kernel/tasks.c.obj
                0x10009024                xTaskCheckForTimeOut
 .text.vTaskMissedYield
                0x10009098        0xc CMakeFiles/LibraryAccessControl.dir/C_/FreeRTOS-Kernel/tasks.c.obj
                0x10009098                vTaskMissedYield
 .text.xTaskGetCurrentTaskHandle
                0x100090a4        0xc CMakeFiles/LibraryAccessControl.dir/C_/FreeRTOS-Kernel/tasks.c.obj
                0x100090a4                xTaskGetCurrentTaskHandle
 .text.xTaskPriorityInherit
                0x100090b0       0x94 CMakeFiles/LibraryAccessControl.dir/C_/FreeRTOS-Kernel/tasks.c.obj
                0x100090b0                xTaskPriorityInherit
 .text.xTaskPriorityDisinherit
                0x10009144       0x64 CMakeFiles/LibraryAccessControl.dir/C_/FreeRTOS-Kernel/tasks.c.obj
                0x10009144                xTaskPriorityDisinherit
 .text.vTaskPriorityDisinheritAfterTimeout
                0x100091a8       0x7c CMakeFiles/LibraryAccessControl.dir/C_/FreeRTOS-Kernel/tasks.c.obj
                0x100091a8                vTaskPriorityDisinheritAfterTimeout
 .text.uxTaskResetEventItemValue
                0x10009224       0x18 CMakeFiles/LibraryAccessControl.dir/C_/FreeRTOS-Kernel/tasks.c.obj
                0x10009224                uxTaskResetEventItemValue
 .text.pvTaskIncrementMutexHeldCount
                0x1000923c       0x14 CMakeFiles/LibraryAccessControl.dir/C_/FreeRTOS-Kernel/tasks.c.obj
                0x1000923c                pvTaskIncrementMutexHeldCount
 .text.prvTimerTask
                0x10009250      0x39c CMakeFiles/LibraryAccessControl.dir/C_/FreeRTOS-Kernel/timers.c.obj
 .text.xTimerCreateTimerTask
                0x100095ec       0x8c CMakeFiles/LibraryAccessControl.dir/C_/FreeRTOS-Kernel/timers.c.obj
                0x100095ec                xTimerCreateTimerTask
 .text.xTimerPendFunctionCallFromISR
                0x10009678       0x2c CMakeFiles/LibraryAccessControl.dir/C_/FreeRTOS-Kernel/timers.c.obj
                0x10009678                xTimerPendFunctionCallFromISR
 .text.exception_set_exclusive_handler
                0x100096a4       0x48 CMakeFiles/LibraryAccessControl.dir/C_/Users/danni/.pico-sdk/sdk/2.1.1/src/rp2_common/hardware_exception/exception.c.obj
                0x100096a4                exception_set_exclusive_handler
 .text.pvPortMalloc
                0x100096ec      0x124 CMakeFiles/LibraryAccessControl.dir/C_/FreeRTOS-Kernel/portable/MemMang/heap_4.c.obj
                0x100096ec                pvPortMalloc
 .text.vPortFree
                0x10009810       0x98 CMakeFiles/LibraryAccessControl.dir/C_/FreeRTOS-Kernel/portable/MemMang/heap_4.c.obj
                0x10009810                vPortFree
 .text.startup.boot_double_tap_check
                0x100098a8       0x5c CMakeFiles/LibraryAccessControl.dir/C_/Users/danni/.pico-sdk/sdk/2.1.1/src/rp2_common/pico_bootsel_via_double_reset/pico_bootsel_via_double_reset.c.obj
 .text.calloc   0x10009904       0x18 C:/Users/danni/.pico-sdk/toolchain/14_2_Rel1/bin/../lib/gcc/arm-none-eabi/14.2.1/thumb/v6-m/nofp\libg.a(libc_a-calloc.o)
                0x10009904                calloc
 .text._calloc_r
                0x1000991c       0xa8 C:/Users/danni/.pico-sdk/toolchain/14_2_Rel1/bin/../lib/gcc/arm-none-eabi/14.2.1/thumb/v6-m/nofp\libg.a(libc_a-callocr.o)
                0x1000991c                _calloc_r
 .text._malloc_r
                0x100099c4      0x5cc C:/Users/danni/.pico-sdk/toolchain/14_2_Rel1/bin/../lib/gcc/arm-none-eabi/14.2.1/thumb/v6-m/nofp\libg.a(libc_a-mallocr.o)
                0x100099c4                _malloc_r
 .text.__malloc_lock
                0x10009f90       0x10 C:/Users/danni/.pico-sdk/toolchain/14_2_Rel1/bin/../lib/gcc/arm-none-eabi/14.2.1/thumb/v6-m/nofp\libg.a(libc_a-mlock.o)
                0x10009f90                __malloc_lock
 .text.__malloc_unlock
                0x10009fa0       0x10 C:/Users/danni/.pico-sdk/toolchain/14_2_Rel1/bin/../lib/gcc/arm-none-eabi/14.2.1/thumb/v6-m/nofp\libg.a(libc_a-mlock.o)
                0x10009fa0                __malloc_unlock
 .text._sbrk_r  0x10009fb0       0x24 C:/Users/danni/.pico-sdk/toolchain/14_2_Rel1/bin/../lib/gcc/arm-none-eabi/14.2.1/thumb/v6-m/nofp\libg.a(libc_a-sbrkr.o)
                0x10009fb0                _sbrk_r
 .text.__errno  0x10009fd4        0xc C:/Users/danni/.pico-sdk/toolchain/14_2_Rel1/bin/../lib/gcc/arm-none-eabi/14.2.1/thumb/v6-m/nofp\libg.a(libc_a-errno.o)
                0x10009fd4                __errno
 .text.__retarget_lock_acquire_recursive
                0x10009fe0        0x4 C:/Users/danni/.pico-sdk/toolchain/14_2_Rel1/bin/../lib/gcc/arm-none-eabi/14.2.1/thumb/v6-m/nofp\libg.a(libc_a-lock.o)
                0x10009fe0                __retarget_lock_acquire_recursive
 .text.__retarget_lock_release_recursive
                0x10009fe4        0x4 C:/Users/danni/.pico-sdk/toolchain/14_2_Rel1/bin/../lib/gcc/arm-none-eabi/14.2.1/thumb/v6-m/nofp\libg.a(libc_a-lock.o)
                0x10009fe4                __retarget_lock_release_recursive
 .text.sysconf  0x10009fe8       0x1c C:/Users/danni/.pico-sdk/toolchain/14_2_Rel1/bin/../lib/gcc/arm-none-eabi/14.2.1/thumb/v6-m/nofp\libg.a(libc_a-sysconf.o)
                0x10009fe8                sysconf
 .text.strlen   0x1000a004       0x5c C:/Users/danni/.pico-sdk/toolchain/14_2_Rel1/bin/../lib/gcc/arm-none-eabi/14.2.1/thumb/v6-m/nofp\libg.a(libc_a-strlen-stub.o)
                0x1000a004                strlen
 .text._malloc_trim_r
                0x1000a060       0xb4 C:/Users/danni/.pico-sdk/toolchain/14_2_Rel1/bin/../lib/gcc/arm-none-eabi/14.2.1/thumb/v6-m/nofp\libg.a(libc_a-freer.o)
                0x1000a060                _malloc_trim_r
 .text._free_r  0x1000a114      0x1f0 C:/Users/danni/.pico-sdk/toolchain/14_2_Rel1/bin/../lib/gcc/arm-none-eabi/14.2.1/thumb/v6-m/nofp\libg.a(libc_a-freer.o)
                0x1000a114                _free_r
 *(.fini)
 .fini          0x1000a304        0x4 C:/Users/danni/.pico-sdk/toolchain/14_2_Rel1/bin/../lib/gcc/arm-none-eabi/14.2.1/thumb/v6-m/nofp/crti.o
                0x1000a304                _fini
 .fini.__stub   0x1000a308       0xd0 linker stubs
 *crtbegin.o(.ctors)
 *crtbegin?.o(.ctors)
 *(EXCLUDE_FILE(*crtend.o *crtend?.o) .ctors)
 *(SORT_BY_NAME(.ctors.*))
 *(.ctors)
 *crtbegin.o(.dtors)
 *crtbegin?.o(.dtors)
 *(EXCLUDE_FILE(*crtend.o *crtend?.o) .dtors)
 *(SORT_BY_NAME(.dtors.*))
 *(.dtors)
                0x1000a3d8                        . = ALIGN (0x4)
                0x1000a3d8                        PROVIDE (__preinit_array_start = .)
 *(SORT_BY_NAME(.preinit_array.*))
 .preinit_array.00100
                0x1000a3d8        0x4 CMakeFiles/LibraryAccessControl.dir/C_/Users/danni/.pico-sdk/sdk/2.1.1/src/rp2_common/pico_runtime_init/runtime_init.c.obj
                0x1000a3d8                __pre_init_runtime_init_early_resets
 .preinit_array.00101
                0x1000a3dc        0x4 CMakeFiles/LibraryAccessControl.dir/C_/Users/danni/.pico-sdk/sdk/2.1.1/src/rp2_common/pico_runtime_init/runtime_init.c.obj
                0x1000a3dc                __pre_init_runtime_init_usb_power_down
 .preinit_array.00275
                0x1000a3e0        0x4 CMakeFiles/LibraryAccessControl.dir/C_/Users/danni/.pico-sdk/sdk/2.1.1/src/rp2_common/pico_bit_ops/bit_ops_aeabi.S.obj
 .preinit_array.00300
                0x1000a3e4        0x4 CMakeFiles/LibraryAccessControl.dir/C_/Users/danni/.pico-sdk/sdk/2.1.1/src/rp2_common/pico_mem_ops/mem_ops_aeabi.S.obj
 .preinit_array.00350
                0x1000a3e8        0x4 CMakeFiles/LibraryAccessControl.dir/C_/Users/danni/.pico-sdk/sdk/2.1.1/src/rp2_common/pico_double/double_aeabi_rp2040.S.obj
 .preinit_array.00350
                0x1000a3ec        0x4 CMakeFiles/LibraryAccessControl.dir/C_/Users/danni/.pico-sdk/sdk/2.1.1/src/rp2_common/pico_float/float_aeabi_rp2040.S.obj
 .preinit_array.00500
                0x1000a3f0        0x4 CMakeFiles/LibraryAccessControl.dir/C_/Users/danni/.pico-sdk/sdk/2.1.1/src/rp2_common/pico_runtime_init/runtime_init.c.obj
                0x1000a3f0                __pre_init_runtime_init_clocks
 .preinit_array.00600
                0x1000a3f4        0x4 CMakeFiles/LibraryAccessControl.dir/C_/Users/danni/.pico-sdk/sdk/2.1.1/src/rp2_common/pico_runtime_init/runtime_init.c.obj
                0x1000a3f4                __pre_init_runtime_init_post_clock_resets
 .preinit_array.00700
                0x1000a3f8        0x4 CMakeFiles/LibraryAccessControl.dir/C_/Users/danni/.pico-sdk/sdk/2.1.1/src/rp2_common/pico_runtime_init/runtime_init.c.obj
                0x1000a3f8                __pre_init_runtime_init_rp2040_gpio_ie_disable
 .preinit_array.01000
                0x1000a3fc        0x4 CMakeFiles/LibraryAccessControl.dir/C_/Users/danni/.pico-sdk/sdk/2.1.1/src/rp2_common/pico_runtime_init/runtime_init.c.obj
                0x1000a3fc                __pre_init_runtime_init_spin_locks_reset
 .preinit_array.01100
                0x1000a400        0x4 CMakeFiles/LibraryAccessControl.dir/C_/Users/danni/.pico-sdk/sdk/2.1.1/src/common/pico_sync/mutex.c.obj
                0x1000a400                __pre_init_runtime_init_mutex
 .preinit_array.10080
                0x1000a404        0x4 CMakeFiles/LibraryAccessControl.dir/C_/Users/danni/.pico-sdk/sdk/2.1.1/src/rp2_common/pico_runtime_init/runtime_init.c.obj
                0x1000a404                __pre_init_runtime_init_install_ram_vector_table
 .preinit_array.11000
                0x1000a408        0x4 CMakeFiles/LibraryAccessControl.dir/C_/Users/danni/.pico-sdk/sdk/2.1.1/src/common/pico_time/time.c.obj
                0x1000a408                __pre_init_runtime_init_default_alarm_pool
 .preinit_array.YYYYY
                0x1000a40c        0x4 CMakeFiles/LibraryAccessControl.dir/C_/Users/danni/.pico-sdk/sdk/2.1.1/src/rp2_common/pico_runtime/runtime.c.obj
                0x1000a40c                __pre_init_first_per_core_initializer
 .preinit_array.ZZZZZ.01200
                0x1000a410        0x4 CMakeFiles/LibraryAccessControl.dir/C_/Users/danni/.pico-sdk/sdk/2.1.1/src/rp2_common/hardware_irq/irq.c.obj
                0x1000a410                __pre_init_runtime_init_per_core_irq_priorities
 *(.preinit_array)
                0x1000a414                        PROVIDE (__preinit_array_end = .)
                0x1000a414                        . = ALIGN (0x4)
                0x1000a414                        PROVIDE (__init_array_start = .)
 *(SORT_BY_NAME(.init_array.*))
 *(.init_array)
 .init_array    0x1000a414        0x4 C:/Users/danni/.pico-sdk/toolchain/14_2_Rel1/bin/../lib/gcc/arm-none-eabi/14.2.1/thumb/v6-m/nofp/crtbegin.o
 .init_array    0x1000a418        0x4 CMakeFiles/LibraryAccessControl.dir/C_/Users/danni/.pico-sdk/sdk/2.1.1/src/rp2_common/pico_unique_id/unique_id.c.obj
 .init_array    0x1000a41c        0x4 CMakeFiles/LibraryAccessControl.dir/C_/FreeRTOS-Kernel/portable/ThirdParty/GCC/RP2040/port.c.obj
 .init_array    0x1000a420        0x4 CMakeFiles/LibraryAccessControl.dir/C_/Users/danni/.pico-sdk/sdk/2.1.1/src/rp2_common/pico_bootsel_via_double_reset/pico_bootsel_via_double_reset.c.obj
                0x1000a424                        PROVIDE (__init_array_end = .)
                0x1000a424                        . = ALIGN (0x4)
                [!provide]                        PROVIDE (__fini_array_start = .)
 *(SORT_BY_NAME(.fini_array.*))
 *(.fini_array)
                [!provide]                        PROVIDE (__fini_array_end = .)
 *(.eh_frame*)
 .eh_frame      0x1000a424        0x0 C:/Users/danni/.pico-sdk/toolchain/14_2_Rel1/bin/../lib/gcc/arm-none-eabi/14.2.1/thumb/v6-m/nofp/crtbegin.o
                0x1000a424                        . = ALIGN (0x4)

.glue_7         0x1000a424        0x0
 .glue_7        0x1000a424        0x0 linker stubs

.glue_7t        0x1000a424        0x0
 .glue_7t       0x1000a424        0x0 linker stubs

.vfp11_veneer   0x1000a424        0x0
 .vfp11_veneer  0x1000a424        0x0 linker stubs

.v4_bx          0x1000a424        0x0
 .v4_bx         0x1000a424        0x0 linker stubs

.iplt           0x1000a424        0x0
 .iplt          0x1000a424        0x0 C:/Users/danni/.pico-sdk/toolchain/14_2_Rel1/bin/../lib/gcc/arm-none-eabi/14.2.1/thumb/v6-m/nofp/crtbegin.o

.rodata         0x1000a428      0xa0c
 *(EXCLUDE_FILE(*libm.a: *libc.a:*lib_a-mem*.o *libgcc.a:) .rodata*)
 .rodata.vDisplayTask.str1.4
                0x1000a428      0x238 CMakeFiles/LibraryAccessControl.dir/LibraryAccessControl.c.obj
                                 0x21 (size before relaxing)
 .rodata.vTaskEntrada.str1.4
                0x1000a660       0x1f CMakeFiles/LibraryAccessControl.dir/LibraryAccessControl.c.obj
 .rodata.main.str1.4
                0x1000a660       0x18 CMakeFiles/LibraryAccessControl.dir/LibraryAccessControl.c.obj
 .rodata.font   0x1000a660      0x2f8 CMakeFiles/LibraryAccessControl.dir/lib/ssd1306.c.obj
 .rodata.panic.str1.4
                0x1000a958       0x12 CMakeFiles/LibraryAccessControl.dir/C_/Users/danni/.pico-sdk/sdk/2.1.1/src/rp2_common/pico_platform_panic/panic.c.obj
 .rodata.panic_unsupported.str1.4
                0x1000a958        0xe CMakeFiles/LibraryAccessControl.dir/C_/Users/danni/.pico-sdk/sdk/2.1.1/src/rp2_common/pico_platform_panic/panic.c.obj
 .rodata.spin_lock_claim_unused.str1.4
                0x1000a958       0x1b CMakeFiles/LibraryAccessControl.dir/C_/Users/danni/.pico-sdk/sdk/2.1.1/src/rp2_common/hardware_sync/sync.c.obj
 .rodata.user_irq_claim_unused.str1.4
                0x1000a958       0x1b CMakeFiles/LibraryAccessControl.dir/C_/Users/danni/.pico-sdk/sdk/2.1.1/src/rp2_common/hardware_irq/irq.c.obj
 .rodata.timer_hardware_alarm_claim.str1.4
                0x1000a958       0x22 CMakeFiles/LibraryAccessControl.dir/C_/Users/danni/.pico-sdk/sdk/2.1.1/src/rp2_common/hardware_timer/timer.c.obj
 .rodata.hard_assertion_failure.str1.4
                0x1000a958        0xc CMakeFiles/LibraryAccessControl.dir/C_/Users/danni/.pico-sdk/sdk/2.1.1/src/rp2_common/pico_runtime/runtime.c.obj
 .rodata.missing_double_func_shim.str1.4
                0x1000a958       0x18 CMakeFiles/LibraryAccessControl.dir/C_/Users/danni/.pico-sdk/sdk/2.1.1/src/rp2_common/pico_double/double_init_rom_rp2040.c.obj
 .rodata.missing_float_func_shim.str1.4
                0x1000a958        0x1 CMakeFiles/LibraryAccessControl.dir/C_/Users/danni/.pico-sdk/sdk/2.1.1/src/rp2_common/pico_float/float_init_rom_rp2040.c.obj
 .rodata.__wrap_malloc.str1.4
                0x1000a958        0xe CMakeFiles/LibraryAccessControl.dir/C_/Users/danni/.pico-sdk/sdk/2.1.1/src/rp2_common/pico_malloc/malloc.c.obj
 .rodata.str1.4
                0x1000a958       0x4c CMakeFiles/LibraryAccessControl.dir/C_/Users/danni/.pico-sdk/sdk/2.1.1/src/rp2_common/pico_standard_binary_info/standard_binary_info.c.obj
 .rodata.__bi_84
                0x1000a958        0xc CMakeFiles/LibraryAccessControl.dir/C_/Users/danni/.pico-sdk/sdk/2.1.1/src/rp2_common/pico_standard_binary_info/standard_binary_info.c.obj
 .rodata.__bi_78
                0x1000a964        0xc CMakeFiles/LibraryAccessControl.dir/C_/Users/danni/.pico-sdk/sdk/2.1.1/src/rp2_common/pico_standard_binary_info/standard_binary_info.c.obj
 .rodata.__bi_54
                0x1000a970        0xc CMakeFiles/LibraryAccessControl.dir/C_/Users/danni/.pico-sdk/sdk/2.1.1/src/rp2_common/pico_standard_binary_info/standard_binary_info.c.obj
 .rodata.__bi_48
                0x1000a97c        0xc CMakeFiles/LibraryAccessControl.dir/C_/Users/danni/.pico-sdk/sdk/2.1.1/src/rp2_common/pico_standard_binary_info/standard_binary_info.c.obj
 .rodata.__bi_42
                0x1000a988        0xc CMakeFiles/LibraryAccessControl.dir/C_/Users/danni/.pico-sdk/sdk/2.1.1/src/rp2_common/pico_standard_binary_info/standard_binary_info.c.obj
 .rodata.__bi_34
                0x1000a994        0xc CMakeFiles/LibraryAccessControl.dir/C_/Users/danni/.pico-sdk/sdk/2.1.1/src/rp2_common/pico_standard_binary_info/standard_binary_info.c.obj
 .rodata.__bi_26
                0x1000a9a0        0xc CMakeFiles/LibraryAccessControl.dir/C_/Users/danni/.pico-sdk/sdk/2.1.1/src/rp2_common/pico_standard_binary_info/standard_binary_info.c.obj
 .rodata._ftoa.str1.4
                0x1000a9ac       0x15 CMakeFiles/LibraryAccessControl.dir/C_/Users/danni/.pico-sdk/sdk/2.1.1/src/rp2_common/pico_printf/printf.c.obj
 .rodata._vsnprintf
                0x1000a9ac      0x19c CMakeFiles/LibraryAccessControl.dir/C_/Users/danni/.pico-sdk/sdk/2.1.1/src/rp2_common/pico_printf/printf.c.obj
 .rodata.pow10.0
                0x1000ab48       0x50 CMakeFiles/LibraryAccessControl.dir/C_/Users/danni/.pico-sdk/sdk/2.1.1/src/rp2_common/pico_printf/printf.c.obj
 .rodata.crlf_str.0
                0x1000ab98        0x2 CMakeFiles/LibraryAccessControl.dir/C_/Users/danni/.pico-sdk/sdk/2.1.1/src/rp2_common/pico_stdio/stdio.c.obj
 *fill*         0x1000ab9a        0x2 
 .rodata._resetd_driver
                0x1000ab9c       0x20 CMakeFiles/LibraryAccessControl.dir/C_/Users/danni/.pico-sdk/sdk/2.1.1/src/rp2_common/pico_stdio_usb/reset_interface.c.obj
 .rodata.desc_ms_os_20
                0x1000abbc       0xa6 CMakeFiles/LibraryAccessControl.dir/C_/Users/danni/.pico-sdk/sdk/2.1.1/src/rp2_common/pico_stdio_usb/reset_interface.c.obj
 *fill*         0x1000ac62        0x2 
 .rodata.desc_bos
                0x1000ac64       0x21 CMakeFiles/LibraryAccessControl.dir/C_/Users/danni/.pico-sdk/sdk/2.1.1/src/rp2_common/pico_stdio_usb/reset_interface.c.obj
                0x1000ac64                desc_bos
 .rodata.str1.4
                0x1000ac85       0x13 CMakeFiles/LibraryAccessControl.dir/C_/Users/danni/.pico-sdk/sdk/2.1.1/src/rp2_common/pico_stdio_usb/stdio_usb.c.obj
 *fill*         0x1000ac85        0x3 
 .rodata.__bi_197.0
                0x1000ac88        0xc CMakeFiles/LibraryAccessControl.dir/C_/Users/danni/.pico-sdk/sdk/2.1.1/src/rp2_common/pico_stdio_usb/stdio_usb.c.obj
 .rodata.str1.4
                0x1000ac94       0x2a CMakeFiles/LibraryAccessControl.dir/C_/Users/danni/.pico-sdk/sdk/2.1.1/src/rp2_common/pico_stdio_usb/stdio_usb_descriptors.c.obj
 .rodata.usbd_desc_str
                0x1000ac94       0x18 CMakeFiles/LibraryAccessControl.dir/C_/Users/danni/.pico-sdk/sdk/2.1.1/src/rp2_common/pico_stdio_usb/stdio_usb_descriptors.c.obj
 .rodata.usbd_desc_cfg
                0x1000acac       0x54 CMakeFiles/LibraryAccessControl.dir/C_/Users/danni/.pico-sdk/sdk/2.1.1/src/rp2_common/pico_stdio_usb/stdio_usb_descriptors.c.obj
 .rodata.usbd_desc_device
                0x1000ad00       0x12 CMakeFiles/LibraryAccessControl.dir/C_/Users/danni/.pico-sdk/sdk/2.1.1/src/rp2_common/pico_stdio_usb/stdio_usb_descriptors.c.obj
 .rodata.str1.4
                0x1000ad12       0x14 CMakeFiles/LibraryAccessControl.dir/C_/Users/danni/.pico-sdk/sdk/2.1.1/lib/tinyusb/src/portable/raspberrypi/rp2040/dcd_rp2040.c.obj
 .rodata.str1.4
                0x1000ad12       0x48 CMakeFiles/LibraryAccessControl.dir/C_/Users/danni/.pico-sdk/sdk/2.1.1/lib/tinyusb/src/portable/raspberrypi/rp2040/rp2040_usb.c.obj
 *fill*         0x1000ad12        0x2 
 .rodata.tud_task_ext
                0x1000ad14       0x8c CMakeFiles/LibraryAccessControl.dir/C_/Users/danni/.pico-sdk/sdk/2.1.1/lib/tinyusb/src/device/usbd.c.obj
 .rodata        0x1000ada0       0x1c CMakeFiles/LibraryAccessControl.dir/C_/Users/danni/.pico-sdk/sdk/2.1.1/lib/tinyusb/src/device/usbd.c.obj
 .rodata._usbd_driver
                0x1000adbc       0x40 CMakeFiles/LibraryAccessControl.dir/C_/Users/danni/.pico-sdk/sdk/2.1.1/lib/tinyusb/src/device/usbd.c.obj
 .rodata.uxTopUsedPriority
                0x1000adfc        0x4 CMakeFiles/LibraryAccessControl.dir/C_/FreeRTOS-Kernel/tasks.c.obj
 .rodata.prvTimerTask
                0x1000ae00       0x28 CMakeFiles/LibraryAccessControl.dir/C_/FreeRTOS-Kernel/timers.c.obj
 .rodata.xTimerCreateTimerTask.str1.4
                0x1000ae28       0x10 CMakeFiles/LibraryAccessControl.dir/C_/FreeRTOS-Kernel/timers.c.obj
 .rodata.str1.4
                0x1000ae28       0x18 CMakeFiles/LibraryAccessControl.dir/C_/Users/danni/.pico-sdk/sdk/2.1.1/src/rp2_common/pico_bootsel_via_double_reset/pico_bootsel_via_double_reset.c.obj
 .rodata.__bi_50
                0x1000ae28        0xc CMakeFiles/LibraryAccessControl.dir/C_/Users/danni/.pico-sdk/sdk/2.1.1/src/rp2_common/pico_bootsel_via_double_reset/pico_bootsel_via_double_reset.c.obj
                0x1000ae40                        . = ALIGN (0x4)
 *(SORT_BY_ALIGNMENT(SORT_BY_NAME(.flashdata*)))
                0x1000ae40                        . = ALIGN (0x4)

.ARM.extab
 *(.ARM.extab* .gnu.linkonce.armextab.*)
                0x1000ae34                        __exidx_start = .

.ARM.exidx
 *(.ARM.exidx* .gnu.linkonce.armexidx.*)
                0x1000ae34                        __exidx_end = .
                0x1000ae40                        . = ALIGN (0x4)
                0x1000ae34                        __binary_info_start = .

.binary_info    0x1000ae34       0x24
 *(.binary_info.keep.*)
 .binary_info.keep.__bi_ptr84
                0x1000ae34        0x4 CMakeFiles/LibraryAccessControl.dir/C_/Users/danni/.pico-sdk/sdk/2.1.1/src/rp2_common/pico_standard_binary_info/standard_binary_info.c.obj
 .binary_info.keep.__bi_ptr78
                0x1000ae38        0x4 CMakeFiles/LibraryAccessControl.dir/C_/Users/danni/.pico-sdk/sdk/2.1.1/src/rp2_common/pico_standard_binary_info/standard_binary_info.c.obj
 .binary_info.keep.__bi_ptr54
                0x1000ae3c        0x4 CMakeFiles/LibraryAccessControl.dir/C_/Users/danni/.pico-sdk/sdk/2.1.1/src/rp2_common/pico_standard_binary_info/standard_binary_info.c.obj
 .binary_info.keep.__bi_ptr48
                0x1000ae40        0x4 CMakeFiles/LibraryAccessControl.dir/C_/Users/danni/.pico-sdk/sdk/2.1.1/src/rp2_common/pico_standard_binary_info/standard_binary_info.c.obj
 .binary_info.keep.__bi_ptr42
                0x1000ae44        0x4 CMakeFiles/LibraryAccessControl.dir/C_/Users/danni/.pico-sdk/sdk/2.1.1/src/rp2_common/pico_standard_binary_info/standard_binary_info.c.obj
 .binary_info.keep.__bi_ptr34
                0x1000ae48        0x4 CMakeFiles/LibraryAccessControl.dir/C_/Users/danni/.pico-sdk/sdk/2.1.1/src/rp2_common/pico_standard_binary_info/standard_binary_info.c.obj
 .binary_info.keep.__bi_ptr26
                0x1000ae4c        0x4 CMakeFiles/LibraryAccessControl.dir/C_/Users/danni/.pico-sdk/sdk/2.1.1/src/rp2_common/pico_standard_binary_info/standard_binary_info.c.obj
 .binary_info.keep.__bi_ptr50
                0x1000ae50        0x4 CMakeFiles/LibraryAccessControl.dir/C_/Users/danni/.pico-sdk/sdk/2.1.1/src/rp2_common/pico_bootsel_via_double_reset/pico_bootsel_via_double_reset.c.obj
 *(.binary_info.*)
 .binary_info.__bi_ptr197
                0x1000ae54        0x4 CMakeFiles/LibraryAccessControl.dir/C_/Users/danni/.pico-sdk/sdk/2.1.1/src/rp2_common/pico_stdio_usb/stdio_usb.c.obj
                0x1000ae58                        __binary_info_end = .

.rel.dyn        0x1000ae58        0x0
 .rel.iplt      0x1000ae58        0x0 C:/Users/danni/.pico-sdk/toolchain/14_2_Rel1/bin/../lib/gcc/arm-none-eabi/14.2.1/thumb/v6-m/nofp/crtbegin.o
                0x1000ae58                        . = ALIGN (0x4)

.ram_vector_table
                0x20000000       0xc0
 *(.ram_vector_table)
 .ram_vector_table
                0x20000000       0xc0 CMakeFiles/LibraryAccessControl.dir/C_/Users/danni/.pico-sdk/sdk/2.1.1/src/rp2_common/pico_runtime_init/runtime_init.c.obj
                0x20000000                ram_vector_table

.uninitialized_data
                0x200000c0        0xc
                0x200000c0                        . = ALIGN (0x4)
 *(.uninitialized_data*)
 .uninitialized_data.magic_location
                0x200000c0        0xc CMakeFiles/LibraryAccessControl.dir/C_/Users/danni/.pico-sdk/sdk/2.1.1/src/rp2_common/pico_bootsel_via_double_reset/pico_bootsel_via_double_reset.c.obj

.data           0x200000d0     0x1568 load address 0x1000ae58
                0x200000d0                        __data_start__ = .
 *(vtable)
 *(.time_critical*)
 .time_critical.mutex_enter_blocking
                0x200000d0       0x3c CMakeFiles/LibraryAccessControl.dir/C_/Users/danni/.pico-sdk/sdk/2.1.1/src/common/pico_sync/mutex.c.obj
                0x200000d0                mutex_enter_blocking
 .time_critical.mutex_try_enter
                0x2000010c       0x40 CMakeFiles/LibraryAccessControl.dir/C_/Users/danni/.pico-sdk/sdk/2.1.1/src/common/pico_sync/mutex.c.obj
                0x2000010c                mutex_try_enter
 .time_critical.mutex_try_enter_block_until
                0x2000014c       0xa0 CMakeFiles/LibraryAccessControl.dir/C_/Users/danni/.pico-sdk/sdk/2.1.1/src/common/pico_sync/mutex.c.obj
                0x2000014c                mutex_try_enter_block_until
 .time_critical.mutex_enter_timeout_ms
                0x200001ec       0x74 CMakeFiles/LibraryAccessControl.dir/C_/Users/danni/.pico-sdk/sdk/2.1.1/src/common/pico_sync/mutex.c.obj
                0x200001ec                mutex_enter_timeout_ms
 .time_critical.mutex_exit
                0x20000260       0x20 CMakeFiles/LibraryAccessControl.dir/C_/Users/danni/.pico-sdk/sdk/2.1.1/src/common/pico_sync/mutex.c.obj
                0x20000260                mutex_exit
 .time_critical.flash_init_boot2_copyout
                0x20000280       0x30 CMakeFiles/LibraryAccessControl.dir/C_/Users/danni/.pico-sdk/sdk/2.1.1/src/rp2_common/hardware_flash/flash.c.obj
 .time_critical.flash_enable_xip_via_boot2
                0x200002b0        0xc CMakeFiles/LibraryAccessControl.dir/C_/Users/danni/.pico-sdk/sdk/2.1.1/src/rp2_common/hardware_flash/flash.c.obj
 .time_critical.flash_cs_force
                0x200002bc       0x38 CMakeFiles/LibraryAccessControl.dir/C_/Users/danni/.pico-sdk/sdk/2.1.1/src/rp2_common/hardware_flash/flash.c.obj
 .time_critical.flash_do_cmd
                0x200002f4      0x130 CMakeFiles/LibraryAccessControl.dir/C_/Users/danni/.pico-sdk/sdk/2.1.1/src/rp2_common/hardware_flash/flash.c.obj
                0x200002f4                flash_do_cmd
 .time_critical.reset_non_control_endpoints
                0x20000424       0x68 CMakeFiles/LibraryAccessControl.dir/C_/Users/danni/.pico-sdk/sdk/2.1.1/lib/tinyusb/src/portable/raspberrypi/rp2040/dcd_rp2040.c.obj
 .time_critical.hw_handle_buff_status