Archive member included to satisfy reference by file (symbol)

C:/Users/danni/.pico-sdk/toolchain/14_2_Rel1/bin/../lib/gcc/arm-none-eabi/14.2.1/thumb/v6-m/nofp\libgcc.a(_dvmd_tls.o)
                              CMakeFiles/LibraryAccessControl.dir/C_/Users/danni/.pico-sdk/sdk/2.1.1/src/rp2_common/pico_divider/divider_hardware.S.obj (__aeabi_idiv0)
C:/Users/danni/.pico-sdk/toolchain/14_2_Rel1/bin/../lib/gcc/arm-none-eabi/14.2.1/thumb/v6-m/nofp\libg.a(libc_a-calloc.o)
                              CMakeFiles/LibraryAccessControl.dir/C_/Users/danni/.pico-sdk/sdk/2.1.1/src/rp2_common/pico_malloc/malloc.c.obj (calloc)
C:/Users/danni/.pico-sdk/toolchain/14_2_Rel1/bin/../lib/gcc/arm-none-eabi/14.2.1/thumb/v6-m/nofp\libg.a(libc_a-callocr.o)
                              C:/Users/danni/.pico-sdk/toolchain/14_2_Rel1/bin/../lib/gcc/arm-none-eabi/14.2.1/thumb/v6-m/nofp\libg.a(libc_a-calloc.o) (_calloc_r)
C:/Users/danni/.pico-sdk/toolchain/14_2_Rel1/bin/../lib/gcc/arm-none-eabi/14.2.1/thumb/v6-m/nofp\libg.a(libc_a-malloc.o)
                              CMakeFiles/LibraryAccessControl.dir/C_/Users/danni/.pico-sdk/sdk/2.1.1/src/rp2_common/pico_malloc/malloc.c.obj (malloc)
C:/Users/danni/.pico-sdk/toolchain/14_2_Rel1/bin/../lib/gcc/arm-none-eabi/14.2.1/thumb/v6-m/nofp\libg.a(libc_a-mallocr.o)
                              C:/Users/danni/.pico-sdk/toolchain/14_2_Rel1/bin/../lib/gcc/arm-none-eabi/14.2.1/thumb/v6-m/nofp\libg.a(libc_a-callocr.o) (_malloc_r)
C:/Users/danni/.pico-sdk/toolchain/14_2_Rel1/bin/../lib/gcc/arm-none-eabi/14.2.1/thumb/v6-m/nofp\libg.a(libc_a-mlock.o)
                              C:/Users/danni/.pico-sdk/toolchain/14_2_Rel1/bin/../lib/gcc/arm-none-eabi/14.2.1/thumb/v6-m/nofp\libg.a(libc_a-mallocr.o) (__malloc_lock)
C:/Users/danni/.pico-sdk/toolchain/14_2_Rel1/bin/../lib/gcc/arm-none-eabi/14.2.1/thumb/v6-m/nofp\libg.a(libc_a-realloc.o)
                              CMakeFiles/LibraryAccessControl.dir/C_/Users/danni/.pico-sdk/sdk/2.1.1/src/rp2_common/pico_malloc/malloc.c.obj (realloc)
C:/Users/danni/.pico-sdk/toolchain/14_2_Rel1/bin/../lib/gcc/arm-none-eabi/14.2.1/thumb/v6-m/nofp\libg.a(libc_a-reallocr.o)
                              C:/Users/danni/.pico-sdk/toolchain/14_2_Rel1/bin/../lib/gcc/arm-none-eabi/14.2.1/thumb/v6-m/nofp\libg.a(libc_a-realloc.o) (_realloc_r)
C:/Users/danni/.pico-sdk/toolchain/14_2_Rel1/bin/../lib/gcc/arm-none-eabi/14.2.1/thumb/v6-m/nofp\libg.a(libc_a-memcmp.o)
                              CMakeFiles/LibraryAccessControl.dir/C_/Users/danni/.pico-sdk/sdk/2.1.1/src/rp2_common/pico_atomic/atomic.c.obj (memcmp)
C:/Users/danni/.pico-sdk/toolchain/14_2_Rel1/bin/../lib/gcc/arm-none-eabi/14.2.1/thumb/v6-m/nofp\libg.a(libc_a-memmove.o)
                              C:/Users/danni/.pico-sdk/toolchain/14_2_Rel1/bin/../lib/gcc/arm-none-eabi/14.2.1/thumb/v6-m/nofp\libg.a(libc_a-reallocr.o) (memmove)
C:/Users/danni/.pico-sdk/toolchain/14_2_Rel1/bin/../lib/gcc/arm-none-eabi/14.2.1/thumb/v6-m/nofp\libg.a(libc_a-lcltime_r.o)
                              CMakeFiles/LibraryAccessControl.dir/C_/Users/danni/.pico-sdk/sdk/2.1.1/src/common/pico_util/datetime.c.obj (localtime_r)
C:/Users/danni/.pico-sdk/toolchain/14_2_Rel1/bin/../lib/gcc/arm-none-eabi/14.2.1/thumb/v6-m/nofp\libg.a(libc_a-mktime.o)
                              CMakeFiles/LibraryAccessControl.dir/C_/Users/danni/.pico-sdk/sdk/2.1.1/src/common/pico_util/datetime.c.obj (mktime)
C:/Users/danni/.pico-sdk/toolchain/14_2_Rel1/bin/../lib/gcc/arm-none-eabi/14.2.1/thumb/v6-m/nofp\libg.a(libc_a-month_lengths.o)
                              C:/Users/danni/.pico-sdk/toolchain/14_2_Rel1/bin/../lib/gcc/arm-none-eabi/14.2.1/thumb/v6-m/nofp\libg.a(libc_a-lcltime_r.o) (__month_lengths)
C:/Users/danni/.pico-sdk/toolchain/14_2_Rel1/bin/../lib/gcc/arm-none-eabi/14.2.1/thumb/v6-m/nofp\libg.a(libc_a-tzcalc_limits.o)
                              C:/Users/danni/.pico-sdk/toolchain/14_2_Rel1/bin/../lib/gcc/arm-none-eabi/14.2.1/thumb/v6-m/nofp\libg.a(libc_a-lcltime_r.o) (__tzcalc_limits)
C:/Users/danni/.pico-sdk/toolchain/14_2_Rel1/bin/../lib/gcc/arm-none-eabi/14.2.1/thumb/v6-m/nofp\libg.a(libc_a-tzlock.o)
                              C:/Users/danni/.pico-sdk/toolchain/14_2_Rel1/bin/../lib/gcc/arm-none-eabi/14.2.1/thumb/v6-m/nofp\libg.a(libc_a-lcltime_r.o) (__tz_lock)
C:/Users/danni/.pico-sdk/toolchain/14_2_Rel1/bin/../lib/gcc/arm-none-eabi/14.2.1/thumb/v6-m/nofp\libg.a(libc_a-tzset.o)
                              C:/Users/danni/.pico-sdk/toolchain/14_2_Rel1/bin/../lib/gcc/arm-none-eabi/14.2.1/thumb/v6-m/nofp\libg.a(libc_a-lcltime_r.o) (_tzset_unlocked)
C:/Users/danni/.pico-sdk/toolchain/14_2_Rel1/bin/../lib/gcc/arm-none-eabi/14.2.1/thumb/v6-m/nofp\libg.a(libc_a-tzset_r.o)
                              C:/Users/danni/.pico-sdk/toolchain/14_2_Rel1/bin/../lib/gcc/arm-none-eabi/14.2.1/thumb/v6-m/nofp\libg.a(libc_a-tzset.o) (_tzset_unlocked_r)
[...]
Memory Configuration

Name             Origin             Length             Attributes
FLASH            0x10000000         0x00200000         xr
RAM              0x20000000         0x00040000         xrw
SCRATCH_X        0x20040000         0x00001000         xrw
SCRATCH_Y        0x20041000         0x00001000         xrw
*default*        0x00000000         0xffffffff

Linker script and memory map

LOAD C:/Users/danni/.pico-sdk/toolchain/14_2_Rel1/bin/../lib/gcc/arm-none-eabi/14.2.1/thumb/v6-m/nofp/crti.o
LOAD C:/Users/danni/.pico-sdk/toolchain/14_2_Rel1/bin/../lib/gcc/arm-none-eabi/14.2.1/thumb/v6-m/nofp/crtbegin.o
LOAD C:/Users/danni/.pico-sdk/toolchain/14_2_Rel1/bin/../lib/gcc/arm-none-eabi/14.2.1/thumb/v6-m/nofp/crt0.o

.flash_begin    0x10000000        0x0
                0x10000000                        __flash_binary_start = .

.boot2          0x10000000      0x100
                0x10000000                        __boot2_start__ = .
 *(.boot2)
 .boot2         0x10000000      0x100 pico-sdk/src/rp2040/boot_stage2/CMakeFiles/bs2_default_library.dir/./bs2_default_padded_checksummed.S.obj
                0x10000100                        __boot2_end__ = .
                0x00000001                        ASSERT (((__boot2_end__ - __boot2_start__) == 0x100), ERROR: Pico second stage bootloader must be 256 bytes in size)

.text           0x10000100     0xa504
                0x10000100                        __logical_binary_start = .
 *(.vectors)
 .vectors       0x10000100       0xd4 CMakeFiles/LibraryAccessControl.dir/C_/Users/danni/.pico-sdk/sdk/2.1.1/src/rp2_common/pico_crt0/crt0.S.obj
                0x10000100                __VECTOR_TABLE
                0x10000100                __vectors
                0x100001c0                isr_invalid
                0x100001c0                __default_isrs_start
                0x100001c2                isr_nmi
                0x100001c4                isr_hardfault
                0x100001c6                isr_svcall
                0x100001c8                isr_pendsv
                0x100001ca                isr_systick
                0x100001cc                isr_irq23
                0x100001cc                isr_irq18
                0x100001cc                isr_irq11
                0x100001cc                isr_irq28
                0x100001cc                isr_irq19
                0x100001cc                isr_irq0
                0x100001cc                isr_irq6
                0x100001cc                isr_irq5
                0x100001cc                isr_irq12
                0x100001cc                isr_irq22
                0x100001cc                isr_irq31
                0x100001cc                isr_irq17
                0x100001cc                isr_irq27
                0x100001cc                isr_irq30
                0x100001cc                isr_irq2
                0x100001cc                isr_irq10
                0x100001cc                isr_irq8
                0x100001cc                isr_irq24
                0x100001cc                isr_irq1
                0x100001cc                isr_irq7
                0x100001cc                isr_irq21
                0x100001cc                isr_irq20
                0x100001cc                isr_irq15
                0x100001cc                isr_irq25
                0x100001cc                isr_irq13
                0x100001cc                __unhandled_user_irq
                0x100001cc                isr_irq4
                0x100001cc                isr_irq16
                0x100001cc                isr_irq29
                0x100001cc                isr_irq26
                0x100001cc                __default_isrs_end
                0x100001cc                isr_irq3
                0x100001cc                isr_irq14
                0x100001cc                isr_irq9
                0x100001d2                unhandled_user_irq_num_in_r0
 *(.binary_info_header)
 .binary_info_header
                0x100001d4       0x14 CMakeFiles/LibraryAccessControl.dir/C_/Users/danni/.pico-sdk/sdk/2.1.1/src/rp2_common/pico_crt0/crt0.S.obj
                0x100001e8                        __binary_info_header_end = .
 *(.embedded_block)
                0x100001e8                        __embedded_block_end = .
 *(.reset)
 .reset         0x100001e8       0x9c CMakeFiles/LibraryAccessControl.dir/C_/Users/danni/.pico-sdk/sdk/2.1.1/src/rp2_common/pico_crt0/crt0.S.obj
                0x100001e8                _entry_point
 *(.init)
 .init          0x10000284        0x4 C:/Users/danni/.pico-sdk/toolchain/14_2_Rel1/bin/../lib/gcc/arm-none-eabi/14.2.1/thumb/v6-m/nofp/crti.o
                0x10000284                _init
 *(EXCLUDE_FILE(*libm.a: *libc.a:*lib_a-mem*.o *libgcc.a:) .text*)
 .text.register_tm_clones
                0x10000288       0x28 C:/Users/danni/.pico-sdk/toolchain/14_2_Rel1/bin/../lib/gcc/arm-none-eabi/14.2.1/thumb/v6-m/nofp/crtbegin.o
 .text.frame_dummy
                0x100002b0       0x24 C:/Users/danni/.pico-sdk/toolchain/14_2_Rel1/bin/../lib/gcc/arm-none-eabi/14.2.1/thumb/v6-m/nofp/crtbegin.o
 .text.gpio_irq_handler
                0x100002d4       0xa4 CMakeFiles/LibraryAccessControl.dir/LibraryAccessControl.c.obj
                0x100002d4                gpio_irq_handler
 .text.vDisplayTask
                0x10000378       0x88 CMakeFiles/LibraryAccessControl.dir/LibraryAccessControl.c.obj
                0x10000378                vDisplayTask
 .text.vTaskEntrada
                0x10000400       0xd0 CMakeFiles/LibraryAccessControl.dir/LibraryAccessControl.c.obj
                0x10000400                vTaskEntrada
 .text.vTaskSaida
                0x100004d0       0xd0 CMakeFiles/LibraryAccessControl.dir/LibraryAccessControl.c.obj
                0x100004d0                vTaskSaida
 .text.startup.main
                0x100005a0      0x130 CMakeFiles/LibraryAccessControl.dir/LibraryAccessControl.c.obj
                0x100005a0                main
 .text.ssd1306_init
                0x100006d0       0x34 CMakeFiles/LibraryAccessControl.dir/lib/ssd1306.c.obj
                0x100006d0                ssd1306_init
 .text.ssd1306_config
                0x10000704      0x1d0 CMakeFiles/LibraryAccessControl.dir/lib/ssd1306.c.obj
                0x10000704                ssd1306_config
 .text.ssd1306_send_data
                0x100008d4       0x8c CMakeFiles/LibraryAccessControl.dir/lib/ssd1306.c.obj
                0x100008d4                ssd1306_send_data
 .text.ssd1306_fill
                0x10000960       0x7c CMakeFiles/LibraryAccessControl.dir/lib/ssd1306.c.obj
                0x10000960                ssd1306_fill
 .text.ssd1306_draw_char
                0x100009dc      0x20c CMakeFiles/LibraryAccessControl.dir/lib/ssd1306.c.obj
                0x100009dc                ssd1306_draw_char
 .text.ssd1306_draw_string
                0x10000be8       0x40 CMakeFiles/LibraryAccessControl.dir/lib/ssd1306.c.obj
                0x10000be8                ssd1306_draw_string
 .text.gpio_default_irq_handler
                0x10000c28      0x2c8 CMakeFiles/LibraryAccessControl.dir/C_/Users/danni/.pico-sdk/sdk/2.1.1/src/rp2_common/hardware_gpio/gpio.c.obj
 .text.gpio_set_function
                0x10000ef0       0x34 CMakeFiles/LibraryAccessControl.dir/C_/Users/danni/.pico-sdk/sdk/2.1.1/src/rp2_common/hardware_gpio/gpio.c.obj
                0x10000ef0                gpio_set_function
 .text.gpio_set_pulls
                0x10000f24       0x28 CMakeFiles/LibraryAccessControl.dir/C_/Users/danni/.pico-sdk/sdk/2.1.1/src/rp2_common/hardware_gpio/gpio.c.obj
                0x10000f24                gpio_set_pulls
 .text.gpio_set_irq_enabled
                0x10000f4c       0x58 CMakeFiles/LibraryAccessControl.dir/C_/Users/danni/.pico-sdk/sdk/2.1.1/src/rp2_common/hardware_gpio/gpio.c.obj
                0x10000f4c                gpio_set_irq_enabled
 .text.gpio_set_irq_enabled_with_callback
                0x10000fa4       0xd0 CMakeFiles/LibraryAccessControl.dir/C_/Users/danni/.pico-sdk/sdk/2.1.1/src/rp2_common/hardware_gpio/gpio.c.obj
                0x10000fa4                gpio_set_irq_enabled_with_callback
 .text.gpio_init
                0x10001074       0x40 CMakeFiles/LibraryAccessControl.dir/C_/Users/danni/.pico-sdk/sdk/2.1.1/src/rp2_common/hardware_gpio/gpio.c.obj
                0x10001074                gpio_init
 .text.rp2040_chip_version
                0x100010b4        0xc CMakeFiles/LibraryAccessControl.dir/C_/Users/danni/.pico-sdk/sdk/2.1.1/src/rp2040/pico_platform/platform.c.obj
                0x100010b4                rp2040_chip_version
 .text.panic    0x100010c0       0x30 CMakeFiles/LibraryAccessControl.dir/C_/Users/danni/.pico-sdk/sdk/2.1.1/src/rp2_common/pico_platform_panic/panic.c.obj
                0x100010c0                panic
 .text.panic_unsupported
                0x100010f0        0xc CMakeFiles/LibraryAccessControl.dir/C_/Users/danni/.pico-sdk/sdk/2.1.1/src/rp2_common/pico_platform_panic/panic.c.obj
                0x100010f0                panic_unsupported
 .text.hw_claim_or_assert
                0x100010fc       0x44 CMakeFiles/LibraryAccessControl.dir/C_/Users/danni/.pico-sdk/sdk/2.1.1/src/common/hardware_claim/claim.c.obj
                0x100010fc                hw_claim_or_assert
 .text.hw_claim_unused_from_range
                0x10001140       0x88 CMakeFiles/LibraryAccessControl.dir/C_/Users/danni/.pico-sdk/sdk/2.1.1/src/common/hardware_claim/claim.c.obj
                0x10001140                hw_claim_unused_from_range
 .text.next_striped_spin_lock_num
                0x100011c8       0x18 CMakeFiles/LibraryAccessControl.dir/C_/Users/danni/.pico-sdk/sdk/2.1.1/src/rp2_common/hardware_sync/sync.c.obj
                0x100011c8                next_striped_spin_lock_num
 .text.spin_lock_claim_unused
                0x100011e0       0x24 CMakeFiles/LibraryAccessControl.dir/C_/Users/danni/.pico-sdk/sdk/2.1.1/src/rp2_common/hardware_sync/sync.c.obj
                0x100011e0                spin_lock_claim_unused
 .text.spin_locks_reset
                0x10001204       0x1c CMakeFiles/LibraryAccessControl.dir/C_/Users/danni/.pico-sdk/sdk/2.1.1/src/rp2_common/hardware_sync_spin_lock/sync_spin_lock.c.obj
                0x10001204                spin_locks_reset
 .text.runtime_init_per_core_irq_priorities
                0x10001220       0x24 CMakeFiles/LibraryAccessControl.dir/C_/Users/danni/.pico-sdk/sdk/2.1.1/src/rp2_common/hardware_irq/irq.c.obj
                0x10001220                runtime_init_per_core_irq_priorities
 .text.irq_set_enabled
                0x10001244       0x24 CMakeFiles/LibraryAccessControl.dir/C_/Users/danni/.pico-sdk/sdk/2.1.1/src/rp2_common/hardware_irq/irq.c.obj
                0x10001244                irq_set_enabled
 .text.irq_is_enabled
                0x10001268       0x18 CMakeFiles/LibraryAccessControl.dir/C_/Users/danni/.pico-sdk/sdk/2.1.1/src/rp2_common/hardware_irq/irq.c.obj
                0x10001268                irq_is_enabled
 .text.irq_set_pending
                0x10001280       0x10 CMakeFiles/LibraryAccessControl.dir/C_/Users/danni/.pico-sdk/sdk/2.1.1/src/rp2_common/hardware_irq/irq.c.obj
                0x10001280                irq_set_pending
 .text.irq_has_shared_handler
                0x10001290       0x24 CMakeFiles/LibraryAccessControl.dir/C_/Users/danni/.pico-sdk/sdk/2.1.1/src/rp2_common/hardware_irq/irq.c.obj
                0x10001290                irq_has_shared_handler
 .text.irq_set_exclusive_handler
                0x100012b4       0x54 CMakeFiles/LibraryAccessControl.dir/C_/Users/danni/.pico-sdk/sdk/2.1.1/src/rp2_common/hardware_irq/irq.c.obj
                0x100012b4                irq_set_exclusive_handler
 .text.irq_add_shared_handler
                0x10001308      0x1f4 CMakeFiles/LibraryAccessControl.dir/C_/Users/danni/.pico-sdk/sdk/2.1.1/src/rp2_common/hardware_irq/irq.c.obj
                0x10001308                irq_add_shared_handler
 .text.irq_remove_handler
                0x100014fc      0x1d4 CMakeFiles/LibraryAccessControl.dir/C_/Users/danni/.pico-sdk/sdk/2.1.1/src/rp2_common/hardware_irq/irq.c.obj
                0x100014fc                irq_remove_handler
 .text.irq_set_priority
                0x100016d0       0x28 CMakeFiles/LibraryAccessControl.dir/C_/Users/danni/.pico-sdk/sdk/2.1.1/src/rp2_common/hardware_irq/irq.c.obj
                0x100016d0                irq_set_priority
 .text.irq_add_tail_to_free_list
                0x100016f8       0xb4 CMakeFiles/LibraryAccessControl.dir/C_/Users/danni/.pico-sdk/sdk/2.1.1/src/rp2_common/hardware_irq/irq.c.obj
                0x100016f8                irq_add_tail_to_free_list
 .text.user_irq_claim_unused
                0x100017ac       0x2c CMakeFiles/LibraryAccessControl.dir/C_/Users/danni/.pico-sdk/sdk/2.1.1/src/rp2_common/hardware_irq/irq.c.obj
                0x100017ac                user_irq_claim_unused
 .text.lock_init
                0x100017d8       0x10 CMakeFiles/LibraryAccessControl.dir/C_/Users/danni/.pico-sdk/sdk/2.1.1/src/common/pico_sync/lock_core.c.obj
                0x100017d8                lock_init
 .text.runtime_init_mutex
                0x100017e8       0x54 CMakeFiles/LibraryAccessControl.dir/C_/Users/danni/.pico-sdk/sdk/2.1.1/src/common/pico_sync/mutex.c.obj
                0x100017e8                runtime_init_mutex
 .text.mutex_init
                0x1000183c       0x1c CMakeFiles/LibraryAccessControl.dir/C_/Users/danni/.pico-sdk/sdk/2.1.1/src/common/pico_sync/mutex.c.obj
                0x1000183c                mutex_init
 .text.critical_section_init
                0x10001858       0x1c CMakeFiles/LibraryAccessControl.dir/C_/Users/danni/.pico-sdk/sdk/2.1.1/src/common/pico_sync/critical_section.c.obj
                0x10001858                critical_section_init
 .text.critical_section_init_with_lock_num
                0x10001874       0x14 CMakeFiles/LibraryAccessControl.dir/C_/Users/danni/.pico-sdk/sdk/2.1.1/src/common/pico_sync/critical_section.c.obj
                0x10001874                critical_section_init_with_lock_num
 .text.alarm_pool_irq_handler
                0x10001888      0x300 CMakeFiles/LibraryAccessControl.dir/C_/Users/danni/.pico-sdk/sdk/2.1.1/src/common/pico_time/time.c.obj
 .text.sleep_until_callback
                0x10001b88       0x24 CMakeFiles/LibraryAccessControl.dir/C_/Users/danni/.pico-sdk/sdk/2.1.1/src/common/pico_time/time.c.obj
 .text.runtime_init_default_alarm_pool
                0x10001bac       0xdc CMakeFiles/LibraryAccessControl.dir/C_/Users/danni/.pico-sdk/sdk/2.1.1/src/common/pico_time/time.c.obj
                0x10001bac                runtime_init_default_alarm_pool
 .text.alarm_pool_get_default
                0x10001c88        0x8 CMakeFiles/LibraryAccessControl.dir/C_/Users/danni/.pico-sdk/sdk/2.1.1/src/common/pico_time/time.c.obj
                0x10001c88                alarm_pool_get_default
 .text.alarm_pool_add_alarm_at
                0x10001c90       0xd0 CMakeFiles/LibraryAccessControl.dir/C_/Users/danni/.pico-sdk/sdk/2.1.1/src/common/pico_time/time.c.obj
                0x10001c90                alarm_pool_add_alarm_at
 .text.alarm_pool_add_alarm_at_force_in_context
                0x10001d60       0xb0 CMakeFiles/LibraryAccessControl.dir/C_/Users/danni/.pico-sdk/sdk/2.1.1/src/common/pico_time/time.c.obj
                0x10001d60                alarm_pool_add_alarm_at_force_in_context
 .text.alarm_pool_cancel_alarm
                0x10001e10       0x74 CMakeFiles/LibraryAccessControl.dir/C_/Users/danni/.pico-sdk/sdk/2.1.1/src/common/pico_time/time.c.obj
                0x10001e10                alarm_pool_cancel_alarm
 .text.alarm_pool_core_num
                0x10001e84        0x4 CMakeFiles/LibraryAccessControl.dir/C_/Users/danni/.pico-sdk/sdk/2.1.1/src/common/pico_time/time.c.obj
                0x10001e84                alarm_pool_core_num
 .text.best_effort_wfe_or_timeout
                0x10001e88      0x10c CMakeFiles/LibraryAccessControl.dir/C_/Users/danni/.pico-sdk/sdk/2.1.1/src/common/pico_time/time.c.obj
                0x10001e88                best_effort_wfe_or_timeout
 .text.timer_hardware_alarm_claim
                0x10001f94       0x14 CMakeFiles/LibraryAccessControl.dir/C_/Users/danni/.pico-sdk/sdk/2.1.1/src/rp2_common/hardware_timer/timer.c.obj
                0x10001f94                timer_hardware_alarm_claim
 .text.timer_time_us_64
                0x10001fa8       0x10 CMakeFiles/LibraryAccessControl.dir/C_/Users/danni/.pico-sdk/sdk/2.1.1/src/rp2_common/hardware_timer/timer.c.obj
                0x10001fa8                timer_time_us_64
 .text.time_us_64
                0x10001fb8       0x14 CMakeFiles/LibraryAccessControl.dir/C_/Users/danni/.pico-sdk/sdk/2.1.1/src/rp2_common/hardware_timer/timer.c.obj
                0x10001fb8                time_us_64
 .text.busy_wait_us
                0x10001fcc       0x68 CMakeFiles/LibraryAccessControl.dir/C_/Users/danni/.pico-sdk/sdk/2.1.1/src/rp2_common/hardware_timer/timer.c.obj
                0x10001fcc                busy_wait_us
 .text.clock_configure_int_divider
                0x10002034       0xf4 CMakeFiles/LibraryAccessControl.dir/C_/Users/danni/.pico-sdk/sdk/2.1.1/src/rp2_common/hardware_clocks/clocks.c.obj
                0x10002034                clock_configure_int_divider
 .text.clock_configure_undivided
                0x10002128       0xe8 CMakeFiles/LibraryAccessControl.dir/C_/Users/danni/.pico-sdk/sdk/2.1.1/src/rp2_common/hardware_clocks/clocks.c.obj
                0x10002128                clock_configure_undivided
 .text.clock_get_hz
                0x10002210        0xc CMakeFiles/LibraryAccessControl.dir/C_/Users/danni/.pico-sdk/sdk/2.1.1/src/rp2_common/hardware_clocks/clocks.c.obj
                0x10002210                clock_get_hz
 .text.pll_init
                0x1000221c       0xa4 CMakeFiles/LibraryAccessControl.dir/C_/Users/danni/.pico-sdk/sdk/2.1.1/src/rp2_common/hardware_pll/pll.c.obj
                0x1000221c                pll_init
 .text.watchdog_reboot
                0x100022c0       0x9c CMakeFiles/LibraryAccessControl.dir/C_/Users/danni/.pico-sdk/sdk/2.1.1/src/rp2_common/hardware_watchdog/watchdog.c.obj
                0x100022c0                watchdog_reboot
 .text.tick_start
                0x1000235c       0x10 CMakeFiles/LibraryAccessControl.dir/C_/Users/danni/.pico-sdk/sdk/2.1.1/src/rp2_common/hardware_ticks/ticks.c.obj
                0x1000235c                tick_start
 .text.rom_func_lookup
                0x1000236c       0x10 CMakeFiles/LibraryAccessControl.dir/C_/Users/danni/.pico-sdk/sdk/2.1.1/src/rp2_common/pico_bootrom/bootrom.c.obj
                0x1000236c                rom_func_lookup
 .text.rom_data_lookup
                0x1000237c       0x10 CMakeFiles/LibraryAccessControl.dir/C_/Users/danni/.pico-sdk/sdk/2.1.1/src/rp2_common/pico_bootrom/bootrom.c.obj
                0x1000237c                rom_data_lookup
 .text.rom_funcs_lookup
                0x1000238c       0x44 CMakeFiles/LibraryAccessControl.dir/C_/Users/danni/.pico-sdk/sdk/2.1.1/src/rp2_common/pico_bootrom/bootrom.c.obj
                0x1000238c                rom_funcs_lookup
 .text.rom_reset_usb_boot_extra
                0x100023d0       0x24 CMakeFiles/LibraryAccessControl.dir/C_/Users/danni/.pico-sdk/sdk/2.1.1/src/rp2_common/pico_bootrom/bootrom.c.obj
                0x100023d0                rom_reset_usb_boot_extra
 .text.xosc_init
                0x100023f4       0x28 CMakeFiles/LibraryAccessControl.dir/C_/Users/danni/.pico-sdk/sdk/2.1.1/src/rp2_common/hardware_xosc/xosc.c.obj
                0x100023f4                xosc_init
 .text.first_per_core_initializer
                0x1000241c        0x4 CMakeFiles/LibraryAccessControl.dir/C_/Users/danni/.pico-sdk/sdk/2.1.1/src/rp2_common/pico_runtime/runtime.c.obj
 .text.hard_assertion_failure
                0x10002420        0xc CMakeFiles/LibraryAccessControl.dir/C_/Users/danni/.pico-sdk/sdk/2.1.1/src/rp2_common/pico_runtime/runtime.c.obj
                0x10002420                hard_assertion_failure
 .text.runtime_run_initializers
                0x1000242c       0x28 CMakeFiles/LibraryAccessControl.dir/C_/Users/danni/.pico-sdk/sdk/2.1.1/src/rp2_common/pico_runtime/runtime.c.obj
                0x1000242c                runtime_run_initializers
 .text.runtime_init_early_resets
                0x10002454       0x2c CMakeFiles/LibraryAccessControl.dir/C_/Users/danni/.pico-sdk/sdk/2.1.1/src/rp2_common/pico_runtime_init/runtime_init.c.obj
                0x10002454                runtime_init_early_resets
 .text.runtime_init_usb_power_down
                0x10002480       0x1c CMakeFiles/LibraryAccessControl.dir/C_/Users/danni/.pico-sdk/sdk/2.1.1/src/rp2_common/pico_runtime_init/runtime_init.c.obj
                0x10002480                runtime_init_usb_power_down
 .text.runtime_init_post_clock_resets
                0x1000249c       0x20 CMakeFiles/LibraryAccessControl.dir/C_/Users/danni/.pico-sdk/sdk/2.1.1/src/rp2_common/pico_runtime_init/runtime_init.c.obj
                0x1000249c                runtime_init_post_clock_resets
 .text.runtime_init_rp2040_gpio_ie_disable
                0x100024bc       0x14 CMakeFiles/LibraryAccessControl.dir/C_/Users/danni/.pico-sdk/sdk/2.1.1/src/rp2_common/pico_runtime_init/runtime_init.c.obj
                0x100024bc                runtime_init_rp2040_gpio_ie_disable
 .text.runtime_init_spin_locks_reset
                0x100024d0        0x8 CMakeFiles/LibraryAccessControl.dir/C_/Users/danni/.pico-sdk/sdk/2.1.1/src/rp2_common/pico_runtime_init/runtime_init.c.obj
                0x100024d0                runtime_init_spin_locks_reset
 .text.runtime_init_install_ram_vector_table
                0x100024d8       0x1c CMakeFiles/LibraryAccessControl.dir/C_/Users/danni/.pico-sdk/sdk/2.1.1/src/rp2_common/pico_runtime_init/runtime_init.c.obj
                0x100024d8                runtime_init_install_ram_vector_table
 .text.runtime_init_clocks
                0x100024f4       0xd8 CMakeFiles/LibraryAccessControl.dir/C_/Users/danni/.pico-sdk/sdk/2.1.1/src/rp2_common/pico_runtime_init/runtime_init_clocks.c.obj
                0x100024f4                runtime_init_clocks
 .text          0x100025cc       0x10 CMakeFiles/LibraryAccessControl.dir/C_/Users/danni/.pico-sdk/sdk/2.1.1/src/rp2_common/pico_bit_ops/bit_ops_aeabi.S.obj
 .text.__wrap___aeabi_idiv
                0x100025dc       0x50 CMakeFiles/LibraryAccessControl.dir/C_/Users/danni/.pico-sdk/sdk/2.1.1/src/rp2_common/pico_divider/divider_hardware.S.obj
                0x100025dc                __wrap___aeabi_idivmod
                0x100025dc                divmod_s32s32
                0x100025dc                div_s32s32
                0x100025dc                __wrap___aeabi_idiv
                0x100025e4                divmod_s32s32_unsafe
                0x10002610                divmod_s32s32_savestate
 .text.__wrap___aeabi_uidiv
                0x1000262c       0x4c CMakeFiles/LibraryAccessControl.dir/C_/Users/danni/.pico-sdk/sdk/2.1.1/src/rp2_common/pico_divider/divider_hardware.S.obj
                0x1000262c                __wrap___aeabi_uidiv
                0x1000262c                __wrap___aeabi_uidivmod
                0x1000262c                div_u32u32
                0x1000262c                divmod_u32u32
                0x10002634                divmod_u32u32_unsafe
                0x1000265c                divmod_u32u32_savestate
 .text.__wrap___aeabi_ldiv
                0x10002678      0x424 CMakeFiles/LibraryAccessControl.dir/C_/Users/danni/.pico-sdk/sdk/2.1.1/src/rp2_common/pico_divider/divider_hardware.S.obj
                0x10002678                div_s64s64
                0x10002678                divmod_s64s64
                0x10002678                __wrap___aeabi_ldivmod
                0x100026a8                divmod_u64u64
                0x100026a8                div_u64u64
                0x100026a8                __wrap___aeabi_uldivmod
                0x100026b8                divmod_u64u64_savestate
                0x100026d8                divmod_s64s64_unsafe
                0x10002760                divmod_u64u64_unsafe
 .text.__wrap___aeabi_darithmetic
                0x10002a9c       0x60 CMakeFiles/LibraryAccessControl.dir/C_/Users/danni/.pico-sdk/sdk/2.1.1/src/rp2_common/pico_double/double_aeabi_rp2040.S.obj
                0x10002a9c                __wrap___aeabi_drsub
                0x10002aa2                __wrap___aeabi_dsub
                0x10002aac                __wrap___aeabi_dadd
                0x10002ab6                __wrap___aeabi_ddiv
                0x10002aea                __wrap___aeabi_dmul
 .text.__wrap___aeabi_cdcmple
                0x10002afc       0x6c CMakeFiles/LibraryAccessControl.dir/C_/Users/danni/.pico-sdk/sdk/2.1.1/src/rp2_common/pico_double/double_aeabi_rp2040.S.obj
                0x10002afc                __wrap___aeabi_cdrcmple
                0x10002b0c                __wrap___aeabi_cdcmpeq
                0x10002b0c                __wrap___aeabi_cdcmple
 .text.__wrap___aeabi_dcmplt
                0x10002b68        0xc CMakeFiles/LibraryAccessControl.dir/C_/Users/danni/.pico-sdk/sdk/2.1.1/src/rp2_common/pico_double/double_aeabi_rp2040.S.obj
                0x10002b68                __wrap___aeabi_dcmplt
 .text.__wrap___aeabi_dcmple
                0x10002b74       0x10 CMakeFiles/LibraryAccessControl.dir/C_/Users/danni/.pico-sdk/sdk/2.1.1/src/rp2_common/pico_double/double_aeabi_rp2040.S.obj
                0x10002b74                __wrap___aeabi_dcmple
 .text.__wrap___aeabi_dcmpge
                0x10002b84       0x10 CMakeFiles/LibraryAccessControl.dir/C_/Users/danni/.pico-sdk/sdk/2.1.1/src/rp2_common/pico_double/double_aeabi_rp2040.S.obj
                0x10002b84                __wrap___aeabi_dcmpge
 .text.__wrap___aeabi_dcmpgt
                0x10002b94        0xa CMakeFiles/LibraryAccessControl.dir/C_/Users/danni/.pico-sdk/sdk/2.1.1/src/rp2_common/pico_double/double_aeabi_rp2040.S.obj
                0x10002b94                __wrap___aeabi_dcmpgt
 .text.__wrap___aeabi_dcmpun
                0x10002b9e       0x18 CMakeFiles/LibraryAccessControl.dir/C_/Users/danni/.pico-sdk/sdk/2.1.1/src/rp2_common/pico_double/double_aeabi_rp2040.S.obj
                0x10002b9e                __wrap___aeabi_dcmpun
 *fill*         0x10002bb6        0x2 
 .text.__wrap___aeabi_i2d
                0x10002bb8       0x38 CMakeFiles/LibraryAccessControl.dir/C_/Users/danni/.pico-sdk/sdk/2.1.1/src/rp2_common/pico_double/double_aeabi_rp2040.S.obj
                0x10002bb8                uint2double
                0x10002bb8                __wrap___aeabi_ui2d
                0x10002bc0                int2double
                0x10002bc0                __wrap___aeabi_i2d
 .text.__wrap___aeabi_d2iz
                0x10002bf0       0x48 CMakeFiles/LibraryAccessControl.dir/C_/Users/danni/.pico-sdk/sdk/2.1.1/src/rp2_common/pico_double/double_aeabi_rp2040.S.obj
                0x10002bf0                double2int_z
                0x10002bf0                __wrap___aeabi_d2iz
 .text.__wrap___aeabi_d2uiz
                0x10002c38       0x10 CMakeFiles/LibraryAccessControl.dir/C_/Users/danni/.pico-sdk/sdk/2.1.1/src/rp2_common/pico_double/double_aeabi_rp2040.S.obj
                0x10002c38                double2uint
                0x10002c38                __wrap___aeabi_d2uiz
                0x10002c38                double2uint_z
 .text.missing_double_func_shim
                0x10002c48        0xc CMakeFiles/LibraryAccessControl.dir/C_/Users/danni/.pico-sdk/sdk/2.1.1/src/rp2_common/pico_double/double_init_rom_rp2040.c.obj
 .text.__aeabi_double_init
                0x10002c54       0xa0 CMakeFiles/LibraryAccessControl.dir/C_/Users/danni/.pico-sdk/sdk/2.1.1/src/rp2_common/pico_double/double_init_rom_rp2040.c.obj
                0x10002c54                __aeabi_double_init
 .text.double_table_shim_on_use_helper
                0x10002cf4       0x2c CMakeFiles/LibraryAccessControl.dir/C_/Users/danni/.pico-sdk/sdk/2.1.1/src/rp2_common/pico_double/double_v1_rom_shim_rp2040.S.obj
                0x10002cf4                double_table_shim_on_use_helper
 .text.__aeabi_lmul
                0x10002d20       0x32 CMakeFiles/LibraryAccessControl.dir/C_/Users/danni/.pico-sdk/sdk/2.1.1/src/rp2_common/pico_int64_ops/pico_int64_ops_aeabi.S.obj
                0x10002d20                __wrap___aeabi_lmul
 *fill*         0x10002d52        0x2 
 .text.missing_float_func_shim
                0x10002d54        0xc CMakeFiles/LibraryAccessControl.dir/C_/Users/danni/.pico-sdk/sdk/2.1.1/src/rp2_common/pico_float/float_init_rom_rp2040.c.obj
 .text.__aeabi_float_init
                0x10002d60       0x5c CMakeFiles/LibraryAccessControl.dir/C_/Users/danni/.pico-sdk/sdk/2.1.1/src/rp2_common/pico_float/float_init_rom_rp2040.c.obj
                0x10002d60                __aeabi_float_init
 .text.__wrap_calloc
                0x10002dbc       0x44 CMakeFiles/LibraryAccessControl.dir/C_/Users/danni/.pico-sdk/sdk/2.1.1/src/rp2_common/pico_malloc/malloc.c.obj
                0x10002dbc                __wrap_calloc
 .text          0x10002e00       0x10 CMakeFiles/LibraryAccessControl.dir/C_/Users/danni/.pico-sdk/sdk/2.1.1/src/rp2_common/pico_mem_ops/mem_ops_aeabi.S.obj
                0x10002e00                __aeabi_mem_init
 .text.memset   0x10002e10        0xc CMakeFiles/LibraryAccessControl.dir/C_/Users/danni/.pico-sdk/sdk/2.1.1/src/rp2_common/pico_mem_ops/mem_ops_aeabi.S.obj
                0x10002e10                __wrap_memset
 .text.memcpy   0x10002e1c        0xc CMakeFiles/LibraryAccessControl.dir/C_/Users/danni/.pico-sdk/sdk/2.1.1/src/rp2_common/pico_mem_ops/mem_ops_aeabi.S.obj
                0x10002e1c                __wrap_memcpy
                0x10002e1c                __wrap___aeabi_memcpy
 .text._out_buffer
                0x10002e28        0x8 CMakeFiles/LibraryAccessControl.dir/C_/Users/danni/.pico-sdk/sdk/2.1.1/src/rp2_common/pico_printf/printf.c.obj
 .text._out_null
                0x10002e30        0x4 CMakeFiles/LibraryAccessControl.dir/C_/Users/danni/.pico-sdk/sdk/2.1.1/src/rp2_common/pico_printf/printf.c.obj
 .text._out_rev
                0x10002e34       0xac CMakeFiles/LibraryAccessControl.dir/C_/Users/danni/.pico-sdk/sdk/2.1.1/src/rp2_common/pico_printf/printf.c.obj
 .text._ntoa_format
                0x10002ee0      0x1cc CMakeFiles/LibraryAccessControl.dir/C_/Users/danni/.pico-sdk/sdk/2.1.1/src/rp2_common/pico_printf/printf.c.obj
 .text._out_char
                0x100030ac       0x10 CMakeFiles/LibraryAccessControl.dir/C_/Users/danni/.pico-sdk/sdk/2.1.1/src/rp2_common/pico_printf/printf.c.obj
 .text._ftoa    0x100030bc      0x4a8 CMakeFiles/LibraryAccessControl.dir/C_/Users/danni/.pico-sdk/sdk/2.1.1/src/rp2_common/pico_printf/printf.c.obj
 .text._etoa    0x10003564      0x57c CMakeFiles/LibraryAccessControl.dir/C_/Users/danni/.pico-sdk/sdk/2.1.1/src/rp2_common/pico_printf/printf.c.obj
 .text._vsnprintf
                0x10003ae0      0xbe0 CMakeFiles/LibraryAccessControl.dir/C_/Users/danni/.pico-sdk/sdk/2.1.1/src/rp2_common/pico_printf/printf.c.obj
 .text.__wrap_snprintf
                0x100046c0       0x28 CMakeFiles/LibraryAccessControl.dir/C_/Users/danni/.pico-sdk/sdk/2.1.1/src/rp2_common/pico_printf/printf.c.obj
                0x100046c0                __wrap_snprintf
 .text.weak_raw_vprintf
                0x100046e8       0x30 CMakeFiles/LibraryAccessControl.dir/C_/Users/danni/.pico-sdk/sdk/2.1.1/src/rp2_common/pico_printf/printf.c.obj
                0x100046e8                weak_raw_vprintf
 .text._exit    0x10004718        0x4 CMakeFiles/LibraryAccessControl.dir/C_/Users/danni/.pico-sdk/sdk/2.1.1/src/rp2_common/pico_clib_interface/newlib_interface.c.obj
                0x10004718                _exit
 .text._sbrk    0x1000471c       0x34 CMakeFiles/LibraryAccessControl.dir/C_/Users/danni/.pico-sdk/sdk/2.1.1/src/rp2_common/pico_clib_interface/newlib_interface.c.obj
                0x1000471c                _sbrk
 .text.exit     0x10004750        0x8 CMakeFiles/LibraryAccessControl.dir/C_/Users/danni/.pico-sdk/sdk/2.1.1/src/rp2_common/pico_clib_interface/newlib_interface.c.obj
                0x10004750                exit
 .text.runtime_init
                0x10004758       0x2c CMakeFiles/LibraryAccessControl.dir/C_/Users/danni/.pico-sdk/sdk/2.1.1/src/rp2_common/pico_clib_interface/newlib_interface.c.obj
                0x10004758                runtime_init
 .text.stdio_out_chars_no_crlf
                0x10004784       0x10 CMakeFiles/LibraryAccessControl.dir/C_/Users/danni/.pico-sdk/sdk/2.1.1/src/rp2_common/pico_stdio/stdio.c.obj
 .text.stdio_out_chars_crlf
                0x10004794       0xb0 CMakeFiles/LibraryAccessControl.dir/C_/Users/danni/.pico-sdk/sdk/2.1.1/src/rp2_common/pico_stdio/stdio.c.obj
 .text.stdio_put_string
                0x10004844       0xfc CMakeFiles/LibraryAccessControl.dir/C_/Users/danni/.pico-sdk/sdk/2.1.1/src/rp2_common/pico_stdio/stdio.c.obj
                0x10004844                stdio_put_string
 .text.stdio_set_driver_enabled
                0x10004940       0x30 CMakeFiles/LibraryAccessControl.dir/C_/Users/danni/.pico-sdk/sdk/2.1.1/src/rp2_common/pico_stdio/stdio.c.obj
                0x10004940                stdio_set_driver_enabled
 .text.stdio_init_all
                0x10004970        0x8 CMakeFiles/LibraryAccessControl.dir/C_/Users/danni/.pico-sdk/sdk/2.1.1/src/rp2_common/pico_stdio/stdio.c.obj
                0x10004970                stdio_init_all
 .text.__wrap_putchar
                0x10004978       0x94 CMakeFiles/LibraryAccessControl.dir/C_/Users/danni/.pico-sdk/sdk/2.1.1/src/rp2_common/pico_stdio/stdio.c.obj
                0x10004978                __wrap_putchar
                0x10004978                stdio_putchar
 .text.__wrap_puts
                0x10004a0c       0x3c CMakeFiles/LibraryAccessControl.dir/C_/Users/danni/.pico-sdk/sdk/2.1.1/src/rp2_common/pico_stdio/stdio.c.obj
                0x10004a0c                stdio_puts
                0x10004a0c                __wrap_puts
 .text.resetd_init
                0x10004a48        0x4 CMakeFiles/LibraryAccessControl.dir/C_/Users/danni/.pico-sdk/sdk/2.1.1/src/rp2_common/pico_stdio_usb/reset_interface.c.obj
 .text.resetd_reset
                0x10004a4c        0xc CMakeFiles/LibraryAccessControl.dir/C_/Users/danni/.pico-sdk/sdk/2.1.1/src/rp2_common/pico_stdio_usb/reset_interface.c.obj
 .text.resetd_open
                0x10004a58       0x28 CMakeFiles/LibraryAccessControl.dir/C_/Users/danni/.pico-sdk/sdk/2.1.1/src/rp2_common/pico_stdio_usb/reset_interface.c.obj
 .text.resetd_xfer_cb
                0x10004a80        0x4 CMakeFiles/LibraryAccessControl.dir/C_/Users/danni/.pico-sdk/sdk/2.1.1/src/rp2_common/pico_stdio_usb/reset_interface.c.obj
 .text.resetd_control_xfer_cb
                0x10004a84       0x54 CMakeFiles/LibraryAccessControl.dir/C_/Users/danni/.pico-sdk/sdk/2.1.1/src/rp2_common/pico_stdio_usb/reset_interface.c.obj
 .text.tud_descriptor_bos_cb
                0x10004ad8        0x8 CMakeFiles/LibraryAccessControl.dir/C_/Users/danni/.pico-sdk/sdk/2.1.1/src/rp2_common/pico_stdio_usb/reset_interface.c.obj
                0x10004ad8                tud_descriptor_bos_cb
 .text.tud_vendor_control_xfer_cb
                0x10004ae0       0x34 CMakeFiles/LibraryAccessControl.dir/C_/Users/danni/.pico-sdk/sdk/2.1.1/src/rp2_common/pico_stdio_usb/reset_interface.c.obj
                0x10004ae0                tud_vendor_control_xfer_cb
 .text.usbd_app_driver_get_cb
                0x10004b14        0xc CMakeFiles/LibraryAccessControl.dir/C_/Users/danni/.pico-sdk/sdk/2.1.1/src/rp2_common/pico_stdio_usb/reset_interface.c.obj
                0x10004b14                usbd_app_driver_get_cb
 .text.tud_cdc_line_coding_cb
                0x10004b20       0x2c CMakeFiles/LibraryAccessControl.dir/C_/Users/danni/.pico-sdk/sdk/2.1.1/src/rp2_common/pico_stdio_usb/reset_interface.c.obj
                0x10004b20                tud_cdc_line_coding_cb
 .text.stdio_usb_set_chars_available_callback
                0x10004b4c       0x14 CMakeFiles/LibraryAccessControl.dir/C_/Users/danni/.pico-sdk/sdk/2.1.1/src/rp2_common/pico_stdio_usb/stdio_usb.c.obj
                0x10004b4c                stdio_usb_set_chars_available_callback
 .text.usb_irq  0x10004b60       0x10 CMakeFiles/LibraryAccessControl.dir/C_/Users/danni/.pico-sdk/sdk/2.1.1/src/rp2_common/pico_stdio_usb/stdio_usb.c.obj
 .text.timer_task
                0x10004b70       0x64 CMakeFiles/LibraryAccessControl.dir/C_/Users/danni/.pico-sdk/sdk/2.1.1/src/rp2_common/pico_stdio_usb/stdio_usb.c.obj
 .text.stdio_usb_in_chars
                0x10004bd4       0x8c CMakeFiles/LibraryAccessControl.dir/C_/Users/danni/.pico-sdk/sdk/2.1.1/src/rp2_common/pico_stdio_usb/stdio_usb.c.obj
                0x10004bd4                stdio_usb_in_chars
 .text.stdio_usb_out_flush
                0x10004c60       0x4c CMakeFiles/LibraryAccessControl.dir/C_/Users/danni/.pico-sdk/sdk/2.1.1/src/rp2_common/pico_stdio_usb/stdio_usb.c.obj
 .text.stdio_usb_out_chars
                0x10004cac      0x100 CMakeFiles/LibraryAccessControl.dir/C_/Users/danni/.pico-sdk/sdk/2.1.1/src/rp2_common/pico_stdio_usb/stdio_usb.c.obj
 .text.low_priority_worker_irq
                0x10004dac       0xc8 CMakeFiles/LibraryAccessControl.dir/C_/Users/danni/.pico-sdk/sdk/2.1.1/src/rp2_common/pico_stdio_usb/stdio_usb.c.obj
 .text.stdio_usb_init
                0x10004e74       0xe8 CMakeFiles/LibraryAccessControl.dir/C_/Users/danni/.pico-sdk/sdk/2.1.1/src/rp2_common/pico_stdio_usb/stdio_usb.c.obj
                0x10004e74                stdio_usb_init
 .text.tud_descriptor_device_cb
                0x10004f5c        0x8 CMakeFiles/LibraryAccessControl.dir/C_/Users/danni/.pico-sdk/sdk/2.1.1/src/rp2_common/pico_stdio_usb/stdio_usb_descriptors.c.obj
                0x10004f5c                tud_descriptor_device_cb
 .text.tud_descriptor_configuration_cb
                0x10004f64        0x8 CMakeFiles/LibraryAccessControl.dir/C_/Users/danni/.pico-sdk/sdk/2.1.1/src/rp2_common/pico_stdio_usb/stdio_usb_descriptors.c.obj
                0x10004f64                tud_descriptor_configuration_cb
 .text.tud_descriptor_string_cb
                0x10004f6c       0x78 CMakeFiles/LibraryAccessControl.dir/C_/Users/danni/.pico-sdk/sdk/2.1.1/src/rp2_common/pico_stdio_usb/stdio_usb_descriptors.c.obj
                0x10004f6c                tud_descriptor_string_cb
 .text.startup._retrieve_unique_id_on_boot
                0x10004fe4       0x10 CMakeFiles/LibraryAccessControl.dir/C_/Users/danni/.pico-sdk/sdk/2.1.1/src/rp2_common/pico_unique_id/unique_id.c.obj
 .text.pico_get_unique_board_id_string
                0x10004ff4      0x1a8 CMakeFiles/LibraryAccessControl.dir/C_/Users/danni/.pico-sdk/sdk/2.1.1/src/rp2_common/pico_unique_id/unique_id.c.obj
                0x10004ff4                pico_get_unique_board_id_string
 .text.flash_get_unique_id
                0x1000519c       0x3c CMakeFiles/LibraryAccessControl.dir/C_/Users/danni/.pico-sdk/sdk/2.1.1/src/rp2_common/hardware_flash/flash.c.obj
                0x1000519c                flash_get_unique_id
 .text.dcd_init
                0x100051d8       0x90 CMakeFiles/LibraryAccessControl.dir/C_/Users/danni/.pico-sdk/sdk/2.1.1/lib/tinyusb/src/portable/raspberrypi/rp2040/dcd_rp2040.c.obj
                0x100051d8                dcd_init
 .text.dcd_int_enable
                0x10005268        0xc CMakeFiles/LibraryAccessControl.dir/C_/Users/danni/.pico-sdk/sdk/2.1.1/lib/tinyusb/src/portable/raspberrypi/rp2040/dcd_rp2040.c.obj
                0x10005268                dcd_int_enable
 .text.dcd_set_address
                0x10005274       0x14 CMakeFiles/LibraryAccessControl.dir/C_/Users/danni/.pico-sdk/sdk/2.1.1/lib/tinyusb/src/portable/raspberrypi/rp2040/dcd_rp2040.c.obj
                0x10005274                dcd_set_address
 .text.dcd_sof_enable
                0x10005288       0x1c CMakeFiles/LibraryAccessControl.dir/C_/Users/danni/.pico-sdk/sdk/2.1.1/lib/tinyusb/src/portable/raspberrypi/rp2040/dcd_rp2040.c.obj
                0x10005288                dcd_sof_enable
 .text.dcd_edpt0_status_complete
                0x100052a4       0x1c CMakeFiles/LibraryAccessControl.dir/C_/Users/danni/.pico-sdk/sdk/2.1.1/lib/tinyusb/src/portable/raspberrypi/rp2040/dcd_rp2040.c.obj
                0x100052a4                dcd_edpt0_status_complete
 .text.dcd_edpt_open
                0x100052c0      0x114 CMakeFiles/LibraryAccessControl.dir/C_/Users/danni/.pico-sdk/sdk/2.1.1/lib/tinyusb/src/portable/raspberrypi/rp2040/dcd_rp2040.c.obj
                0x100052c0                dcd_edpt_open
 .text.dcd_edpt_close_all
                0x100053d4        0x8 CMakeFiles/LibraryAccessControl.dir/C_/Users/danni/.pico-sdk/sdk/2.1.1/lib/tinyusb/src/portable/raspberrypi/rp2040/dcd_rp2040.c.obj
                0x100053d4                dcd_edpt_close_all
 .text.dcd_edpt_xfer
                0x100053dc       0x24 CMakeFiles/LibraryAccessControl.dir/C_/Users/danni/.pico-sdk/sdk/2.1.1/lib/tinyusb/src/portable/raspberrypi/rp2040/dcd_rp2040.c.obj
                0x100053dc                dcd_edpt_xfer
 .text.dcd_edpt_stall
                0x10005400       0x3c CMakeFiles/LibraryAccessControl.dir/C_/Users/danni/.pico-sdk/sdk/2.1.1/lib/tinyusb/src/portable/raspberrypi/rp2040/dcd_rp2040.c.obj
                0x10005400                dcd_edpt_stall
 .text.dcd_edpt_clear_stall
                0x1000543c       0x30 CMakeFiles/LibraryAccessControl.dir/C_/Users/danni/.pico-sdk/sdk/2.1.1/lib/tinyusb/src/portable/raspberrypi/rp2040/dcd_rp2040.c.obj
                0x1000543c                dcd_edpt_clear_stall
 .text.rp2040_usb_init
                0x1000546c       0x40 CMakeFiles/LibraryAccessControl.dir/C_/Users/danni/.pico-sdk/sdk/2.1.1/lib/tinyusb/src/portable/raspberrypi/rp2040/rp2040_usb.c.obj
                0x1000546c                rp2040_usb_init
 .text.hw_endpoint_xfer_start
                0x100054ac       0x40 CMakeFiles/LibraryAccessControl.dir/C_/Users/danni/.pico-sdk/sdk/2.1.1/lib/tinyusb/src/portable/raspberrypi/rp2040/rp2040_usb.c.obj
                0x100054ac                hw_endpoint_xfer_start
 .text.tud_event_hook_cb
                0x100054ec        0x4 CMakeFiles/LibraryAccessControl.dir/C_/Users/danni/.pico-sdk/sdk/2.1.1/lib/tinyusb/src/device/usbd.c.obj
                0x100054ec                tud_event_hook_cb
 .text.tud_sof_cb
                0x100054f0        0x4 CMakeFiles/LibraryAccessControl.dir/C_/Users/danni/.pico-sdk/sdk/2.1.1/lib/tinyusb/src/device/usbd.c.obj
                0x100054f0                tud_sof_cb
 .text.tud_descriptor_device_qualifier_cb
                0x100054f4        0x4 CMakeFiles/LibraryAccessControl.dir/C_/Users/danni/.pico-sdk/sdk/2.1.1/lib/tinyusb/src/device/usbd.c.obj
                0x100054f4                tud_descriptor_device_qualifier_cb
 .text.tud_descriptor_other_speed_configuration_cb
                0x100054f8        0x4 CMakeFiles/LibraryAccessControl.dir/C_/Users/danni/.pico-sdk/sdk/2.1.1/lib/tinyusb/src/device/usbd.c.obj
                0x100054f8                tud_descriptor_other_speed_configuration_cb
 .text.tud_mount_cb
                0x100054fc        0x4 CMakeFiles/LibraryAccessControl.dir/C_/Users/danni/.pico-sdk/sdk/2.1.1/lib/tinyusb/src/device/usbd.c.obj
                0x100054fc                tud_mount_cb
 .text.tud_umount_cb
                0x10005500        0x4 CMakeFiles/LibraryAccessControl.dir/C_/Users/danni/.pico-sdk/sdk/2.1.1/lib/tinyusb/src/device/usbd.c.obj
                0x10005500                tud_umount_cb
 .text.tud_suspend_cb
                0x10005504        0x4 CMakeFiles/LibraryAccessControl.dir/C_/Users/danni/.pico-sdk/sdk/2.1.1/lib/tinyusb/src/device/usbd.c.obj
                0x10005504                tud_suspend_cb
 .text.tud_resume_cb
                0x10005508        0x4 CMakeFiles/LibraryAccessControl.dir/C_/Users/danni/.pico-sdk/sdk/2.1.1/lib/tinyusb/src/device/usbd.c.obj
                0x10005508                tud_resume_cb
 .text.tud_mounted
                0x1000550c       0x10 CMakeFiles/LibraryAccessControl.dir/C_/Users/danni/.pico-sdk/sdk/2.1.1/lib/tinyusb/src/device/usbd.c.obj
                0x1000550c                tud_mounted
 .text.tud_suspended
                0x1000551c       0x10 CMakeFiles/LibraryAccessControl.dir/C_/Users/danni/.pico-sdk/sdk/2.1.1/lib/tinyusb/src/device/usbd.c.obj
                0x1000551c                tud_suspended
 .text.tud_rhport_init
                0x1000552c       0xf4 CMakeFiles/LibraryAccessControl.dir/C_/Users/danni/.pico-sdk/sdk/2.1.1/lib/tinyusb/src/device/usbd.c.obj
                0x1000552c                tud_rhport_init
 .text.tud_task_ext
                0x10005620      0x800 CMakeFiles/LibraryAccessControl.dir/C_/Users/danni/.pico-sdk/sdk/2.1.1/lib/tinyusb/src/device/usbd.c.obj
                0x10005620                tud_task_ext
 .text.usbd_open_edpt_pair
                0x10005e20       0x9c CMakeFiles/LibraryAccessControl.dir/C_/Users/danni/.pico-sdk/sdk/2.1.1/lib/tinyusb/src/device/usbd.c.obj
                0x10005e20                usbd_open_edpt_pair
 .text.usbd_edpt_open
                0x10005ebc       0x34 CMakeFiles/LibraryAccessControl.dir/C_/Users/danni/.pico-sdk/sdk/2.1.1/lib/tinyusb/src/device/usbd.c.obj
                0x10005ebc                usbd_edpt_open
 .text.usbd_edpt_claim
                0x10005ef0       0x28 CMakeFiles/LibraryAccessControl.dir/C_/Users/danni/.pico-sdk/sdk/2.1.1/lib/tinyusb/src/device/usbd.c.obj
                0x10005ef0                usbd_edpt_claim
 .text.usbd_edpt_release
                0x10005f18       0x28 CMakeFiles/LibraryAccessControl.dir/C_/Users/danni/.pico-sdk/sdk/2.1.1/lib/tinyusb/src/device/usbd.c.obj
                0x10005f18                usbd_edpt_release
 .text.usbd_edpt_xfer
                0x10005f40       0x4c CMakeFiles/LibraryAccessControl.dir/C_/Users/danni/.pico-sdk/sdk/2.1.1/lib/tinyusb/src/device/usbd.c.obj
                0x10005f40                usbd_edpt_xfer
 .text.tud_control_status
                0x10005f8c       0x2c CMakeFiles/LibraryAccessControl.dir/C_/Users/danni/.pico-sdk/sdk/2.1.1/lib/tinyusb/src/device/usbd_control.c.obj
                0x10005f8c                tud_control_status
 .text.tud_control_xfer
                0x10005fb8       0xa8 CMakeFiles/LibraryAccessControl.dir/C_/Users/danni/.pico-sdk/sdk/2.1.1/lib/tinyusb/src/device/usbd_control.c.obj
                0x10005fb8                tud_control_xfer
 .text.usbd_control_reset
                0x10006060       0x14 CMakeFiles/LibraryAccessControl.dir/C_/Users/danni/.pico-sdk/sdk/2.1.1/lib/tinyusb/src/device/usbd_control.c.obj
                0x10006060                usbd_control_reset
 .text.usbd_control_set_complete_callback
                0x10006074        0xc CMakeFiles/LibraryAccessControl.dir/C_/Users/danni/.pico-sdk/sdk/2.1.1/lib/tinyusb/src/device/usbd_control.c.obj
                0x10006074                usbd_control_set_complete_callback
 .text.usbd_control_set_request
                0x10006080       0x1c CMakeFiles/LibraryAccessControl.dir/C_/Users/danni/.pico-sdk/sdk/2.1.1/lib/tinyusb/src/device/usbd_control.c.obj
                0x10006080                usbd_control_set_request
 .text.usbd_control_xfer_cb
                0x1000609c       0xec CMakeFiles/LibraryAccessControl.dir/C_/Users/danni/.pico-sdk/sdk/2.1.1/lib/tinyusb/src/device/usbd_control.c.obj
                0x1000609c                usbd_control_xfer_cb
 .text._prep_out_transaction.isra.0
                0x10006188       0x6c CMakeFiles/LibraryAccessControl.dir/C_/Users/danni/.pico-sdk/sdk/2.1.1/lib/tinyusb/src/class/cdc/cdc_device.c.obj
 .text.tud_cdc_n_connected
                0x100061f4       0x2c CMakeFiles/LibraryAccessControl.dir/C_/Users/danni/.pico-sdk/sdk/2.1.1/lib/tinyusb/src/class/cdc/cdc_device.c.obj
                0x100061f4                tud_cdc_n_connected
 .text.tud_cdc_n_available
                0x10006220       0x14 CMakeFiles/LibraryAccessControl.dir/C_/Users/danni/.pico-sdk/sdk/2.1.1/lib/tinyusb/src/class/cdc/cdc_device.c.obj
                0x10006220                tud_cdc_n_available
 .text.tud_cdc_n_read
                0x10006234       0x88 CMakeFiles/LibraryAccessControl.dir/C_/Users/danni/.pico-sdk/sdk/2.1.1/lib/tinyusb/src/class/cdc/cdc_device.c.obj
                0x10006234                tud_cdc_n_read
 .text.tud_cdc_n_write_flush
                0x100062bc       0x74 CMakeFiles/LibraryAccessControl.dir/C_/Users/danni/.pico-sdk/sdk/2.1.1/lib/tinyusb/src/class/cdc/cdc_device.c.obj
                0x100062bc                tud_cdc_n_write_flush
 .text.tud_cdc_n_write
                0x10006330       0x40 CMakeFiles/LibraryAccessControl.dir/C_/Users/danni/.pico-sdk/sdk/2.1.1/lib/tinyusb/src/class/cdc/cdc_device.c.obj
                0x10006330                tud_cdc_n_write
 .text.tud_cdc_n_write_available
                0x10006370       0x14 CMakeFiles/LibraryAccessControl.dir/C_/Users/danni/.pico-sdk/sdk/2.1.1/lib/tinyusb/src/class/cdc/cdc_device.c.obj
                0x10006370                tud_cdc_n_write_available
 .text.cdcd_init
                0x10006384       0x70 CMakeFiles/LibraryAccessControl.dir/C_/Users/danni/.pico-sdk/sdk/2.1.1/lib/tinyusb/src/class/cdc/cdc_device.c.obj
                0x10006384                cdcd_init
 .text.cdcd_deinit
                0x100063f4       0x30 CMakeFiles/LibraryAccessControl.dir/C_/Users/danni/.pico-sdk/sdk/2.1.1/lib/tinyusb/src/class/cdc/cdc_device.c.obj
                0x100063f4                cdcd_deinit
 .text.cdcd_reset
                0x10006424       0x4c CMakeFiles/LibraryAccessControl.dir/C_/Users/danni/.pico-sdk/sdk/2.1.1/lib/tinyusb/src/class/cdc/cdc_device.c.obj
                0x10006424                cdcd_reset
 .text.cdcd_open
                0x10006470       0xa4 CMakeFiles/LibraryAccessControl.dir/C_/Users/danni/.pico-sdk/sdk/2.1.1/lib/tinyusb/src/class/cdc/cdc_device.c.obj
                0x10006470                cdcd_open
 .text.cdcd_control_xfer_cb
                0x10006514       0xe8 CMakeFiles/LibraryAccessControl.dir/C_/Users/danni/.pico-sdk/sdk/2.1.1/lib/tinyusb/src/class/cdc/cdc_device.c.obj
                0x10006514                cdcd_control_xfer_cb
 .text.cdcd_xfer_cb
                0x100065fc      0x100 CMakeFiles/LibraryAccessControl.dir/C_/Users/danni/.pico-sdk/sdk/2.1.1/lib/tinyusb/src/class/cdc/cdc_device.c.obj
                0x100065fc                cdcd_xfer_cb
 .text.vendord_init
                0x100066fc       0x5c CMakeFiles/LibraryAccessControl.dir/C_/Users/danni/.pico-sdk/sdk/2.1.1/lib/tinyusb/src/class/vendor/vendor_device.c.obj
                0x100066fc                vendord_init
 .text.vendord_deinit
                0x10006758       0x1c CMakeFiles/LibraryAccessControl.dir/C_/Users/danni/.pico-sdk/sdk/2.1.1/lib/tinyusb/src/class/vendor/vendor_device.c.obj
                0x10006758                vendord_deinit
 .text.vendord_reset
                0x10006774       0x28 CMakeFiles/LibraryAccessControl.dir/C_/Users/danni/.pico-sdk/sdk/2.1.1/lib/tinyusb/src/class/vendor/vendor_device.c.obj
                0x10006774                vendord_reset
 .text.vendord_open
                0x1000679c      0x120 CMakeFiles/LibraryAccessControl.dir/C_/Users/danni/.pico-sdk/sdk/2.1.1/lib/tinyusb/src/class/vendor/vendor_device.c.obj
                0x1000679c                vendord_open
 .text.vendord_xfer_cb
                0x100068bc       0x9c CMakeFiles/LibraryAccessControl.dir/C_/Users/danni/.pico-sdk/sdk/2.1.1/lib/tinyusb/src/class/vendor/vendor_device.c.obj
                0x100068bc                vendord_xfer_cb
 .text.tusb_rhport_init
                0x10006958       0x4c CMakeFiles/LibraryAccessControl.dir/C_/Users/danni/.pico-sdk/sdk/2.1.1/lib/tinyusb/src/tusb.c.obj
                0x10006958                tusb_rhport_init
 .text.tu_edpt_claim
                0x100069a4       0x50 CMakeFiles/LibraryAccessControl.dir/C_/Users/danni/.pico-sdk/sdk/2.1.1/lib/tinyusb/src/tusb.c.obj
                0x100069a4                tu_edpt_claim
 .text.tu_edpt_release
                0x100069f4       0x38 CMakeFiles/LibraryAccessControl.dir/C_/Users/danni/.pico-sdk/sdk/2.1.1/lib/tinyusb/src/tusb.c.obj
                0x100069f4                tu_edpt_release
 .text.tu_edpt_validate
                0x10006a2c       0x7c CMakeFiles/LibraryAccessControl.dir/C_/Users/danni/.pico-sdk/sdk/2.1.1/lib/tinyusb/src/tusb.c.obj
                0x10006a2c                tu_edpt_validate
 .text.tu_edpt_bind_driver
                0x10006aa8       0x34 CMakeFiles/LibraryAccessControl.dir/C_/Users/danni/.pico-sdk/sdk/2.1.1/lib/tinyusb/src/tusb.c.obj
                0x10006aa8                tu_edpt_bind_driver
 .text.tu_edpt_stream_init
                0x10006adc       0x6c CMakeFiles/LibraryAccessControl.dir/C_/Users/danni/.pico-sdk/sdk/2.1.1/lib/tinyusb/src/tusb.c.obj
                0x10006adc                tu_edpt_stream_init
 .text.tu_edpt_stream_deinit
                0x10006b48        0x4 CMakeFiles/LibraryAccessControl.dir/C_/Users/danni/.pico-sdk/sdk/2.1.1/lib/tinyusb/src/tusb.c.obj
                0x10006b48                tu_edpt_stream_deinit
 .text.tu_edpt_stream_write_zlp_if_needed
                0x10006b4c       0x68 CMakeFiles/LibraryAccessControl.dir/C_/Users/danni/.pico-sdk/sdk/2.1.1/lib/tinyusb/src/tusb.c.obj
                0x10006b4c                tu_edpt_stream_write_zlp_if_needed
 .text.tu_edpt_stream_write_xfer
                0x10006bb4       0x68 CMakeFiles/LibraryAccessControl.dir/C_/Users/danni/.pico-sdk/sdk/2.1.1/lib/tinyusb/src/tusb.c.obj
                0x10006bb4                tu_edpt_stream_write_xfer
 .text.tu_edpt_stream_read_xfer
                0x10006c1c       0xd8 CMakeFiles/LibraryAccessControl.dir/C_/Users/danni/.pico-sdk/sdk/2.1.1/lib/tinyusb/src/tusb.c.obj
                0x10006c1c                tu_edpt_stream_read_xfer
 .text.tu_fifo_config
                0x10006cf4       0x6c CMakeFiles/LibraryAccessControl.dir/C_/Users/danni/.pico-sdk/sdk/2.1.1/lib/tinyusb/src/common/tusb_fifo.c.obj
                0x10006cf4                tu_fifo_config
 .text.tu_fifo_count
                0x10006d60       0x2c CMakeFiles/LibraryAccessControl.dir/C_/Users/danni/.pico-sdk/sdk/2.1.1/lib/tinyusb/src/common/tusb_fifo.c.obj
                0x10006d60                tu_fifo_count
 .text.tu_fifo_empty
                0x10006d8c       0x10 CMakeFiles/LibraryAccessControl.dir/C_/Users/danni/.pico-sdk/sdk/2.1.1/lib/tinyusb/src/common/tusb_fifo.c.obj
                0x10006d8c                tu_fifo_empty
 .text.tu_fifo_remaining
                0x10006d9c       0x2c CMakeFiles/LibraryAccessControl.dir/C_/Users/danni/.pico-sdk/sdk/2.1.1/lib/tinyusb/src/common/tusb_fifo.c.obj
                0x10006d9c                tu_fifo_remaining
 .text.tu_fifo_read
                0x10006dc8       0x9c CMakeFiles/LibraryAccessControl.dir/C_/Users/danni/.pico-sdk/sdk/2.1.1/lib/tinyusb/src/common/tusb_fifo.c.obj
                0x10006dc8                tu_fifo_read
 .text.tu_fifo_read_n
                0x10006e64       0xe8 CMakeFiles/LibraryAccessControl.dir/C_/Users/danni/.pico-sdk/sdk/2.1.1/lib/tinyusb/src/common/tusb_fifo.c.obj
                0x10006e64                tu_fifo_read_n
 .text.tu_fifo_write
                0x10006f4c       0xa4 CMakeFiles/LibraryAccessControl.dir/C_/Users/danni/.pico-sdk/sdk/2.1.1/lib/tinyusb/src/common/tusb_fifo.c.obj
                0x10006f4c                tu_fifo_write
 .text.tu_fifo_write_n
                0x10006ff0      0x178 CMakeFiles/LibraryAccessControl.dir/C_/Users/danni/.pico-sdk/sdk/2.1.1/lib/tinyusb/src/common/tusb_fifo.c.obj
                0x10006ff0                tu_fifo_write_n
 .text.tu_fifo_clear
                0x10007168       0x40 CMakeFiles/LibraryAccessControl.dir/C_/Users/danni/.pico-sdk/sdk/2.1.1/lib/tinyusb/src/common/tusb_fifo.c.obj
                0x10007168                tu_fifo_clear
 .text.tu_fifo_set_overwritable
                0x100071a8       0x48 CMakeFiles/LibraryAccessControl.dir/C_/Users/danni/.pico-sdk/sdk/2.1.1/lib/tinyusb/src/common/tusb_fifo.c.obj
                0x100071a8                tu_fifo_set_overwritable
 .text.i2c_write_blocking_internal.constprop.0
                0x100071f0       0xf8 CMakeFiles/LibraryAccessControl.dir/C_/Users/danni/.pico-sdk/sdk/2.1.1/src/rp2_common/hardware_i2c/i2c.c.obj
 .text.i2c_set_baudrate
                0x100072e8       0xc0 CMakeFiles/LibraryAccessControl.dir/C_/Users/danni/.pico-sdk/sdk/2.1.1/src/rp2_common/hardware_i2c/i2c.c.obj
                0x100072e8                i2c_set_baudrate
 .text.i2c_init
                0x100073a8       0x50 CMakeFiles/LibraryAccessControl.dir/C_/Users/danni/.pico-sdk/sdk/2.1.1/src/rp2_common/hardware_i2c/i2c.c.obj
                0x100073a8                i2c_init
 .text.i2c_write_blocking
                0x100073f8       0x14 CMakeFiles/LibraryAccessControl.dir/C_/Users/danni/.pico-sdk/sdk/2.1.1/src/rp2_common/hardware_i2c/i2c.c.obj
                0x100073f8                i2c_write_blocking
 *fill*         0x1000740c        0x4 
 .text.vPortStartFirstTask
                0x10007410       0x34 CMakeFiles/LibraryAccessControl.dir/C_/FreeRTOS-Kernel/portable/ThirdParty/GCC/RP2040/port.c.obj
 *fill*         0x10007444        0xc 
 .text.xPortPendSVHandler
                0x10007450       0x64 CMakeFiles/LibraryAccessControl.dir/C_/FreeRTOS-Kernel/portable/ThirdParty/GCC/RP2040/port.c.obj
                0x10007450                xPortPendSVHandler
 .text.prvTaskExitError
                0x100074b4        0x8 CMakeFiles/LibraryAccessControl.dir/C_/FreeRTOS-Kernel/portable/ThirdParty/GCC/RP2040/port.c.obj
 .text.prvFIFOInterruptHandler
                0x100074bc       0x78 CMakeFiles/LibraryAccessControl.dir/C_/FreeRTOS-Kernel/portable/ThirdParty/GCC/RP2040/port.c.obj
 .text.vPortSVCHandler
                0x10007534        0x4 CMakeFiles/LibraryAccessControl.dir/C_/FreeRTOS-Kernel/portable/ThirdParty/GCC/RP2040/port.c.obj
                0x10007534                vPortSVCHandler
 .text.pxPortInitialiseStack
                0x10007538       0x20 CMakeFiles/LibraryAccessControl.dir/C_/FreeRTOS-Kernel/portable/ThirdParty/GCC/RP2040/port.c.obj
                0x10007538                pxPortInitialiseStack
 .text.vPortYield
                0x10007558       0x18 CMakeFiles/LibraryAccessControl.dir/C_/FreeRTOS-Kernel/portable/ThirdParty/GCC/RP2040/port.c.obj
                0x10007558                vPortYield
 .text.vPortEnterCritical
                0x10007570       0x18 CMakeFiles/LibraryAccessControl.dir/C_/FreeRTOS-Kernel/portable/ThirdParty/GCC/RP2040/port.c.obj
                0x10007570                vPortEnterCritical
 .text.vPortExitCritical
                0x10007588       0x14 CMakeFiles/LibraryAccessControl.dir/C_/FreeRTOS-Kernel/portable/ThirdParty/GCC/RP2040/port.c.obj
                0x10007588                vPortExitCritical
 .text.ulSetInterruptMaskFromISR
                0x1000759c        0x8 CMakeFiles/LibraryAccessControl.dir/C_/FreeRTOS-Kernel/portable/ThirdParty/GCC/RP2040/port.c.obj
                0x1000759c                ulSetInterruptMaskFromISR
 .text.vClearInterruptMaskFromISR
                0x100075a4        0x8 CMakeFiles/LibraryAccessControl.dir/C_/FreeRTOS-Kernel/portable/ThirdParty/GCC/RP2040/port.c.obj
                0x100075a4                vClearInterruptMaskFromISR
 .text.xPortSysTickHandler
                0x100075ac       0x24 CMakeFiles/LibraryAccessControl.dir/C_/FreeRTOS-Kernel/portable/ThirdParty/GCC/RP2040/port.c.obj
                0x100075ac                xPortSysTickHandler
 .text.vPortSetupTimerInterrupt
                0x100075d0       0x34 CMakeFiles/LibraryAccessControl.dir/C_/FreeRTOS-Kernel/portable/ThirdParty/GCC/RP2040/port.c.obj
                0x100075d0                vPortSetupTimerInterrupt
 .text.xPortStartScheduler
                0x10007604       0x9c CMakeFiles/LibraryAccessControl.dir/C_/FreeRTOS-Kernel/portable/ThirdParty/GCC/RP2040/port.c.obj
                0x10007604                xPortStartScheduler
 .text.ulPortLockGetCurrentOwnerId
                0x100076a0       0x2c CMakeFiles/LibraryAccessControl.dir/C_/FreeRTOS-Kernel/portable/ThirdParty/GCC/RP2040/port.c.obj
                0x100076a0                ulPortLockGetCurrentOwnerId
 .text.vPortLockInternalSpinUnlockWithWait
                0x100076cc       0x68 CMakeFiles/LibraryAccessControl.dir/C_/FreeRTOS-Kernel/portable/ThirdParty/GCC/RP2040/port.c.obj
                0x100076cc                vPortLockInternalSpinUnlockWithWait
 .text.vPortLockInternalSpinUnlockWithNotify
                0x10007734       0xc8 CMakeFiles/LibraryAccessControl.dir/C_/FreeRTOS-Kernel/portable/ThirdParty/GCC/RP2040/port.c.obj
                0x10007734                vPortLockInternalSpinUnlockWithNotify
 .text.xPortLockInternalSpinUnlockWithBestEffortWaitOrTimeout
                0x100077fc       0xf4 CMakeFiles/LibraryAccessControl.dir/C_/FreeRTOS-Kernel/portable/ThirdParty/GCC/RP2040/port.c.obj
                0x100077fc                xPortLockInternalSpinUnlockWithBestEffortWaitOrTimeout
 .text.startup.prvRuntimeInitializer
                0x100078f0       0x28 CMakeFiles/LibraryAccessControl.dir/C_/FreeRTOS-Kernel/portable/ThirdParty/GCC/RP2040/port.c.obj
 .text.vEventGroupSetBitsCallback
                0x10007918       0x90 CMakeFiles/LibraryAccessControl.dir/C_/FreeRTOS-Kernel/event_groups.c.obj
                0x10007918                vEventGroupSetBitsCallback
 .text.xEventGroupCreate
                0x100079a8       0x18 CMakeFiles/LibraryAccessControl.dir/C_/FreeRTOS-Kernel/event_groups.c.obj
                0x100079a8                xEventGroupCreate
 .text.xEventGroupWaitBits
                0x100079c0       0xb8 CMakeFiles/LibraryAccessControl.dir/C_/FreeRTOS-Kernel/event_groups.c.obj
                0x100079c0                xEventGroupWaitBits
 .text.xEventGroupSetBits
                0x10007a78       0x9c CMakeFiles/LibraryAccessControl.dir/C_/FreeRTOS-Kernel/event_groups.c.obj
                0x10007a78                xEventGroupSetBits
 .text.xEventGroupSetBitsFromISR
                0x10007b14       0x18 CMakeFiles/LibraryAccessControl.dir/C_/FreeRTOS-Kernel/event_groups.c.obj
                0x10007b14                xEventGroupSetBitsFromISR
 .text.vListInitialise
                0x10007b2c       0x18 CMakeFiles/LibraryAccessControl.dir/C_/FreeRTOS-Kernel/list.c.obj
                0x10007b2c                vListInitialise
 .text.vListInitialiseItem
                0x10007b44        0x8 CMakeFiles/LibraryAccessControl.dir/C_/FreeRTOS-Kernel/list.c.obj
                0x10007b44                vListInitialiseItem
 .text.vListInsert
                0x10007b4c       0x30 CMakeFiles/LibraryAccessControl.dir/C_/FreeRTOS-Kernel/list.c.obj
                0x10007b4c                vListInsert
 .text.uxListRemove
                0x10007b7c       0x20 CMakeFiles/LibraryAccessControl.dir/C_/FreeRTOS-Kernel/list.c.obj
                0x10007b7c                uxListRemove
 .text.prvUnlockQueue
                0x10007b9c      0x17c CMakeFiles/LibraryAccessControl.dir/C_/FreeRTOS-Kernel/queue.c.obj
 .text.prvNotifyQueueSetContainer
                0x10007d18       0x90 CMakeFiles/LibraryAccessControl.dir/C_/FreeRTOS-Kernel/queue.c.obj
 .text.xQueueGenericCreate
                0x10007da8       0xa4 CMakeFiles/LibraryAccessControl.dir/C_/FreeRTOS-Kernel/queue.c.obj
                0x10007da8                xQueueGenericCreate
 .text.xQueueCreateCountingSemaphore
                0x10007e4c       0x68 CMakeFiles/LibraryAccessControl.dir/C_/FreeRTOS-Kernel/queue.c.obj
                0x10007e4c                xQueueCreateCountingSemaphore
 .text.xQueueGenericSend
                0x10007eb4      0x1d4 CMakeFiles/LibraryAccessControl.dir/C_/FreeRTOS-Kernel/queue.c.obj
                0x10007eb4                xQueueGenericSend
 .text.xQueueCreateMutex
                0x10008088       0x6c CMakeFiles/LibraryAccessControl.dir/C_/FreeRTOS-Kernel/queue.c.obj
                0x10008088                xQueueCreateMutex
 .text.xQueueGenericSendFromISR
                0x100080f4      0x150 CMakeFiles/LibraryAccessControl.dir/C_/FreeRTOS-Kernel/queue.c.obj
                0x100080f4                xQueueGenericSendFromISR
 .text.xQueueGiveFromISR
                0x10008244       0x7c CMakeFiles/LibraryAccessControl.dir/C_/FreeRTOS-Kernel/queue.c.obj
                0x10008244                xQueueGiveFromISR
 .text.xQueueReceive
                0x100082c0      0x11c CMakeFiles/LibraryAccessControl.dir/C_/FreeRTOS-Kernel/queue.c.obj
                0x100082c0                xQueueReceive
 .text.xQueueSemaphoreTake
                0x100083dc      0x144 CMakeFiles/LibraryAccessControl.dir/C_/FreeRTOS-Kernel/queue.c.obj
                0x100083dc                xQueueSemaphoreTake
 .text.vQueueAddToRegistry
                0x10008520      0x118 CMakeFiles/LibraryAccessControl.dir/C_/FreeRTOS-Kernel/queue.c.obj
                0x10008520                vQueueAddToRegistry
 .text.vQueueWaitForMessageRestricted
                0x10008638       0x48 CMakeFiles/LibraryAccessControl.dir/C_/FreeRTOS-Kernel/queue.c.obj
                0x10008638                vQueueWaitForMessageRestricted
 .text.prvAddNewTaskToReadyList
                0x10008680      0x124 CMakeFiles/LibraryAccessControl.dir/C_/FreeRTOS-Kernel/tasks.c.obj
 .text.prvCreateTask
                0x100087a4      0x130 CMakeFiles/LibraryAccessControl.dir/C_/FreeRTOS-Kernel/tasks.c.obj
 .text.prvIdleTask
                0x100088d4       0x60 CMakeFiles/LibraryAccessControl.dir/C_/FreeRTOS-Kernel/tasks.c.obj
 .text.xTaskIncrementTick.part.0
                0x10008934      0x194 CMakeFiles/LibraryAccessControl.dir/C_/FreeRTOS-Kernel/tasks.c.obj
 .text.xTaskCreate
                0x10008ac8       0x24 CMakeFiles/LibraryAccessControl.dir/C_/FreeRTOS-Kernel/tasks.c.obj
                0x10008ac8                xTaskCreate
 .text.vTaskStartScheduler
                0x10008aec       0x74 CMakeFiles/LibraryAccessControl.dir/C_/FreeRTOS-Kernel/tasks.c.obj
                0x10008aec                vTaskStartScheduler
 .text.vTaskSuspendAll
                0x10008b60       0x10 CMakeFiles/LibraryAccessControl.dir/C_/FreeRTOS-Kernel/tasks.c.obj
                0x10008b60                vTaskSuspendAll
 .text.xTaskResumeAll
                0x10008b70      0x188 CMakeFiles/LibraryAccessControl.dir/C_/FreeRTOS-Kernel/tasks.c.obj
                0x10008b70                xTaskResumeAll
 .text.vTaskDelay
                0x10008cf8       0x84 CMakeFiles/LibraryAccessControl.dir/C_/FreeRTOS-Kernel/tasks.c.obj
                0x10008cf8                vTaskDelay
 .text.xTaskGetTickCount
                0x10008d7c        0xc CMakeFiles/LibraryAccessControl.dir/C_/FreeRTOS-Kernel/tasks.c.obj
                0x10008d7c                xTaskGetTickCount
 .text.uxTaskGetNumberOfTasks
                0x10008d88        0xc CMakeFiles/LibraryAccessControl.dir/C_/FreeRTOS-Kernel/tasks.c.obj
                0x10008d88                uxTaskGetNumberOfTasks
 .text.xTaskIncrementTick
                0x10008d94       0x24 CMakeFiles/LibraryAccessControl.dir/C_/FreeRTOS-Kernel/tasks.c.obj
                0x10008d94                xTaskIncrementTick
 .text.vTaskSwitchContext
                0x10008db8       0x7c CMakeFiles/LibraryAccessControl.dir/C_/FreeRTOS-Kernel/tasks.c.obj
                0x10008db8                vTaskSwitchContext
 .text.vTaskPlaceOnEventList
                0x10008e34       0xa0 CMakeFiles/LibraryAccessControl.dir/C_/FreeRTOS-Kernel/tasks.c.obj
                0x10008e34                vTaskPlaceOnEventList
 .text.vTaskPlaceOnUnorderedEventList
                0x10008ed4       0xc4 CMakeFiles/LibraryAccessControl.dir/C_/FreeRTOS-Kernel/tasks.c.obj
                0x10008ed4                vTaskPlaceOnUnorderedEventList
 .text.vTaskPlaceOnEventListRestricted
                0x10008f98       0xf4 CMakeFiles/LibraryAccessControl.dir/C_/FreeRTOS-Kernel/tasks.c.obj
                0x10008f98                vTaskPlaceOnEventListRestricted
 .text.xTaskRemoveFromEventList
                0x1000908c       0xcc CMakeFiles/LibraryAccessControl.dir/C_/FreeRTOS-Kernel/tasks.c.obj
                0x1000908c                xTaskRemoveFromEventList
 .text.vTaskRemoveFromUnorderedEventList
                0x10009158       0x94 CMakeFiles/LibraryAccessControl.dir/C_/FreeRTOS-Kernel/tasks.c.obj
                0x10009158                vTaskRemoveFromUnorderedEventList
 .text.vTaskInternalSetTimeOutState
                0x100091ec       0x18 CMakeFiles/LibraryAccessControl.dir/C_/FreeRTOS-Kernel/tasks.c.obj
                0x100091ec                vTaskInternalSetTimeOutState
 .text.xTaskCheckForTimeOut
                0x10009204       0x74 CMakeFiles/LibraryAccessControl.dir/C_/FreeRTOS-Kernel/tasks.c.obj
                0x10009204                xTaskCheckForTimeOut
 .text.vTaskMissedYield
                0x10009278        0xc CMakeFiles/LibraryAccessControl.dir/C_/FreeRTOS-Kernel/tasks.c.obj
                0x10009278                vTaskMissedYield
 .text.xTaskGetCurrentTaskHandle
                0x10009284        0xc CMakeFiles/LibraryAccessControl.dir/C_/FreeRTOS-Kernel/tasks.c.obj
                0x10009284                xTaskGetCurrentTaskHandle
 .text.xTaskPriorityInherit
                0x10009290       0x94 CMakeFiles/LibraryAccessControl.dir/C_/FreeRTOS-Kernel/tasks.c.obj
                0x10009290                xTaskPriorityInherit
 .text.xTaskPriorityDisinherit
                0x10009324       0x64 CMakeFiles/LibraryAccessControl.dir/C_/FreeRTOS-Kernel/tasks.c.obj
                0x10009324                xTaskPriorityDisinherit
 .text.vTaskPriorityDisinheritAfterTimeout
                0x10009388       0x7c CMakeFiles/LibraryAccessControl.dir/C_/FreeRTOS-Kernel/tasks.c.obj
                0x10009388                vTaskPriorityDisinheritAfterTimeout
 .text.uxTaskResetEventItemValue
                0x10009404       0x18 CMakeFiles/LibraryAccessControl.dir/C_/FreeRTOS-Kernel/tasks.c.obj
                0x10009404                uxTaskResetEventItemValue
 .text.pvTaskIncrementMutexHeldCount
                0x1000941c       0x14 CMakeFiles/LibraryAccessControl.dir/C_/FreeRTOS-Kernel/tasks.c.obj
                0x1000941c                pvTaskIncrementMutexHeldCount
 .text.prvTimerTask
                0x10009430      0x39c CMakeFiles/LibraryAccessControl.dir/C_/FreeRTOS-Kernel/timers.c.obj
 .text.xTimerCreateTimerTask
                0x100097cc       0x8c CMakeFiles/LibraryAccessControl.dir/C_/FreeRTOS-Kernel/timers.c.obj
                0x100097cc                xTimerCreateTimerTask
 .text.xTimerPendFunctionCallFromISR
                0x10009858       0x2c CMakeFiles/LibraryAccessControl.dir/C_/FreeRTOS-Kernel/timers.c.obj
                0x10009858                xTimerPendFunctionCallFromISR
 .text.exception_set_exclusive_handler
                0x10009884       0x48 CMakeFiles/LibraryAccessControl.dir/C_/Users/danni/.pico-sdk/sdk/2.1.1/src/rp2_common/hardware_exception/exception.c.obj
                0x10009884                exception_set_exclusive_handler
 .text.pvPortMalloc
                0x100098cc      0x124 CMakeFiles/LibraryAccessControl.dir/C_/FreeRTOS-Kernel/portable/MemMang/heap_4.c.obj
                0x100098cc                pvPortMalloc
 .text.vPortFree
                0x100099f0       0x98 CMakeFiles/LibraryAccessControl.dir/C_/FreeRTOS-Kernel/portable/MemMang/heap_4.c.obj
                0x100099f0                vPortFree
 .text.startup.boot_double_tap_check
                0x10009a88       0x5c CMakeFiles/LibraryAccessControl.dir/C_/Users/danni/.pico-sdk/sdk/2.1.1/src/rp2_common/pico_bootsel_via_double_reset/pico_bootsel_via_double_reset.c.obj
 .text.calloc   0x10009ae4       0x18 C:/Users/danni/.pico-sdk/toolchain/14_2_Rel1/bin/../lib/gcc/arm-none-eabi/14.2.1/thumb/v6-m/nofp\libg.a(libc_a-calloc.o)
                0x10009ae4                calloc
 .text._calloc_r
                0x10009afc       0xa8 C:/Users/danni/.pico-sdk/toolchain/14_2_Rel1/bin/../lib/gcc/arm-none-eabi/14.2.1/thumb/v6-m/nofp\libg.a(libc_a-callocr.o)
                0x10009afc                _calloc_r
 .text._malloc_r
                0x10009ba4      0x5cc C:/Users/danni/.pico-sdk/toolchain/14_2_Rel1/bin/../lib/gcc/arm-none-eabi/14.2.1/thumb/v6-m/nofp\libg.a(libc_a-mallocr.o)
                0x10009ba4                _malloc_r
 .text.__malloc_lock
                0x1000a170       0x10 C:/Users/danni/.pico-sdk/toolchain/14_2_Rel1/bin/../lib/gcc/arm-none-eabi/14.2.1/thumb/v6-m/nofp\libg.a(libc_a-mlock.o)
                0x1000a170                __malloc_lock
 .text.__malloc_unlock
                0x1000a180       0x10 C:/Users/danni/.pico-sdk/toolchain/14_2_Rel1/bin/../lib/gcc/arm-none-eabi/14.2.1/thumb/v6-m/nofp\libg.a(libc_a-mlock.o)
                0x1000a180                __malloc_unlock
 .text._sbrk_r  0x1000a190       0x24 C:/Users/danni/.pico-sdk/toolchain/14_2_Rel1/bin/../lib/gcc/arm-none-eabi/14.2.1/thumb/v6-m/nofp\libg.a(libc_a-sbrkr.o)
                0x1000a190                _sbrk_r
 .text.__errno  0x1000a1b4        0xc C:/Users/danni/.pico-sdk/toolchain/14_2_Rel1/bin/../lib/gcc/arm-none-eabi/14.2.1/thumb/v6-m/nofp\libg.a(libc_a-errno.o)
                0x1000a1b4                __errno
 .text.__retarget_lock_acquire_recursive
                0x1000a1c0        0x4 C:/Users/danni/.pico-sdk/toolchain/14_2_Rel1/bin/../lib/gcc/arm-none-eabi/14.2.1/thumb/v6-m/nofp\libg.a(libc_a-lock.o)
                0x1000a1c0                __retarget_lock_acquire_recursive
 .text.__retarget_lock_release_recursive
                0x1000a1c4        0x4 C:/Users/danni/.pico-sdk/toolchain/14_2_Rel1/bin/../lib/gcc/arm-none-eabi/14.2.1/thumb/v6-m/nofp\libg.a(libc_a-lock.o)
                0x1000a1c4                __retarget_lock_release_recursive
 .text.sysconf  0x1000a1c8       0x1c C:/Users/danni/.pico-sdk/toolchain/14_2_Rel1/bin/../lib/gcc/arm-none-eabi/14.2.1/thumb/v6-m/nofp\libg.a(libc_a-sysconf.o)
                0x1000a1c8                sysconf
 .text.strlen   0x1000a1e4       0x5c C:/Users/danni/.pico-sdk/toolchain/14_2_Rel1/bin/../lib/gcc/arm-none-eabi/14.2.1/thumb/v6-m/nofp\libg.a(libc_a-strlen-stub.o)
                0x1000a1e4                strlen
 .text._malloc_trim_r
                0x1000a240       0xb4 C:/Users/danni/.pico-sdk/toolchain/14_2_Rel1/bin/../lib/gcc/arm-none-eabi/14.2.1/thumb/v6-m/nofp\libg.a(libc_a-freer.o)
                0x1000a240                _malloc_trim_r
 .text._free_r  0x1000a2f4      0x1f0 C:/Users/danni/.pico-sdk/toolchain/14_2_Rel1/bin/../lib/gcc/arm-none-eabi/14.2.1/thumb/v6-m/nofp\libg.a(libc_a-freer.o)
                0x1000a2f4                _free_r
 *(.fini)
 .fini          0x1000a4e4        0x4 C:/Users/danni/.pico-sdk/toolchain/14_2_Rel1/bin/../lib/gcc/arm-none-eabi/14.2.1/thumb/v6-m/nofp/crti.o
                0x1000a4e4                _fini
 .fini.__stub   0x1000a4e8       0xd0 linker stubs
 *crtbegin.o(.ctors)
 *crtbegin?.o(.ctors)
 *(EXCLUDE_FILE(*crtend.o *crtend?.o) .ctors)
 *(SORT_BY_NAME(.ctors.*))
 *(.ctors)
 *crtbegin.o(.dtors)
 *crtbegin?.o(.dtors)
 *(EXCLUDE_FILE(*crtend.o *crtend?.o) .dtors)
 *(SORT_BY_NAME(.dtors.*))
 *(.dtors)
                0x1000a5b8                        . = ALIGN (0x4)
                0x1000a5b8                        PROVIDE (__preinit_array_start = .)
 *(SORT_BY_NAME(.preinit_array.*))
 .preinit_array.00100
                0x1000a5b8        0x4 CMakeFiles/LibraryAccessControl.dir/C_/Users/danni/.pico-sdk/sdk/2.1.1/src/rp2_common/pico_runtime_init/runtime_init.c.obj
                0x1000a5b8                __pre_init_runtime_init_early_resets
 .preinit_array.00101
                0x1000a5bc        0x4 CMakeFiles/LibraryAccessControl.dir/C_/Users/danni/.pico-sdk/sdk/2.1.1/src/rp2_common/pico_runtime_init/runtime_init.c.obj
                0x1000a5bc                __pre_init_runtime_init_usb_power_down
 .preinit_array.00275
                0x1000a5c0        0x4 CMakeFiles/LibraryAccessControl.dir/C_/Users/danni/.pico-sdk/sdk/2.1.1/src/rp2_common/pico_bit_ops/bit_ops_aeabi.S.obj
 .preinit_array.00300
                0x1000a5c4        0x4 CMakeFiles/LibraryAccessControl.dir/C_/Users/danni/.pico-sdk/sdk/2.1.1/src/rp2_common/pico_mem_ops/mem_ops_aeabi.S.obj
 .preinit_array.00350
                0x1000a5c8        0x4 CMakeFiles/LibraryAccessControl.dir/C_/Users/danni/.pico-sdk/sdk/2.1.1/src/rp2_common/pico_double/double_aeabi_rp2040.S.obj
 .preinit_array.00350
                0x1000a5cc        0x4 CMakeFiles/LibraryAccessControl.dir/C_/Users/danni/.pico-sdk/sdk/2.1.1/src/rp2_common/pico_float/float_aeabi_rp2040.S.obj
 .preinit_array.00500
                0x1000a5d0        0x4 CMakeFiles/LibraryAccessControl.dir/C_/Users/danni/.pico-sdk/sdk/2.1.1/src/rp2_common/pico_runtime_init/runtime_init.c.obj
                0x1000a5d0                __pre_init_runtime_init_clocks
 .preinit_array.00600
                0x1000a5d4        0x4 CMakeFiles/LibraryAccessControl.dir/C_/Users/danni/.pico-sdk/sdk/2.1.1/src/rp2_common/pico_runtime_init/runtime_init.c.obj
                0x1000a5d4                __pre_init_runtime_init_post_clock_resets
 .preinit_array.00700
                0x1000a5d8        0x4 CMakeFiles/LibraryAccessControl.dir/C_/Users/danni/.pico-sdk/sdk/2.1.1/src/rp2_common/pico_runtime_init/runtime_init.c.obj
                0x1000a5d8                __pre_init_runtime_init_rp2040_gpio_ie_disable
 .preinit_array.01000
                0x1000a5dc        0x4 CMakeFiles/LibraryAccessControl.dir/C_/Users/danni/.pico-sdk/sdk/2.1.1/src/rp2_common/pico_runtime_init/runtime_init.c.obj
                0x1000a5dc                __pre_init_runtime_init_spin_locks_reset
 .preinit_array.01100
                0x1000a5e0        0x4 CMakeFiles/LibraryAccessControl.dir/C_/Users/danni/.pico-sdk/sdk/2.1.1/src/common/pico_sync/mutex.c.obj
                0x1000a5e0                __pre_init_runtime_init_mutex
 .preinit_array.10080
                0x1000a5e4        0x4 CMakeFiles/LibraryAccessControl.dir/C_/Users/danni/.pico-sdk/sdk/2.1.1/src/rp2_common/pico_runtime_init/runtime_init.c.obj
                0x1000a5e4                __pre_init_runtime_init_install_ram_vector_table
 .preinit_array.11000
                0x1000a5e8        0x4 CMakeFiles/LibraryAccessControl.dir/C_/Users/danni/.pico-sdk/sdk/2.1.1/src/common/pico_time/time.c.obj
                0x1000a5e8                __pre_init_runtime_init_default_alarm_pool
 .preinit_array.YYYYY
                0x1000a5ec        0x4 CMakeFiles/LibraryAccessControl.dir/C_/Users/danni/.pico-sdk/sdk/2.1.1/src/rp2_common/pico_runtime/runtime.c.obj
                0x1000a5ec                __pre_init_first_per_core_initializer
 .preinit_array.ZZZZZ.01200
                0x1000a5f0        0x4 CMakeFiles/LibraryAccessControl.dir/C_/Users/danni/.pico-sdk/sdk/2.1.1/src/rp2_common/hardware_irq/irq.c.obj
                0x1000a5f0                __pre_init_runtime_init_per_core_irq_priorities
 *(.preinit_array)
                0x1000a5f4                        PROVIDE (__preinit_array_end = .)
                0x1000a5f4                        . = ALIGN (0x4)
                0x1000a5f4                        PROVIDE (__init_array_start = .)
 *(SORT_BY_NAME(.init_array.*))
 *(.init_array)
 .init_array    0x1000a5f4        0x4 C:/Users/danni/.pico-sdk/toolchain/14_2_Rel1/bin/../lib/gcc/arm-none-eabi/14.2.1/thumb/v6-m/nofp/crtbegin.o
 .init_array    0x1000a5f8        0x4 CMakeFiles/LibraryAccessControl.dir/C_/Users/danni/.pico-sdk/sdk/2.1.1/src/rp2_common/pico_unique_id/unique_id.c.obj
 .init_array    0x1000a5fc        0x4 CMakeFiles/LibraryAccessControl.dir/C_/FreeRTOS-Kernel/portable/ThirdParty/GCC/RP2040/port.c.obj
 .init_array    0x1000a600        0x4 CMakeFiles/LibraryAccessControl.dir/C_/Users/danni/.pico-sdk/sdk/2.1.1/src/rp2_common/pico_bootsel_via_double_reset/pico_bootsel_via_double_reset.c.obj
                0x1000a604                        PROVIDE (__init_array_end = .)
                0x1000a604                        . = ALIGN (0x4)
                [!provide]                        PROVIDE (__fini_array_start = .)
 *(SORT_BY_NAME(.fini_array.*))
 *(.fini_array)
                [!provide]                        PROVIDE (__fini_array_end = .)
 *(.eh_frame*)
 .eh_frame      0x1000a604        0x0 C:/Users/danni/.pico-sdk/toolchain/14_2_Rel1/bin/../lib/gcc/arm-none-eabi/14.2.1/thumb/v6-m/nofp/crtbegin.o
                0x1000a604                        . = ALIGN (0x4)

.glue_7         0x1000a604        0x0
 .glue_7        0x1000a604        0x0 linker stubs

.glue_7t        0x1000a604        0x0
 .glue_7t       0x1000a604        0x0 linker stubs

.vfp11_veneer   0x1000a604        0x0
 .vfp11_veneer  0x1000a604        0x0 linker stubs

.v4_bx          0x1000a604        0x0
 .v4_bx         0x1000a604        0x0 linker stubs

.iplt           0x1000a604        0x0
 .iplt          0x1000a604        0x0 C:/Users/danni/.pico-sdk/toolchain/14_2_Rel1/bin/../lib/gcc/arm-none-eabi/14.2.1/thumb/v6-m/nofp/crtbegin.o

.rodata         0x1000a608      0xa34
 *(EXCLUDE_FILE(*libm.a: *libc.a:*lib_a-mem*.o *libgcc.a:) .rodata*)
 .rodata.vDisplayTask.str1.4
                0x1000a608      0x25c CMakeFiles/LibraryAccessControl.dir/LibraryAccessControl.c.obj
                                 0x21 (size before relaxing)
 .rodata.vTaskEntrada.str1.4
                0x1000a864       0x1f CMakeFiles/LibraryAccessControl.dir/LibraryAccessControl.c.obj
 .rodata.vTaskSaida.str1.4
                0x1000a864       0x18 CMakeFiles/LibraryAccessControl.dir/LibraryAccessControl.c.obj
 .rodata.main.str1.4
                0x1000a864       0x24 CMakeFiles/LibraryAccessControl.dir/LibraryAccessControl.c.obj
 .rodata.font   0x1000a864      0x2f8 CMakeFiles/LibraryAccessControl.dir/lib/ssd1306.c.obj
 .rodata.panic.str1.4
                0x1000ab5c       0x12 CMakeFiles/LibraryAccessControl.dir/C_/Users/danni/.pico-sdk/sdk/2.1.1/src/rp2_common/pico_platform_panic/panic.c.obj
 .rodata.panic_unsupported.str1.4
                0x1000ab5c        0xe CMakeFiles/LibraryAccessControl.dir/C_/Users/danni/.pico-sdk/sdk/2.1.1/src/rp2_common/pico_platform_panic/panic.c.obj
 .rodata.spin_lock_claim_unused.str1.4
                0x1000ab5c       0x1b CMakeFiles/LibraryAccessControl.dir/C_/Users/danni/.pico-sdk/sdk/2.1.1/src/rp2_common/hardware_sync/sync.c.obj
 .rodata.user_irq_claim_unused.str1.4
                0x1000ab5c       0x1b CMakeFiles/LibraryAccessControl.dir/C_/Users/danni/.pico-sdk/sdk/2.1.1/src/rp2_common/hardware_irq/irq.c.obj
 .rodata.timer_hardware_alarm_claim.str1.4
                0x1000ab5c       0x22 CMakeFiles/LibraryAccessControl.dir/C_/Users/danni/.pico-sdk/sdk/2.1.1/src/rp2_common/hardware_timer/timer.c.obj
 .rodata.hard_assertion_failure.str1.4
                0x1000ab5c        0xc CMakeFiles/LibraryAccessControl.dir/C_/Users/danni/.pico-sdk/sdk/2.1.1/src/rp2_common/pico_runtime/runtime.c.obj
 .rodata.missing_double_func_shim.str1.4
                0x1000ab5c       0x18 CMakeFiles/LibraryAccessControl.dir/C_/Users/danni/.pico-sdk/sdk/2.1.1/src/rp2_common/pico_double/double_init_rom_rp2040.c.obj
 .rodata.missing_float_func_shim.str1.4
                0x1000ab5c        0x1 CMakeFiles/LibraryAccessControl.dir/C_/Users/danni/.pico-sdk/sdk/2.1.1/src/rp2_common/pico_float/float_init_rom_rp2040.c.obj
 .rodata.__wrap_malloc.str1.4
                0x1000ab5c        0xe CMakeFiles/LibraryAccessControl.dir/C_/Users/danni/.pico-sdk/sdk/2.1.1/src/rp2_common/pico_malloc/malloc.c.obj
 .rodata.str1.4
                0x1000ab5c       0x4c CMakeFiles/LibraryAccessControl.dir/C_/Users/danni/.pico-sdk/sdk/2.1.1/src/rp2_common/pico_standard_binary_info/standard_binary_info.c.obj
 .rodata.__bi_84
                0x1000ab5c        0xc CMakeFiles/LibraryAccessControl.dir/C_/Users/danni/.pico-sdk/sdk/2.1.1/src/rp2_common/pico_standard_binary_info/standard_binary_info.c.obj
 .rodata.__bi_78
                0x1000ab68        0xc CMakeFiles/LibraryAccessControl.dir/C_/Users/danni/.pico-sdk/sdk/2.1.1/src/rp2_common/pico_standard_binary_info/standard_binary_info.c.obj
 .rodata.__bi_54
                0x1000ab74        0xc CMakeFiles/LibraryAccessControl.dir/C_/Users/danni/.pico-sdk/sdk/2.1.1/src/rp2_common/pico_standard_binary_info/standard_binary_info.c.obj
 .rodata.__bi_48
                0x1000ab80        0xc CMakeFiles/LibraryAccessControl.dir/C_/Users/danni/.pico-sdk/sdk/2.1.1/src/rp2_common/pico_standard_binary_info/standard_binary_info.c.obj
 .rodata.__bi_42
                0x1000ab8c        0xc CMakeFiles/LibraryAccessControl.dir/C_/Users/danni/.pico-sdk/sdk/2.1.1/src/rp2_common/pico_standard_binary_info/standard_binary_info.c.obj
 .rodata.__bi_34
                0x1000ab98        0xc CMakeFiles/LibraryAccessControl.dir/C_/Users/danni/.pico-sdk/sdk/2.1.1/src/rp2_common/pico_standard_binary_info/standard_binary_info.c.obj
 .rodata.__bi_26
                0x1000aba4        0xc CMakeFiles/LibraryAccessControl.dir/C_/Users/danni/.pico-sdk/sdk/2.1.1/src/rp2_common/pico_standard_binary_info/standard_binary_info.c.obj
 .rodata._ftoa.str1.4
                0x1000abb0       0x15 CMakeFiles/LibraryAccessControl.dir/C_/Users/danni/.pico-sdk/sdk/2.1.1/src/rp2_common/pico_printf/printf.c.obj
 .rodata._vsnprintf
                0x1000abb0      0x19c CMakeFiles/LibraryAccessControl.dir/C_/Users/danni/.pico-sdk/sdk/2.1.1/src/rp2_common/pico_printf/printf.c.obj
 *fill*         0x1000ad4c        0x4 
 .rodata.pow10.0
                0x1000ad50       0x50 CMakeFiles/LibraryAccessControl.dir/C_/Users/danni/.pico-sdk/sdk/2.1.1/src/rp2_common/pico_printf/printf.c.obj
 .rodata.crlf_str.0
                0x1000ada0        0x2 CMakeFiles/LibraryAccessControl.dir/C_/Users/danni/.pico-sdk/sdk/2.1.1/src/rp2_common/pico_stdio/stdio.c.obj
 *fill*         0x1000ada2        0x2 
 .rodata._resetd_driver
                0x1000ada4       0x20 CMakeFiles/LibraryAccessControl.dir/C_/Users/danni/.pico-sdk/sdk/2.1.1/src/rp2_common/pico_stdio_usb/reset_interface.c.obj
 .rodata.desc_ms_os_20
                0x1000adc4       0xa6 CMakeFiles/LibraryAccessControl.dir/C_/Users/danni/.pico-sdk/sdk/2.1.1/src/rp2_common/pico_stdio_usb/reset_interface.c.obj
 *fill*         0x1000ae6a        0x2 
 .rodata.desc_bos
                0x1000ae6c       0x21 CMakeFiles/LibraryAccessControl.dir/C_/Users/danni/.pico-sdk/sdk/2.1.1/src/rp2_common/pico_stdio_usb/reset_interface.c.obj
                0x1000ae6c                desc_bos
 .rodata.str1.4
                0x1000ae8d       0x13 CMakeFiles/LibraryAccessControl.dir/C_/Users/danni/.pico-sdk/sdk/2.1.1/src/rp2_common/pico_stdio_usb/stdio_usb.c.obj
 *fill*         0x1000ae8d        0x3 
 .rodata.__bi_197.0
                0x1000ae90        0xc CMakeFiles/LibraryAccessControl.dir/C_/Users/danni/.pico-sdk/sdk/2.1.1/src/rp2_common/pico_stdio_usb/stdio_usb.c.obj
 .rodata.str1.4
                0x1000ae9c       0x2a CMakeFiles/LibraryAccessControl.dir/C_/Users/danni/.pico-sdk/sdk/2.1.1/src/rp2_common/pico_stdio_usb/stdio_usb_descriptors.c.obj
 .rodata.usbd_desc_str
                0x1000ae9c       0x18 CMakeFiles/LibraryAccessControl.dir/C_/Users/danni/.pico-sdk/sdk/2.1.1/src/rp2_common/pico_stdio_usb/stdio_usb_descriptors.c.obj
 .rodata.usbd_desc_cfg
                0x1000aeb4       0x54 CMakeFiles/LibraryAccessControl.dir/C_/Users/danni/.pico-sdk/sdk/2.1.1/src/rp2_common/pico_stdio_usb/stdio_usb_descriptors.c.obj
 .rodata.usbd_desc_device
                0x1000af08       0x12 CMakeFiles/LibraryAccessControl.dir/C_/Users/danni/.pico-sdk/sdk/2.1.1/src/rp2_common/pico_stdio_usb/stdio_usb_descriptors.c.obj
 .rodata.str1.4
                0x1000af1a       0x14 CMakeFiles/LibraryAccessControl.dir/C_/Users/danni/.pico-sdk/sdk/2.1.1/lib/tinyusb/src/portable/raspberrypi/rp2040/dcd_rp2040.c.obj
 .rodata.str1.4
                0x1000af1a       0x48 CMakeFiles/LibraryAccessControl.dir/C_/Users/danni/.pico-sdk/sdk/2.1.1/lib/tinyusb/src/portable/raspberrypi/rp2040/rp2040_usb.c.obj
 *fill*         0x1000af1a        0x2 
 .rodata.tud_task_ext
                0x1000af1c       0x8c CMakeFiles/LibraryAccessControl.dir/C_/Users/danni/.pico-sdk/sdk/2.1.1/lib/tinyusb/src/device/usbd.c.obj
 .rodata        0x1000afa8       0x1c CMakeFiles/LibraryAccessControl.dir/C_/Users/danni/.pico-sdk/sdk/2.1.1/lib/tinyusb/src/device/usbd.c.obj
 .rodata._usbd_driver
                0x1000afc4       0x40 CMakeFiles/LibraryAccessControl.dir/C_/Users/danni/.pico-sdk/sdk/2.1.1/lib/tinyusb/src/device/usbd.c.obj
 .rodata.uxTopUsedPriority
                0x1000b004        0x4 CMakeFiles/LibraryAccessControl.dir/C_/FreeRTOS-Kernel/tasks.c.obj
 .rodata.prvTimerTask
                0x1000b008       0x28 CMakeFiles/LibraryAccessControl.dir/C_/FreeRTOS-Kernel/timers.c.obj
 .rodata.xTimerCreateTimerTask.str1.4
                0x1000b030       0x10 CMakeFiles/LibraryAccessControl.dir/C_/FreeRTOS-Kernel/timers.c.obj
 .rodata.str1.4
                0x1000b030       0x18 CMakeFiles/LibraryAccessControl.dir/C_/Users/danni/.pico-sdk/sdk/2.1.1/src/rp2_common/pico_bootsel_via_double_reset/pico_bootsel_via_double_reset.c.obj
 .rodata.__bi_50
                0x1000b030        0xc CMakeFiles/LibraryAccessControl.dir/C_/Users/danni/.pico-sdk/sdk/2.1.1/src/rp2_common/pico_bootsel_via_double_reset/pico_bootsel_via_double_reset.c.obj
                0x1000b048                        . = ALIGN (0x4)
 *(SORT_BY_ALIGNMENT(SORT_BY_NAME(.flashdata*)))
                0x1000b048                        . = ALIGN (0x4)

.ARM.extab
 *(.ARM.extab* .gnu.linkonce.armextab.*)
                0x1000b03c                        __exidx_start = .

.ARM.exidx
 *(.ARM.exidx* .gnu.linkonce.armexidx.*)
                0x1000b03c                        __exidx_end = .
                0x1000b048                        . = ALIGN (0x4)
                0x1000b03c                        __binary_info_start = .

.binary_info    0x1000b03c       0x24
 *(.binary_info.keep.*)
 .binary_info.keep.__bi_ptr84
                0x1000b03c        0x4 CMakeFiles/LibraryAccessControl.dir/C_/Users/danni/.pico-sdk/sdk/2.1.1/src/rp2_common/pico_standard_binary_info/standard_binary_info.c.obj
 .binary_info.keep.__bi_ptr78
                0x1000b040        0x4 CMakeFiles/LibraryAccessControl.dir/C_/Users/danni/.pico-sdk/sdk/2.1.1/src/rp2_common/pico_standard_binary_info/standard_binary_info.c.obj
 .binary_info.keep.__bi_ptr54
                0x1000b044        0x4 CMakeFiles/LibraryAccessControl.dir/C_/Users/danni/.pico-sdk/sdk/2.1.1/src/rp2_common/pico_standard_binary_info/standard_binary_info.c.obj
 .binary_info.keep.__bi_ptr48
                0x1000b048        0x4 CMakeFiles/LibraryAccessControl.dir/C_/Users/danni/.pico-sdk/sdk/2.1.1/src/rp2_common/pico_standard_binary_info/standard_binary_info.c.obj
 .binary_info.keep.__bi_ptr42
                0x1000b04c        0x4 CMakeFiles/LibraryAccessControl.dir/C_/Users/danni/.pico-sdk/sdk/2.1.1/src/rp2_common/pico_standard_binary_info/standard_binary_info.c.obj
 .binary_info.keep.__bi_ptr34
                0x1000b050        0x4 CMakeFiles/LibraryAccessControl.dir/C_/Users/danni/.pico-sdk/sdk/2.1.1/src/rp2_common/pico_standard_binary_info/standard_binary_info.c.obj
 .binary_info.keep.__bi_ptr26
                0x1000b054        0x4 CMakeFiles/LibraryAccessControl.dir/C_/Users/danni/.pico-sdk/sdk/2.1.1/src/rp2_common/pico_standard_binary_info/standard_binary_info.c.obj
 .binary_info.keep.__bi_ptr50
                0x1000b058        0x4 CMakeFiles/LibraryAccessControl.dir/C_/Users/danni/.pico-sdk/sdk/2.1.1/src/rp2_common/pico_bootsel_via_double_reset/pico_bootsel_via_double_reset.c.obj
 *(.binary_info.*)
 .binary_info.__bi_ptr197
                0x1000b05c        0x4 CMakeFiles/LibraryAccessControl.dir/C_/Users/danni/.pico-sdk/sdk/2.1.1/src/rp2_common/pico_stdio_usb/stdio_usb.c.obj
                0x1000b060                        __binary_info_end = .

.rel.dyn        0x1000b060        0x0
 .rel.iplt      0x1000b060        0x0 C:/Users/danni/.pico-sdk/toolchain/14_2_Rel1/bin/../lib/gcc/arm-none-eabi/14.2.1/thumb/v6-m/nofp/crtbegin.o
                0x1000b060                        . = ALIGN (0x4)

.ram_vector_table
                0x20000000       0xc0
 *(.ram_vector_table)
 .ram_vector_table
                0x20000000       0xc0 CMakeFiles/LibraryAccessControl.dir/C_/Users/danni/.pico-sdk/sdk/2.1.1/src/rp2_common/pico_runtime_init/runtime_init.c.obj
                0x20000000                ram_vector_table

.uninitialized_data
                0x200000c0        0xc
                0x200000c0                        . = ALIGN (0x4)
 *(.uninitialized_data*)
 .uninitialized_data.magic_location
                0x200000c0        0xc CMakeFiles/LibraryAccessControl.dir/C_/Users/danni/.pico-sdk/sdk/2.1.1/src/rp2_common/pico_bootsel_via_double_reset/pico_bootsel_via_double_reset.c.obj

.data           0x200000d0     0x1568 load address 0x1000b060
                0x200000d0                        __data_start__ = .
 *(vtable)
 *(.time_critical*)
 .time_critical.mutex_enter_blocking
                0x200000d0       0x3c CMakeFiles/LibraryAccessControl.dir/C_/Users/danni/.pico-sdk/sdk/2.1.1/src/common/pico_sync/mutex.c.obj
                0x200000d0                mutex_enter_blocking
 .time_critical.mutex_try_enter
                0x2000010c       0x40 CMakeFiles/LibraryAccessControl.dir/C_/Users/danni/.pico-sdk/sdk/2.1.1/src/common/pico_sync/mutex.c.obj
                0x2000010c                mutex_try_enter
 .time_critical.mutex_try_enter_block_until
                0x2000014c       0xa0 CMakeFiles/LibraryAccessControl.dir/C_/Users/danni/.pico-sdk/sdk/2.1.1/src/common/pico_sync/mutex.c.obj
                0x2000014c                mutex_try_enter_block_until
 .time_critical.mutex_enter_timeout_ms
                0x200001ec       0x74 CMakeFiles/LibraryAccessControl.dir/C_/Users/danni/.pico-sdk/sdk/2.1.1/src/common/pico_sync/mutex.c.obj
                0x200001ec                mutex_enter_timeout_ms
 .time_critical.mutex_exit
                0x20000260       0x20 CMakeFiles/LibraryAccessControl.dir/C_/Users/danni/.pico-sdk/sdk/2.1.1/src/common/pico_sync/mutex.c.obj
                0x20000260                mutex_exit
 .time_critical.flash_init_boot2_copyout
                0x20000280       0x30 CMakeFiles/LibraryAccessControl.dir/C_/Users/danni/.pico-sdk/sdk/2.1.1/src/rp2_common/hardware_flash/flash.c.obj
 .time_critical.flash_enable_xip_via_boot2
                0x200002b0        0xc CMakeFiles/LibraryAccessControl.dir/C_/Users/danni/.pico-sdk/sdk/2.1.1/src/rp2_common/hardware_flash/flash.c.obj
 .time_critical.flash_cs_force